Component: ARM Compiler 5.06 update 7 (build 960) Tool: armlink [4d3601]

==============================================================================

Section Cross References

    main.o(i.HAL_TIM_PeriodElapsedCallback) refers to stm32f4xx_hal.o(i.HAL_IncTick) for HAL_IncTick
    main.o(i.SystemClock_Config) refers to memseta.o(.text) for __aeabi_memclr4
    main.o(i.SystemClock_Config) refers to stm32f4xx_hal_rcc.o(i.HAL_RCC_OscConfig) for HAL_RCC_OscConfig
    main.o(i.SystemClock_Config) refers to main.o(i.Error_Handler) for Error_Handler
    main.o(i.SystemClock_Config) refers to stm32f4xx_hal_rcc.o(i.HAL_RCC_ClockConfig) for HAL_RCC_ClockConfig
    main.o(i.main) refers to stm32f4xx_hal.o(i.HAL_Init) for HAL_Init
    main.o(i.main) refers to main.o(i.SystemClock_Config) for SystemClock_Config
    main.o(i.main) refers to gpio.o(i.MX_GPIO_Init) for MX_GPIO_Init
    main.o(i.main) refers to dma.o(i.MX_DMA_Init) for MX_DMA_Init
    main.o(i.main) refers to spi.o(i.MX_SPI1_Init) for MX_SPI1_Init
    main.o(i.main) refers to tim.o(i.MX_TIM5_Init) for MX_TIM5_Init
    main.o(i.main) refers to i2c.o(i.MX_I2C3_Init) for MX_I2C3_Init
    main.o(i.main) refers to tim.o(i.MX_TIM10_Init) for MX_TIM10_Init
    main.o(i.main) refers to usart.o(i.MX_USART1_UART_Init) for MX_USART1_UART_Init
    main.o(i.main) refers to can.o(i.MX_CAN2_Init) for MX_CAN2_Init
    main.o(i.main) refers to tim.o(i.MX_TIM4_Init) for MX_TIM4_Init
    main.o(i.main) refers to can.o(i.MX_CAN1_Init) for MX_CAN1_Init
    main.o(i.main) refers to usart.o(i.MX_USART3_UART_Init) for MX_USART3_UART_Init
    main.o(i.main) refers to usart.o(i.MX_USART6_UART_Init) for MX_USART6_UART_Init
    main.o(i.main) refers to tim.o(i.MX_TIM1_Init) for MX_TIM1_Init
    main.o(i.main) refers to tim.o(i.MX_TIM8_Init) for MX_TIM8_Init
    main.o(i.main) refers to freertos.o(i.MX_FREERTOS_Init) for MX_FREERTOS_Init
    main.o(i.main) refers to cmsis_os.o(i.osKernelStart) for osKernelStart
    gpio.o(i.MX_GPIO_Init) refers to memseta.o(.text) for __aeabi_memclr4
    gpio.o(i.MX_GPIO_Init) refers to stm32f4xx_hal_gpio.o(i.HAL_GPIO_WritePin) for HAL_GPIO_WritePin
    gpio.o(i.MX_GPIO_Init) refers to stm32f4xx_hal_gpio.o(i.HAL_GPIO_Init) for HAL_GPIO_Init
    gpio.o(i.MX_GPIO_Init) refers to stm32f4xx_hal_cortex.o(i.HAL_NVIC_SetPriority) for HAL_NVIC_SetPriority
    gpio.o(i.MX_GPIO_Init) refers to stm32f4xx_hal_cortex.o(i.HAL_NVIC_EnableIRQ) for HAL_NVIC_EnableIRQ
    freertos.o(i.All_Init_Run) refers to port.o(i.vPortEnterCritical) for vPortEnterCritical
    freertos.o(i.All_Init_Run) refers to bsp_delay.o(i.delay_init) for delay_init
    freertos.o(i.All_Init_Run) refers to bsp_buzzer.o(i.Buzzer_Init) for Buzzer_Init
    freertos.o(i.All_Init_Run) refers to calibrate_task.o(i.cali_param_init) for cali_param_init
    freertos.o(i.All_Init_Run) refers to bsp_can.o(i.CAN_1_Filter_Config) for CAN_1_Filter_Config
    freertos.o(i.All_Init_Run) refers to bsp_can.o(i.CAN_2_Filter_Config) for CAN_2_Filter_Config
    freertos.o(i.All_Init_Run) refers to chassis_control.o(i.Robot_Init) for Robot_Init
    freertos.o(i.All_Init_Run) refers to chassis_control.o(i.Chassis_Init) for Chassis_Init
    freertos.o(i.All_Init_Run) refers to stm32f4xx_hal_tim.o(i.HAL_TIM_Base_Start) for HAL_TIM_Base_Start
    freertos.o(i.All_Init_Run) refers to tim.o(i.HAL_TIM_MspPostInit) for HAL_TIM_MspPostInit
    freertos.o(i.All_Init_Run) refers to stm32f4xx_hal_tim.o(i.HAL_TIM_PWM_Start) for HAL_TIM_PWM_Start
    freertos.o(i.All_Init_Run) refers to memcpya.o(.text) for __aeabi_memcpy4
    freertos.o(i.All_Init_Run) refers to cmsis_os.o(i.osThreadCreate) for osThreadCreate
    freertos.o(i.All_Init_Run) refers to port.o(i.vPortExitCritical) for vPortExitCritical
    freertos.o(i.All_Init_Run) refers to tasks.o(i.vTaskDelete) for vTaskDelete
    freertos.o(i.All_Init_Run) refers to dr16_remote.o(.data) for DR16_Fun
    freertos.o(i.All_Init_Run) refers to usart.o(.bss) for huart3
    freertos.o(i.All_Init_Run) refers to control_vision.o(.data) for Control_Vision_FUN
    freertos.o(i.All_Init_Run) refers to tim.o(.bss) for htim1
    freertos.o(i.All_Init_Run) refers to can.o(.bss) for hcan1
    freertos.o(i.All_Init_Run) refers to freertos.o(.constdata) for .constdata
    freertos.o(i.All_Init_Run) refers to freertos.o(.data) for Task_ControlHandle
    freertos.o(i.MX_FREERTOS_Init) refers to queue.o(i.xQueueGenericCreate) for xQueueGenericCreate
    freertos.o(i.MX_FREERTOS_Init) refers to cmsis_os.o(i.osMessageCreate) for osMessageCreate
    freertos.o(i.MX_FREERTOS_Init) refers to memcpya.o(.text) for __aeabi_memcpy4
    freertos.o(i.MX_FREERTOS_Init) refers to cmsis_os.o(i.osThreadCreate) for osThreadCreate
    freertos.o(i.MX_FREERTOS_Init) refers to freertos.o(.data) for CAN2_Queue
    freertos.o(i.MX_FREERTOS_Init) refers to freertos.o(.constdata) for .constdata
    freertos.o(i.vApplicationGetIdleTaskMemory) refers to freertos.o(.bss) for xIdleTaskTCBBuffer
[...]
    vTaskDelayUntil                          0x080105c9   Thumb Code   200  tasks.o(i.vTaskDelayUntil)
    vTaskDelete                              0x0801069d   Thumb Code   202  tasks.o(i.vTaskDelete)
    vTaskInternalSetTimeOutState             0x08010791   Thumb Code    14  tasks.o(i.vTaskInternalSetTimeOutState)
    vTaskMissedYield                         0x080107a9   Thumb Code     8  tasks.o(i.vTaskMissedYield)
    vTaskNotifyGiveFromISR                   0x080107b5   Thumb Code   214  tasks.o(i.vTaskNotifyGiveFromISR)
    vTaskPlaceOnEventList                    0x080108a5   Thumb Code    52  tasks.o(i.vTaskPlaceOnEventList)
    vTaskPlaceOnEventListRestricted          0x080108dd   Thumb Code    60  tasks.o(i.vTaskPlaceOnEventListRestricted)
    vTaskStartScheduler                      0x0801091d   Thumb Code   156  tasks.o(i.vTaskStartScheduler)
    vTaskSuspendAll                          0x080109d5   Thumb Code    12  tasks.o(i.vTaskSuspendAll)
    vTaskSwitchContext                       0x080109e5   Thumb Code   118  tasks.o(i.vTaskSwitchContext)
    ws2812_init                              0x08010a71   Thumb Code    52  ws2812.o(i.ws2812_init)
    ws2812_set_RGB                           0x08010aad   Thumb Code   100  ws2812.o(i.ws2812_set_RGB)
    ws2812_stauts                            0x08010b15   Thumb Code    62  ws2812.o(i.ws2812_stauts)
    xPortStartScheduler                      0x08010b5d   Thumb Code   330  port.o(i.xPortStartScheduler)
    xQueueGenericCreate                      0x08010cc5   Thumb Code    90  queue.o(i.xQueueGenericCreate)
    xQueueGenericCreateStatic                0x08010d1f   Thumb Code   224  queue.o(i.xQueueGenericCreateStatic)
    xQueueGenericReset                       0x08010e01   Thumb Code   146  queue.o(i.xQueueGenericReset)
    xQueueGenericSend                        0x08010e99   Thumb Code   420  queue.o(i.xQueueGenericSend)
    xQueueGenericSendFromISR                 0x08011041   Thumb Code   252  queue.o(i.xQueueGenericSendFromISR)
    xQueueReceive                            0x0801113d   Thumb Code   356  queue.o(i.xQueueReceive)
    xTaskCheckForTimeOut                     0x080112a5   Thumb Code   156  tasks.o(i.xTaskCheckForTimeOut)
    xTaskCreate                              0x0801134d   Thumb Code   100  tasks.o(i.xTaskCreate)
    xTaskCreateStatic                        0x080113b1   Thumb Code   186  tasks.o(i.xTaskCreateStatic)
    xTaskGetHandle                           0x0801146d   Thumb Code   142  tasks.o(i.xTaskGetHandle)
    xTaskGetSchedulerState                   0x08011511   Thumb Code    24  tasks.o(i.xTaskGetSchedulerState)
    xTaskGetTickCount                        0x08011531   Thumb Code     6  tasks.o(i.xTaskGetTickCount)
    xTaskIncrementTick                       0x0801153d   Thumb Code   282  tasks.o(i.xTaskIncrementTick)
    xTaskPriorityDisinherit                  0x08011685   Thumb Code   188  tasks.o(i.xTaskPriorityDisinherit)
    xTaskRemoveFromEventList                 0x0801174d   Thumb Code   128  tasks.o(i.xTaskRemoveFromEventList)
    xTaskResumeAll                           0x080117e5   Thumb Code   224  tasks.o(i.xTaskResumeAll)
    xTimerCreateTimerTask                    0x080118e9   Thumb Code   100  timers.o(i.xTimerCreateTimerTask)
    xTimerGenericCommand                     0x08011961   Thumb Code   128  timers.o(i.xTimerGenericCommand)
    MyCRC8Tab                                0x08011b58   Data         256  crc.o(.constdata)
    AHBPrescTable                            0x08011c58   Data          16  system_stm32f4xx.o(.constdata)
    APBPrescTable                            0x08011c68   Data           8  system_stm32f4xx.o(.constdata)
    Region$$Table$$Base                      0x08011ce8   Number         0  anon$$obj.o(Region$$Table)
    Region$$Table$$Limit                     0x08011d08   Number         0  anon$$obj.o(Region$$Table)
    calibrate_tast_handle                    0x20000000   Data           4  freertos.o(.data)
    imuTaskHandle                            0x20000004   Data           4  freertos.o(.data)
    led_RGB_flow_handle                      0x20000008   Data           4  freertos.o(.data)
    CAN2_Queue                               0x2000000c   Data           4  freertos.o(.data)
    CAN1_ReceiveHandle                       0x20000010   Data           4  freertos.o(.data)
    CAN2_ReceiveHandle                       0x20000014   Data           4  freertos.o(.data)
    IMU_Send_TaskHandle                      0x20000018   Data           4  freertos.o(.data)
    CAN1_TaskHandle                          0x2000001c   Data           4  freertos.o(.data)
    CAN2_TaskHandle                          0x20000020   Data           4  freertos.o(.data)
    Debug_TaskHandle                         0x20000024   Data           4  freertos.o(.data)
    Task_ControlHandle                       0x20000028   Data           4  freertos.o(.data)
    Host_Handle                              0x2000002c   Data           4  freertos.o(.data)
    All_InitHandle                           0x20000030   Data           4  freertos.o(.data)
    Last_Mode                                0x20000038   Data           4  stm32f4xx_it.o(.data)
    BMI088_ACCEL_SEN                         0x2000003c   Data           4  bmi088driver.o(.data)
    BMI088_GYRO_SEN                          0x20000040   Data           4  bmi088driver.o(.data)
    Euler_Send                               0x20000068   Data           8  dji_imu.o(.data)
    Gyro_Send                                0x20000070   Data           8  dji_imu.o(.data)
    IMU_CAL                                  0x20000078   Data           2  dji_imu.o(.data)
    M2006_Array                              0x2000007c   Data          12  m2006_motor.o(.data)
    M2006_FUN                                0x20000088   Data           8  m2006_motor.o(.data)
    M6020_Array                              0x20000090   Data          24  m6020_motor.o(.data)
    ControlSwitch                            0x200000a8   Data           2  dr16_remote.o(.data)
    DR16_Export_Data                         0x200000ac   Data          72  dr16_remote.o(.data)
    DR16_Fun                                 0x200000f4   Data          24  dr16_remote.o(.data)
    WS2812_STATUS                            0x2000010c   Data           4  ws2812.o(.data)
    Maga_Open                                0x20000110   Data           2  ws2812.o(.data)
    Cloud_Pitch_error                        0x20000114   Data           4  cloud_control.o(.data)
    Cloud_Yaw_error                          0x20000118   Data           4  cloud_control.o(.data)
    Last_Yaw_error                           0x2000011c   Data           4  cloud_control.o(.data)
    Last_Pitch_error                         0x20000120   Data           4  cloud_control.o(.data)
    pitch_start                              0x20000124   Data           4  cloud_control.o(.data)
    onlineyaw                                0x20000128   Data           4  cloud_control.o(.data)
    last_onlineyaw                           0x2000012c   Data           4  cloud_control.o(.data)
    change_online                            0x20000130   Data           4  cloud_control.o(.data)
    gogodeng                                 0x20000134   Data           4  cloud_control.o(.data)
    Cloud_Pitch_Max                          0x20000138   Data           4  cloud_control.o(.data)
    init_cnt                                 0x2000013c   Data           2  cloud_control.o(.data)
    init_mode                                0x2000013e   Data           1  cloud_control.o(.data)
    Yaw_Imu                                  0x20000140   Data           4  cloud_control.o(.data)
    Pitch_Imu                                0x20000144   Data           4  cloud_control.o(.data)
    nmzhendesile                             0x20000148   Data           4  cloud_control.o(.data)
    M6020s_YawOPID                           0x2000014c   Data          64  cloud_control.o(.data)
    M6020s_YawIPID                           0x2000018c   Data          64  cloud_control.o(.data)
    M6020s_PitchOPID                         0x200001cc   Data          64  cloud_control.o(.data)
    M6020s_PitchIPID                         0x2000020c   Data          64  cloud_control.o(.data)
    Vision_YawOPID                           0x2000024c   Data          64  cloud_control.o(.data)
    Vision_YawIPID                           0x2000028c   Data          64  cloud_control.o(.data)
    Vision_PitchOPID                         0x200002cc   Data          64  cloud_control.o(.data)
    Vision_PitchIPID                         0x2000030c   Data          64  cloud_control.o(.data)
    Open_Left                                0x2000034c   Data           4  cloud_control.o(.data)
    Vision_Hold                              0x20000350   Data           4  cloud_control.o(.data)
    Last_Fine                                0x20000354   Data           4  cloud_control.o(.data)
    Cloud_Rest                               0x20000358   Data           4  cloud_control.o(.data)
    test_1                                   0x2000035c   Data           4  cloud_control.o(.data)
    test_2                                   0x20000360   Data           4  cloud_control.o(.data)
    duoji1                                   0x20000364   Data           4  cloud_control.o(.data)
    duoji2                                   0x20000368   Data           4  cloud_control.o(.data)
    duoji3                                   0x2000036c   Data           4  cloud_control.o(.data)
    duoji4                                   0x20000370   Data           4  cloud_control.o(.data)
    nmsl                                     0x20000374   Data           4  cloud_control.o(.data)
    Last_Max                                 0x20000378   Data           4  cloud_control.o(.data)
    Last_Lim                                 0x2000037c   Data           4  cloud_control.o(.data)
    Last_Max_Con                             0x20000380   Data           4  cloud_control.o(.data)
    Buff_Offled                              0x20000384   Data           1  cloud_control.o(.data)
    start_imu                                0x20000390   Data           4  chassis_control.o(.data)
    a_start                                  0x20000394   Data           4  chassis_control.o(.data)
    speed                                    0x20000398   Data           8  chassis_control.o(.data)
    angle                                    0x200003a0   Data           8  chassis_control.o(.data)
    Yaw_error                                0x200003a8   Data           2  chassis_control.o(.data)
    SpinDirection_Flag                       0x200003ac   Data           4  chassis_control.o(.data)
    i_VOmega                                 0x200003b0   Data           4  chassis_control.o(.data)
    Radius                                   0x200003b4   Data           4  chassis_control.o(.data)
    tan_to_sin                               0x200003b8   Data           4  chassis_control.o(.data)
    sin_90                                   0x200003bc   Data           4  chassis_control.o(.data)
    cos_90                                   0x200003c0   Data           4  chassis_control.o(.data)
    Chassis_tar                              0x200003c4   Data           4  chassis_control.o(.data)
    IMU_Init_Condition                       0x200003c8   Data           4  chassis_control.o(.data)
    Sup_Cap                                  0x200003cc   Data           1  chassis_control.o(.data)
    M3508s_FloowOPID                         0x200003d0   Data          64  chassis_control.o(.data)
    LFWheel_PID                              0x20000410   Data          60  chassis_control.o(.data)
    RFWheel_PID                              0x2000044c   Data          60  chassis_control.o(.data)
    LBWheel_PID                              0x20000488   Data          60  chassis_control.o(.data)
    RBWheel_PID                              0x200004c4   Data          60  chassis_control.o(.data)
    Wheel_PID                                0x20000500   Data          16  chassis_control.o(.data)
    RF_Ship_P_PID                            0x20000510   Data          64  chassis_control.o(.data)
    LF_Ship_P_PID                            0x20000550   Data          64  chassis_control.o(.data)
    LB_Ship_P_PID                            0x20000590   Data          64  chassis_control.o(.data)
    RB_Ship_P_PID                            0x200005d0   Data          64  chassis_control.o(.data)
    Ship_P_PID                               0x20000610   Data          16  chassis_control.o(.data)
    RF_Ship_I_PID                            0x20000620   Data          64  chassis_control.o(.data)
    LF_Ship_I_PID                            0x20000660   Data          64  chassis_control.o(.data)
    LB_Ship_I_PID                            0x200006a0   Data          64  chassis_control.o(.data)
    RB_Ship_I_PID                            0x200006e0   Data          64  chassis_control.o(.data)
    Ship_I_PID                               0x20000720   Data          16  chassis_control.o(.data)
    Follow_I_PID                             0x20000730   Data          64  chassis_control.o(.data)
    Follow_P_PID                             0x20000770   Data          64  chassis_control.o(.data)
    drct                                     0x200007b0   Data           1  chassis_control.o(.data)
    Ship_time                                0x200007b4   Data           4  chassis_control.o(.data)
    Ship_ready_dead                          0x200007b8   Data           8  chassis_control.o(.data)
    Wheel_Ramp                               0x200007c0   Data           8  chassis_control.o(.data)
    Follow_error                             0x200007c8   Data           4  chassis_control.o(.data)
    Follow_I_Out                             0x200007cc   Data           4  chassis_control.o(.data)
    vision_uart                              0x200007d0   Data           4  control_vision.o(.data)
    robot_id                                 0x200007d4   Data           4  control_vision.o(.data)
    VisionExportData                         0x200007d8   Data          36  control_vision.o(.data)
    Control_Vision_FUN                       0x200007fc   Data          24  control_vision.o(.data)
    Vision_SendBuf                           0x20000814   Data         144  control_vision.o(.data)
    CRCBuffer                                0x200008a4   Data           1  control_vision.o(.data)
    nan_jiajia                               0x200008a6   Data           2  control_vision.o(.data)
    iii                                      0x200008a8   Data           4  control_vision.o(.data)
    To_mode                                  0x200008ac   Data           4  control_vision.o(.data)
    Robot                                    0x200008b0   Data           4  robot_control.o(.data)
    Fric_L                                   0x200008b4   Data           1  shot.o(.data)
    Fric_R                                   0x200008b5   Data           1  shot.o(.data)
    Shot_RealSpeed                           0x200008b8   Data           4  shot.o(.data)
    FricSpeed_out                            0x200008bc   Data           2  shot.o(.data)
    FricSpeed_15                             0x200008be   Data           2  shot.o(.data)
    FricSpeed_18                             0x200008c0   Data           2  shot.o(.data)
    FricSpeed_22                             0x200008c2   Data           2  shot.o(.data)
    FricSpeed_30                             0x200008c4   Data           2  shot.o(.data)
    Start_Speed                              0x200008c6   Data           2  shot.o(.data)
    FricSpeed                                0x200008c8   Data           2  shot.o(.data)
    hold_time                                0x200008ca   Data           2  shot.o(.data)
    Auto_Shot                                0x200008cc   Data           2  shot.o(.data)
    FIRE_FIRE                                0x200008ce   Data           2  shot.o(.data)
    Shoot_Down                               0x200008d0   Data           2  shot.o(.data)
    Shoot_Down_Flag                          0x200008d2   Data           1  shot.o(.data)
    Fric_L_IPID                              0x200008d4   Data          60  shot.o(.data)
    Fric_R_IPID                              0x20000910   Data          60  shot.o(.data)
    Fric_MotorOPID                           0x2000094c   Data          64  shot.o(.data)
    Fric_MotorIPID                           0x2000098c   Data          64  shot.o(.data)
    Shot_G                                   0x200009cc   Data           4  shot.o(.data)
    Vision_Shot_Time                         0x200009d0   Data           1  shot.o(.data)
    Vision_Shot_Hold                         0x200009d1   Data           1  shot.o(.data)
    stop                                     0x200009d8   Data           4  status_update.o(.data)
    om_gogo                                  0x200009dc   Data           4  status_update.o(.data)
    Max_Speed                                0x200009e0   Data           4  status_update.o(.data)
    Reset_cnt                                0x200009e4   Data           2  status_update.o(.data)
    Energy_Mechanism_Flag                    0x200009e6   Data           1  status_update.o(.data)
    Half_Ship_Flag                           0x200009e8   Data           4  status_update.o(.data)
    ChassisRamp_ForwardBack                  0x200009ec   Data          12  status_update.o(.data)
    ChassisRamp_LeftRight                    0x200009f8   Data          12  status_update.o(.data)
    ChassisRamp_Rotate                       0x20000a04   Data          12  status_update.o(.data)
    Forward_Back_Value_Direction             0x20000a18   Data           4  status_update.o(.data)
    Left_Right_Value_Direction               0x20000a1c   Data           4  status_update.o(.data)
    Omega_Value_Direction                    0x20000a20   Data           4  status_update.o(.data)
    Yaw_Value                                0x20000a28   Data           4  status_update.o(.data)
    Pitch_Value                              0x20000a2c   Data           4  status_update.o(.data)
    Turn_Round_Flag                          0x20000a30   Data           4  status_update.o(.data)
    Continuous_fire                          0x20000a34   Data           4  status_update.o(.data)
    calibrate_task_stack                     0x20000a38   Data           4  calibrate_task.o(.data)
    cali_hook_fun                            0x20000a44   Data           4  calibrate_task.o(.data)
    gyro_dma_rx_buf                          0x20000a50   Data           8  ins_task.o(.data)
    gyro_dma_tx_buf                          0x20000a58   Data           8  ins_task.o(.data)
    accel_dma_tx_buf                         0x20000a60   Data           9  ins_task.o(.data)
    accel_temp_dma_rx_buf                    0x20000a69   Data           4  ins_task.o(.data)
    accel_temp_dma_tx_buf                    0x20000a6d   Data           4  ins_task.o(.data)
    gyro_update_flag                         0x20000a71   Data           1  ins_task.o(.data)
    accel_update_flag                        0x20000a72   Data           1  ins_task.o(.data)
    accel_temp_update_flag                   0x20000a73   Data           1  ins_task.o(.data)
    mag_update_flag                          0x20000a74   Data           1  ins_task.o(.data)
    imu_start_dma_flag                       0x20000a75   Data           1  ins_task.o(.data)
    gyro_scale_factor                        0x20000a78   Data          36  ins_task.o(.data)
    accel_scale_factor                       0x20000a9c   Data          36  ins_task.o(.data)
    mag_scale_factor                         0x20000ac0   Data          36  ins_task.o(.data)
    RGB_flow_color                           0x20000aec   Data          28  led_flow_task.o(.data)
    twoKp                                    0x20000b08   Data           4  mahonyahrs.o(.data)
    twoKi                                    0x20000b0c   Data           4  mahonyahrs.o(.data)
    integralFBx                              0x20000b10   Data           4  mahonyahrs.o(.data)
    integralFBy                              0x20000b14   Data           4  mahonyahrs.o(.data)
    integralFBz                              0x20000b18   Data           4  mahonyahrs.o(.data)
    SystemCoreClock                          0x20000b3c   Data           4  system_stm32f4xx.o(.data)
    xjj                                      0x20000b40   Data           4  task_canmsg.o(.data)
    ymy                                      0x20000b44   Data           4  task_canmsg.o(.data)
    Power_Meter                              0x20000b48   Data           8  task_canmsg.o(.data)
    ainimemeda                               0x20000b50   Data           4  task_canmsg.o(.data)
    uwTick                                   0x20000b54   Data           4  stm32f4xx_hal.o(.data)
    uwTickPrio                               0x20000b58   Data           4  stm32f4xx_hal.o(.data)
    uwTickFreq                               0x20000b5c   Data           1  stm32f4xx_hal.o(.data)
    pxCurrentTCB                             0x20000b60   Data           4  tasks.o(.data)
    hcan1                                    0x20001288   Data          40  can.o(.bss)
    hcan2                                    0x200012b0   Data          40  can.o(.bss)
    hi2c3                                    0x200012d8   Data          84  i2c.o(.bss)
    hspi1                                    0x2000132c   Data          88  spi.o(.bss)
    hdma_spi1_rx                             0x20001384   Data          96  spi.o(.bss)
    hdma_spi1_tx                             0x200013e4   Data          96  spi.o(.bss)
    htim1                                    0x20001444   Data          72  tim.o(.bss)
    htim4                                    0x2000148c   Data          72  tim.o(.bss)
    htim5                                    0x200014d4   Data          72  tim.o(.bss)
    htim8                                    0x2000151c   Data          72  tim.o(.bss)
    htim10                                   0x20001564   Data          72  tim.o(.bss)
    hdma_tim8_ch3                            0x200015ac   Data          96  tim.o(.bss)
    huart1                                   0x2000160c   Data          68  usart.o(.bss)
    huart3                                   0x20001650   Data          68  usart.o(.bss)
    huart6                                   0x20001694   Data          68  usart.o(.bss)
    hdma_usart1_rx                           0x200016d8   Data          96  usart.o(.bss)
    hdma_usart3_rx                           0x20001738   Data          96  usart.o(.bss)
    hdma_usart6_rx                           0x20001798   Data          96  usart.o(.bss)
    htim6                                    0x200017f8   Data          72  stm32f4xx_hal_timebase_tim.o(.bss)
    DJI_C_IMU                                0x20001840   Data          44  dji_imu.o(.bss)
    M2006_Reload_1                           0x2000186c   Data         124  m2006_motor.o(.bss)
    M2006_Reload_2                           0x200018e8   Data         124  m2006_motor.o(.bss)
    M2006_Reload_3                           0x20001964   Data         124  m2006_motor.o(.bss)
    M6020s_Yaw                               0x200019e0   Data         152  m6020_motor.o(.bss)
    M6020s_Yaw_Follow                        0x20001a78   Data         152  m6020_motor.o(.bss)
    M6020s_Pitch                             0x20001b10   Data         152  m6020_motor.o(.bss)
    M6020s                                   0x20001ba8   Data         608  m6020_motor.o(.bss)
    DR16                                     0x20001e08   Data          48  dr16_remote.o(.bss)
    RM_ME                                    0x20001e38   Data          48  rm_message.o(.bss)
    Vision_DataBuff                          0x20002118   Data          15  control_vision.o(.bss)
    VisionData                               0x20002128   Data          88  control_vision.o(.bss)
    VisionSend_IMU                           0x20002180   Data          16  control_vision.o(.bss)
    Send_Msg                                 0x20002190   Data          15  control_vision.o(.bss)
    M2006s                                   0x200021b8   Data         372  shot.o(.bss)
    roll_inc                                 0x2000232c   Data         124  shot.o(.bss)
    roll_pos                                 0x200023a8   Data         124  shot.o(.bss)
    shot                                     0x20002424   Data          32  shot.o(.bss)
    cali_sensor                              0x20002478   Data          13  calibrate_task.o(.bss)
    accel_dma_rx_buf                         0x20002488   Data           9  ins_task.o(.bss)
    bmi088_real_data                         0x20002494   Data          36  ins_task.o(.bss)
    gyro_offset                              0x200024b8   Data          12  ins_task.o(.bss)
    gyro_cali_offset                         0x200024c4   Data          12  ins_task.o(.bss)
    accel_offset                             0x200024d0   Data          12  ins_task.o(.bss)
    accel_cali_offset                        0x200024dc   Data          12  ins_task.o(.bss)
    ist8310_real_data                        0x200024e8   Data          16  ins_task.o(.bss)
    mag_offset                               0x200024f8   Data          12  ins_task.o(.bss)
    mag_cali_offset                          0x20002504   Data          12  ins_task.o(.bss)
    INS_angle                                0x200025a4   Data          12  ins_task.o(.bss)
    INS_gyro                                 0x200025b0   Data          12  ins_task.o(.bss)
    Buzzer                                   0x200025bc   Data          10  bsp_buzzer.o(.bss)
    CAN1_Handler                             0x200025c8   Data          40  bsp_can.o(.bss)
    CAN_Rx_Heade                             0x200025f0   Data          28  bsp_can.o(.bss)
    Can_Data                                 0x2000260c   Data         152  bsp_can.o(.bss)
    pFlash                                   0x200026a4   Data          32  stm32f4xx_hal_flash.o(.bss)
    xQueueRegistry                           0x200026c4   Data          64  queue.o(.bss)
    __initial_sp                             0x2000a908   Data           0  startup_stm32f407xx.o(STACK)



==============================================================================

Memory Map of the image

  Image Entry point : 0x08000189

  Load Region LR_IROM1 (Base: 0x08000000, Size: 0x000128e8, Max: 0x00100000, ABSOLUTE, COMPRESSED[0x00011fb8])

    Execution Region ER_IROM1 (Exec base: 0x08000000, Load base: 0x08000000, Size: 0x00011d08, Max: 0x00100000, ABSOLUTE)

    Exec Addr    Load Addr    Size         Type   Attr      Idx    E Section Name        Object

    0x08000000   0x08000000   0x00000188   Data   RO         3146    RESET               startup_stm32f407xx.o
    0x08000188   0x08000188   0x00000000   Code   RO         8891  * .ARM.Collect$$$$00000000  mc_w.l(entry.o)
    0x08000188   0x08000188   0x00000004   Code   RO         8989    .ARM.Collect$$$$00000001  mc_w.l(entry2.o)
    0x0800018c   0x0800018c   0x00000004   Code   RO         8992    .ARM.Collect$$$$00000004  mc_w.l(entry5.o)
    0x08000190   0x08000190   0x00000000   Code   RO         8994    .ARM.Collect$$$$00000008  mc_w.l(entry7b.o)
    0x08000190   0x08000190   0x00000000   Code   RO         8996    .ARM.Collect$$$$0000000A  mc_w.l(entry8b.o)
    0x08000190   0x08000190   0x00000008   Code   RO         8997    .ARM.Collect$$$$0000000B  mc_w.l(entry9a.o)
    0x08000198   0x08000198   0x00000004   Code   RO         9004    .ARM.Collect$$$$0000000E  mc_w.l(entry12b.o)
    0x0800019c   0x0800019c   0x00000000   Code   RO         8999    .ARM.Collect$$$$0000000F  mc_w.l(entry10a.o)
    0x0800019c   0x0800019c   0x00000000   Code   RO         9001    .ARM.Collect$$$$00000011  mc_w.l(entry11a.o)
    0x0800019c   0x0800019c   0x00000004   Code   RO         8990    .ARM.Collect$$$$00002712  mc_w.l(entry2.o)
    0x080001a0   0x080001a0   0x000000be   Code   RO         8722    .emb_text           port.o
    0x0800025e   0x0800025e   0x00000002   PAD
    0x08000260   0x08000260   0x00000024   Code   RO         3147    .text               startup_stm32f407xx.o
    0x08000284   0x08000284   0x00000062   Code   RO         8894    .text               mc_w.l(uldiv.o)
    0x080002e6   0x080002e6   0x00000024   Code   RO         8896    .text               mc_w.l(memcpya.o)
    0x0800030a   0x0800030a   0x00000024   Code   RO         8900    .text               mc_w.l(memseta.o)
    0x0800032e   0x0800032e   0x0000000e   Code   RO         8902    .text               mc_w.l(strlen.o)
    0x0800033c   0x0800033c   0x00000026   Code   RO         8910    .text               mf_w.l(f2d.o)
    0x08000362   0x08000362   0x00000038   Code   RO         8912    .text               mf_w.l(d2f.o)
    0x0800039a   0x0800039a   0x0000001e   Code   RO         9005    .text               mc_w.l(llshl.o)
    0x080003b8   0x080003b8   0x00000020   Code   RO         9007    .text               mc_w.l(llushr.o)
    0x080003d8   0x080003d8   0x00000000   Code   RO         9018    .text               mc_w.l(iusefp.o)
    0x080003d8   0x080003d8   0x0000006e   Code   RO         9019    .text               mf_w.l(fepilogue.o)
    0x08000446   0x08000446   0x000000ba   Code   RO         9021    .text               mf_w.l(depilogue.o)
    0x08000500   0x08000500   0x000000a2   Code   RO         9029    .text               mf_w.l(dsqrt.o)
    0x080005a2   0x080005a2   0x00000002   PAD
    0x080005a4   0x080005a4   0x00000024   Code   RO         9037    .text               mc_w.l(init.o)
    0x080005c8   0x080005c8   0x00000056   Code   RO         9051    .text               mc_w.l(__dczerorl2.o)
    0x0800061e   0x0800061e   0x00000002   PAD
    0x08000620   0x08000620   0x00000028   Code   RO         2628    i.AHRS_init         ins_task.o
    0x08000648   0x08000648   0x0000006a   Code   RO         2629    i.AHRS_update       ins_task.o
    0x080006b2   0x080006b2   0x00000002   PAD
    0x080006b4   0x080006b4   0x000000d4   Code   RO          274    i.All_Init_Run      freertos.o
    0x08000788   0x08000788   0x00000160   Code   RO         2306    i.Auto_Shoot        shot.o
    0x080008e8   0x080008e8   0x00000014   Code   RO         1165    i.BMI088_ACCEL_NS_H  bmi088middleware.o
    0x080008fc   0x080008fc   0x00000014   Code   RO         1166    i.BMI088_ACCEL_NS_L  bmi088middleware.o
    0x08000910   0x08000910   0x00000002   Code   RO         1167    i.BMI088_GPIO_init  bmi088middleware.o
    0x08000912   0x08000912   0x00000002   PAD
    0x08000914   0x08000914   0x00000014   Code   RO         1168    i.BMI088_GYRO_NS_H  bmi088middleware.o
    0x08000928   0x08000928   0x00000014   Code   RO         1169    i.BMI088_GYRO_NS_L  bmi088middleware.o
    0x0800093c   0x0800093c   0x00000090   Code   RO          909    i.BMI088_accel_read_over  bmi088driver.o
    0x080009cc   0x080009cc   0x00000002   Code   RO         1170    i.BMI088_com_init   bmi088middleware.o
    0x080009ce   0x080009ce   0x0000000c   Code   RO         1171    i.BMI088_delay_ms   bmi088middleware.o
    0x080009da   0x080009da   0x0000000c   Code   RO         1172    i.BMI088_delay_us   bmi088middleware.o
    0x080009e6   0x080009e6   0x00000002   PAD
    0x080009e8   0x080009e8   0x00000068   Code   RO          910    i.BMI088_gyro_read_over  bmi088driver.o
    0x08000a50   0x08000a50   0x00000034   Code   RO          911    i.BMI088_init       bmi088driver.o
    0x08000a84   0x08000a84   0x0000017c   Code   RO          912    i.BMI088_read       bmi088driver.o
    0x08000c00   0x08000c00   0x00000026   Code   RO          915    i.BMI088_read_muli_reg  bmi088driver.o
    0x08000c26   0x08000c26   0x00000018   Code   RO          916    i.BMI088_read_single_reg  bmi088driver.o
    0x08000c3e   0x08000c3e   0x00000002   PAD
    0x08000c40   0x08000c40   0x00000020   Code   RO         1173    i.BMI088_read_write_byte  bmi088middleware.o
    0x08000c60   0x08000c60   0x00000034   Code   RO          917    i.BMI088_temperature_read_over  bmi088driver.o
    0x08000c94   0x08000c94   0x00000014   Code   RO          918    i.BMI088_write_single_reg  bmi088driver.o
    0x08000ca8   0x08000ca8   0x00000004   Code   RO          683    i.BusFault_Handler  stm32f4xx_it.o
    0x08000cac   0x08000cac   0x00000024   Code   RO         3154    i.Buzzer_Init       bsp_buzzer.o
    0x08000cd0   0x08000cd0   0x00000128   Code   RO         3155    i.Buzzer_Processing  bsp_buzzer.o
    0x08000df8   0x08000df8   0x0000008c   Code   RO         3540    i.CAN1_REC          task_canmsg.o
    0x08000e84   0x08000e84   0x0000002c   Code   RO          684    i.CAN1_RX0_IRQHandler  stm32f4xx_it.o
    0x08000eb0   0x08000eb0   0x00000038   Code   RO         3541    i.CAN2_REC          task_canmsg.o
    0x08000ee8   0x08000ee8   0x0000002c   Code   RO          685    i.CAN2_RX0_IRQHandler  stm32f4xx_it.o
    0x08000f14   0x08000f14   0x0000003c   Code   RO         3422    i.CAN_1_Filter_Config  bsp_can.o
    0x08000f50   0x08000f50   0x00000040   Code   RO         3423    i.CAN_2_Filter_Config  bsp_can.o
    0x08000f90   0x08000f90   0x00000098   Code   RO         3424    i.CAN_RxMessage_Export_Date  bsp_can.o
    0x08001028   0x08001028   0x000000bc   Code   RO         2936    i.CLOUD_Incremental_PID  pid.o
    0x080010e4   0x080010e4   0x00000100   Code   RO         2937    i.CLOUD_Position_PID  pid.o
    0x080011e4   0x080011e4   0x00000030   Code   RO         2219    i.Chassis_Follow_control  robot_control.o
    0x08001214   0x08001214   0x00000038   Code   RO         1869    i.Chassis_Init      chassis_control.o
    0x0800124c   0x0800124c   0x00000020   Code   RO         1870    i.Chassis_processing  chassis_control.o
    0x0800126c   0x0800126c   0x0000002c   Code   RO         1532    i.Check_DR16        dr16_remote.o
    0x08001298   0x08001298   0x00000048   Code   RO         1394    i.Check_M2006       m2006_motor.o
    0x080012e0   0x080012e0   0x00000048   Code   RO         1465    i.Check_M6020       m6020_motor.o
    0x08001328   0x08001328   0x00000044   Code   RO         2002    i.Check_Vision      control_vision.o
    0x0800136c   0x0800136c   0x00000024   Code   RO         3084    i.Checksum_CRC8     crc.o
    0x08001390   0x08001390   0x00000030   Code   RO         2220    i.Cloud_control     robot_control.o
    0x080013c0   0x080013c0   0x00000030   Code   RO         1872    i.Cloud_processing  chassis_control.o
    0x080013f0   0x080013f0   0x00000020   Code   RO         1873    i.ComputeMinOffset  chassis_control.o
    0x08001410   0x08001410   0x0000006c   Code   RO         3026    i.CountReset        speedramp.o
    0x0800147c   0x0800147c   0x00000010   Code   RO          686    i.DMA1_Stream1_IRQHandler  stm32f4xx_it.o
    0x0800148c   0x0800148c   0x00000010   Code   RO          687    i.DMA2_Stream1_IRQHandler  stm32f4xx_it.o
    0x0800149c   0x0800149c   0x00000898   Code   RO         2630    i.DMA2_Stream2_IRQHandler  ins_task.o
    0x08001d34   0x08001d34   0x00000010   Code   RO          688    i.DMA2_Stream4_IRQHandler  stm32f4xx_it.o
    0x08001d44   0x08001d44   0x00000010   Code   RO          689    i.DMA2_Stream5_IRQHandler  stm32f4xx_it.o
    0x08001d54   0x08001d54   0x00000034   Code   RO         4421    i.DMA_CalcBaseAndBitshift  stm32f4xx_hal_dma.o
    0x08001d88   0x08001d88   0x000000aa   Code   RO         4422    i.DMA_CheckFifoParam  stm32f4xx_hal_dma.o
    0x08001e32   0x08001e32   0x0000002c   Code   RO         4423    i.DMA_SetConfig     stm32f4xx_hal_dma.o
    0x08001e5e   0x08001e5e   0x00000002   PAD
    0x08001e60   0x08001e60   0x00000068   Code   RO         2153    i.DR16_0x175_Can1_SendData  monitor_rm_can.o
    0x08001ec8   0x08001ec8   0x00000068   Code   RO         2154    i.DR16_0x185_Can1_SendData  monitor_rm_can.o
    0x08001f30   0x08001f30   0x000000c4   Code   RO         1533    i.DR16_DataCheck    dr16_remote.o
    0x08001ff4   0x08001ff4   0x00000044   Code   RO         1534    i.DR16_Handler      dr16_remote.o
    0x08002038   0x08002038   0x000001f8   Code   RO         1535    i.DR16_Process      dr16_remote.o
    0x08002230   0x08002230   0x00000044   Code   RO         1536    i.DR16_USART_Receive_DMA  dr16_remote.o
    0x08002274   0x08002274   0x00000038   Code   RO         3590    i.Debug             task_debug.o
    0x080022ac   0x080022ac   0x00000002   Code   RO          690    i.DebugMon_Handler  stm32f4xx_it.o
    0x080022ae   0x080022ae   0x0000000a   Code   RO          691    i.EXTI0_IRQHandler  stm32f4xx_it.o
    0x080022b8   0x080022b8   0x0000000a   Code   RO          692    i.EXTI3_IRQHandler  stm32f4xx_it.o
    0x080022c2   0x080022c2   0x0000000a   Code   RO          693    i.EXTI4_IRQHandler  stm32f4xx_it.o
    0x080022cc   0x080022cc   0x0000000a   Code   RO          694    i.EXTI9_5_IRQHandler  stm32f4xx_it.o
    0x080022d6   0x080022d6   0x00000002   Code   RO            4    i.Error_Handler     main.o
    0x080022d8   0x080022d8   0x00000148   Code   RO         1262    i.Euler_Send_Fun    dji_imu.o
    0x08002420   0x08002420   0x0000005c   Code   RO         4191    i.FLASH_Erase_Sector  stm32f4xx_hal_flash_ex.o
    0x0800247c   0x0800247c   0x00000078   Code   RO         4192    i.FLASH_FlushCaches  stm32f4xx_hal_flash_ex.o
    0x080024f4   0x080024f4   0x00000030   Code   RO         4193    i.FLASH_MassErase   stm32f4xx_hal_flash_ex.o
    0x08002524   0x08002524   0x00000024   Code   RO         4073    i.FLASH_Program_Byte  stm32f4xx_hal_flash.o
    0x08002548   0x08002548   0x0000003c   Code   RO         4074    i.FLASH_Program_DoubleWord  stm32f4xx_hal_flash.o
    0x08002584   0x08002584   0x00000028   Code   RO         4075    i.FLASH_Program_HalfWord  stm32f4xx_hal_flash.o
    0x080025ac   0x080025ac   0x00000028   Code   RO         4076    i.FLASH_Program_Word  stm32f4xx_hal_flash.o
    0x080025d4   0x080025d4   0x00000098   Code   RO         4077    i.FLASH_SetErrorCode  stm32f4xx_hal_flash.o
    0x0800266c   0x0800266c   0x00000064   Code   RO         4078    i.FLASH_WaitForLastOperation  stm32f4xx_hal_flash.o
    0x080026d0   0x080026d0   0x0000001a   Code   RO         3120    i.Filter_IIRLPF     user_filter.o
    0x080026ea   0x080026ea   0x000000b4   Code   RO         1874    i.Follow_Judge      chassis_control.o
    0x0800279e   0x0800279e   0x00000002   PAD
    0x080027a0   0x080027a0   0x000000d0   Code   RO         2307    i.FricSpeed_Change  shot.o
    0x08002870   0x08002870   0x00000048   Code   RO         1537    i.GetKeyMouseAction  dr16_remote.o
    0x080028b8   0x080028b8   0x0000000c   Code   RO         2003    i.GetVisionDiscMode  control_vision.o
    0x080028c4   0x080028c4   0x0000002a   Code   RO         3684    i.HAL_CAN_ActivateNotification  stm32f4xx_hal_can.o
    0x080028ee   0x080028ee   0x00000156   Code   RO         3685    i.HAL_CAN_AddTxMessage  stm32f4xx_hal_can.o
    0x08002a44   0x08002a44   0x00000124   Code   RO         3686    i.HAL_CAN_ConfigFilter  stm32f4xx_hal_can.o
    0x08002b68   0x08002b68   0x00000002   Code   RO         3689    i.HAL_CAN_ErrorCallback  stm32f4xx_hal_can.o
    0x08002b6a   0x08002b6a   0x0000017a   Code   RO         3692    i.HAL_CAN_GetRxMessage  stm32f4xx_hal_can.o
    0x08002ce4   0x08002ce4   0x0000024e   Code   RO         3696    i.HAL_CAN_IRQHandler  stm32f4xx_hal_can.o
    0x08002f32   0x08002f32   0x00000174   Code   RO         3697    i.HAL_CAN_Init      stm32f4xx_hal_can.o
    0x080030a6   0x080030a6   0x00000002   PAD
    0x080030a8   0x080030a8   0x00000160   Code   RO          395    i.HAL_CAN_MspInit   can.o
    0x08003208   0x08003208   0x00000002   Code   RO         3704    i.HAL_CAN_RxFifo0FullCallback  stm32f4xx_hal_can.o
    0x0800320a   0x0800320a   0x00000002   Code   RO         3705    i.HAL_CAN_RxFifo0MsgPendingCallback  stm32f4xx_hal_can.o
    0x0800320c   0x0800320c   0x00000002   Code   RO         3706    i.HAL_CAN_RxFifo1FullCallback  stm32f4xx_hal_can.o
    0x0800320e   0x0800320e   0x00000002   Code   RO         3707    i.HAL_CAN_RxFifo1MsgPendingCallback  stm32f4xx_hal_can.o
    0x08003210   0x08003210   0x00000002   Code   RO         3708    i.HAL_CAN_SleepCallback  stm32f4xx_hal_can.o
    0x08003212   0x08003212   0x0000005e   Code   RO         3709    i.HAL_CAN_Start     stm32f4xx_hal_can.o
    0x08003270   0x08003270   0x00000002   Code   RO         3711    i.HAL_CAN_TxMailbox0AbortCallback  stm32f4xx_hal_can.o
    0x08003272   0x08003272   0x00000002   Code   RO         3712    i.HAL_CAN_TxMailbox0CompleteCallback  stm32f4xx_hal_can.o
    0x08003274   0x08003274   0x00000002   Code   RO         3713    i.HAL_CAN_TxMailbox1AbortCallback  stm32f4xx_hal_can.o
    0x08003276   0x08003276   0x00000002   Code   RO         3714    i.HAL_CAN_TxMailbox1CompleteCallback  stm32f4xx_hal_can.o
    0x08003278   0x08003278   0x00000002   Code   RO         3715    i.HAL_CAN_TxMailbox2AbortCallback  stm32f4xx_hal_can.o
    0x0800327a   0x0800327a   0x00000002   Code   RO         3716    i.HAL_CAN_TxMailbox2CompleteCallback  stm32f4xx_hal_can.o
    0x0800327c   0x0800327c   0x00000002   Code   RO         3718    i.HAL_CAN_WakeUpFromRxMsgCallback  stm32f4xx_hal_can.o
    0x0800327e   0x0800327e   0x000000ac   Code   RO         4424    i.HAL_DMA_Abort     stm32f4xx_hal_dma.o
    0x0800332a   0x0800332a   0x00000028   Code   RO         4425    i.HAL_DMA_Abort_IT  stm32f4xx_hal_dma.o
    0x08003352   0x08003352   0x00000002   PAD
    0x08003354   0x08003354   0x00000240   Code   RO         4429    i.HAL_DMA_IRQHandler  stm32f4xx_hal_dma.o
    0x08003594   0x08003594   0x000000ec   Code   RO         4430    i.HAL_DMA_Init      stm32f4xx_hal_dma.o
    0x08003680   0x08003680   0x00000066   Code   RO         4433    i.HAL_DMA_Start     stm32f4xx_hal_dma.o
    0x080036e6   0x080036e6   0x00000092   Code   RO         4434    i.HAL_DMA_Start_IT  stm32f4xx_hal_dma.o
    0x08003778   0x08003778   0x000000ac   Code   RO         4203    i.HAL_FLASHEx_Erase  stm32f4xx_hal_flash_ex.o
    0x08003824   0x08003824   0x00000014   Code   RO         4082    i.HAL_FLASH_Lock    stm32f4xx_hal_flash.o
    0x08003838   0x08003838   0x00000098   Code   RO         4087    i.HAL_FLASH_Program  stm32f4xx_hal_flash.o
    0x080038d0   0x080038d0   0x00000034   Code   RO         4089    i.HAL_FLASH_Unlock  stm32f4xx_hal_flash.o
    0x08003904   0x08003904   0x000000a8   Code   RO         2631    i.HAL_GPIO_EXTI_Callback  ins_task.o
    0x080039ac   0x080039ac   0x0000001c   Code   RO         4316    i.HAL_GPIO_EXTI_IRQHandler  stm32f4xx_hal_gpio.o
    0x080039c8   0x080039c8   0x000001f4   Code   RO         4317    i.HAL_GPIO_Init     stm32f4xx_hal_gpio.o
    0x08003bbc   0x08003bbc   0x00000010   Code   RO         4319    i.HAL_GPIO_ReadPin  stm32f4xx_hal_gpio.o
    0x08003bcc   0x08003bcc   0x0000000c   Code   RO         4321    i.HAL_GPIO_WritePin  stm32f4xx_hal_gpio.o
    0x08003bd8   0x08003bd8   0x0000000c   Code   RO         4854    i.HAL_GetTick       stm32f4xx_hal.o
    0x08003be4   0x08003be4   0x000001d0   Code   RO         5110    i.HAL_I2C_Init      stm32f4xx_hal_i2c.o
    0x08003db4   0x08003db4   0x000002f4   Code   RO         5128    i.HAL_I2C_Mem_Read  stm32f4xx_hal_i2c.o
    0x080040a8   0x080040a8   0x00000164   Code   RO         5131    i.HAL_I2C_Mem_Write  stm32f4xx_hal_i2c.o
    0x0800420c   0x0800420c   0x000000c8   Code   RO          468    i.HAL_I2C_MspInit   i2c.o
    0x080042d4   0x080042d4   0x00000018   Code   RO         4860    i.HAL_IncTick       stm32f4xx_hal.o
    0x080042ec   0x080042ec   0x0000003c   Code   RO         4861    i.HAL_Init          stm32f4xx_hal.o
    0x08004328   0x08004328   0x000000b4   Code   RO          870    i.HAL_InitTick      stm32f4xx_hal_timebase_tim.o
    0x080043dc   0x080043dc   0x00000054   Code   RO          846    i.HAL_MspInit       stm32f4xx_hal_msp.o
    0x08004430   0x08004430   0x00000020   Code   RO         4706    i.HAL_NVIC_EnableIRQ  stm32f4xx_hal_cortex.o
    0x08004450   0x08004450   0x0000007c   Code   RO         4712    i.HAL_NVIC_SetPriority  stm32f4xx_hal_cortex.o
    0x080044cc   0x080044cc   0x00000028   Code   RO         4713    i.HAL_NVIC_SetPriorityGrouping  stm32f4xx_hal_cortex.o
    0x080044f4   0x080044f4   0x00000044   Code   RO         4714    i.HAL_NVIC_SystemReset  stm32f4xx_hal_cortex.o
    0x08004538   0x08004538   0x00000184   Code   RO         3918    i.HAL_RCC_ClockConfig  stm32f4xx_hal_rcc.o
    0x080046bc   0x080046bc   0x00000044   Code   RO         3922    i.HAL_RCC_GetClockConfig  stm32f4xx_hal_rcc.o
    0x08004700   0x08004700   0x0000000c   Code   RO         3923    i.HAL_RCC_GetHCLKFreq  stm32f4xx_hal_rcc.o
    0x0800470c   0x0800470c   0x00000020   Code   RO         3925    i.HAL_RCC_GetPCLK1Freq  stm32f4xx_hal_rcc.o
    0x0800472c   0x0800472c   0x00000020   Code   RO         3926    i.HAL_RCC_GetPCLK2Freq  stm32f4xx_hal_rcc.o
    0x0800474c   0x0800474c   0x000000b0   Code   RO         3927    i.HAL_RCC_GetSysClockFreq  stm32f4xx_hal_rcc.o
    0x080047fc   0x080047fc   0x0000049c   Code   RO         3930    i.HAL_RCC_OscConfig  stm32f4xx_hal_rcc.o
    0x08004c98   0x08004c98   0x000000c8   Code   RO         5600    i.HAL_SPI_Init      stm32f4xx_hal_spi.o
    0x08004d60   0x08004d60   0x00000158   Code   RO          510    i.HAL_SPI_MspInit   spi.o
    0x08004eb8   0x08004eb8   0x0000022a   Code   RO         5609    i.HAL_SPI_TransmitReceive  stm32f4xx_hal_spi.o
    0x080050e2   0x080050e2   0x00000002   Code   RO         6628    i.HAL_TIMEx_BreakCallback  stm32f4xx_hal_tim_ex.o
    0x080050e4   0x080050e4   0x00000002   Code   RO         6629    i.HAL_TIMEx_CommutCallback  stm32f4xx_hal_tim_ex.o
    0x080050e6   0x080050e6   0x00000074   Code   RO         6631    i.HAL_TIMEx_ConfigBreakDeadTime  stm32f4xx_hal_tim_ex.o
    0x0800515a   0x0800515a   0x00000002   PAD
    0x0800515c   0x0800515c   0x000000b4   Code   RO         6647    i.HAL_TIMEx_MasterConfigSynchronization  stm32f4xx_hal_tim_ex.o
    0x08005210   0x08005210   0x00000066   Code   RO         5913    i.HAL_TIM_Base_Init  stm32f4xx_hal_tim.o
    0x08005276   0x08005276   0x00000002   PAD
    0x08005278   0x08005278   0x00000138   Code   RO          552    i.HAL_TIM_Base_MspInit  tim.o
    0x080053b0   0x080053b0   0x0000009c   Code   RO         5916    i.HAL_TIM_Base_Start  stm32f4xx_hal_tim.o
    0x0800544c   0x0800544c   0x000000a8   Code   RO         5918    i.HAL_TIM_Base_Start_IT  stm32f4xx_hal_tim.o
    0x080054f4   0x080054f4   0x0000010c   Code   RO         5922    i.HAL_TIM_ConfigClockSource  stm32f4xx_hal_tim.o
    0x08005600   0x08005600   0x00000002   Code   RO         5943    i.HAL_TIM_ErrorCallback  stm32f4xx_hal_tim.o
    0x08005602   0x08005602   0x00000002   Code   RO         5947    i.HAL_TIM_IC_CaptureCallback  stm32f4xx_hal_tim.o
    0x08005604   0x08005604   0x00000196   Code   RO         5961    i.HAL_TIM_IRQHandler  stm32f4xx_hal_tim.o
    0x0800579a   0x0800579a   0x00000002   PAD
    0x0800579c   0x0800579c   0x000001cc   Code   RO          553    i.HAL_TIM_MspPostInit  tim.o
    0x08005968   0x08005968   0x00000002   Code   RO         5964    i.HAL_TIM_OC_DelayElapsedCallback  stm32f4xx_hal_tim.o
    0x0800596a   0x0800596a   0x00000104   Code   RO         5985    i.HAL_TIM_PWM_ConfigChannel  stm32f4xx_hal_tim.o
    0x08005a6e   0x08005a6e   0x00000066   Code   RO         5988    i.HAL_TIM_PWM_Init  stm32f4xx_hal_tim.o
    0x08005ad4   0x08005ad4   0x00000002   Code   RO         5990    i.HAL_TIM_PWM_MspInit  stm32f4xx_hal_tim.o
    0x08005ad6   0x08005ad6   0x00000002   Code   RO         5991    i.HAL_TIM_PWM_PulseFinishedCallback  stm32f4xx_hal_tim.o
    0x08005ad8   0x08005ad8   0x00000002   Code   RO         5992    i.HAL_TIM_PWM_PulseFinishedHalfCpltCallback  stm32f4xx_hal_tim.o
    0x08005ada   0x08005ada   0x00000002   PAD
    0x08005adc   0x08005adc   0x0000010c   Code   RO         5993    i.HAL_TIM_PWM_Start  stm32f4xx_hal_tim.o
    0x08005be8   0x08005be8   0x00000248   Code   RO         5994    i.HAL_TIM_PWM_Start_DMA  stm32f4xx_hal_tim.o
    0x08005e30   0x08005e30   0x00000018   Code   RO            5    i.HAL_TIM_PeriodElapsedCallback  main.o
    0x08005e48   0x08005e48   0x00000002   Code   RO         6004    i.HAL_TIM_TriggerCallback  stm32f4xx_hal_tim.o
    0x08005e4a   0x08005e4a   0x00000002   Code   RO         6906    i.HAL_UARTEx_RxEventCallback  stm32f4xx_hal_uart.o
    0x08005e4c   0x08005e4c   0x00000002   Code   RO         6920    i.HAL_UART_ErrorCallback  stm32f4xx_hal_uart.o
    0x08005e4e   0x08005e4e   0x00000002   PAD
    0x08005e50   0x08005e50   0x000002e0   Code   RO         6923    i.HAL_UART_IRQHandler  stm32f4xx_hal_uart.o
    0x08006130   0x08006130   0x00000072   Code   RO         6924    i.HAL_UART_Init     stm32f4xx_hal_uart.o
    0x080061a2   0x080061a2   0x00000002   PAD
    0x080061a4   0x080061a4   0x000002b4   Code   RO          624    i.HAL_UART_MspInit  usart.o
    0x08006458   0x08006458   0x00000002   Code   RO         6930    i.HAL_UART_RxCpltCallback  stm32f4xx_hal_uart.o
    0x0800645a   0x0800645a   0x000000d2   Code   RO         6932    i.HAL_UART_Transmit  stm32f4xx_hal_uart.o
    0x0800652c   0x0800652c   0x00000002   Code   RO         6935    i.HAL_UART_TxCpltCallback  stm32f4xx_hal_uart.o
    0x0800652e   0x0800652e   0x00000004   Code   RO          695    i.HardFault_Handler  stm32f4xx_it.o
    0x08006532   0x08006532   0x00000002   PAD
    0x08006534   0x08006534   0x00000020   Code   RO         3655    i.Host_Run          task_host.o
    0x08006554   0x08006554   0x0000003e   Code   RO         5153    i.I2C_IsAcknowledgeFailed  stm32f4xx_hal_i2c.o
    0x08006592   0x08006592   0x00000002   PAD
    0x08006594   0x08006594   0x00000160   Code   RO         5164    i.I2C_RequestMemoryRead  stm32f4xx_hal_i2c.o
    0x080066f4   0x080066f4   0x000000e0   Code   RO         5165    i.I2C_RequestMemoryWrite  stm32f4xx_hal_i2c.o
    0x080067d4   0x080067d4   0x0000005c   Code   RO         5173    i.I2C_WaitOnBTFFlagUntilTimeout  stm32f4xx_hal_i2c.o
    0x08006830   0x08006830   0x00000086   Code   RO         5174    i.I2C_WaitOnFlagUntilTimeout  stm32f4xx_hal_i2c.o
    0x080068b6   0x080068b6   0x000000c4   Code   RO         5175    i.I2C_WaitOnMasterAddressFlagUntilTimeout  stm32f4xx_hal_i2c.o
    0x0800697a   0x0800697a   0x00000080   Code   RO         5176    i.I2C_WaitOnRXNEFlagUntilTimeout  stm32f4xx_hal_i2c.o
    0x080069fa   0x080069fa   0x0000005c   Code   RO         5179    i.I2C_WaitOnTXEFlagUntilTimeout  stm32f4xx_hal_i2c.o
    0x08006a56   0x08006a56   0x00000002   PAD
    0x08006a58   0x08006a58   0x000000e8   Code   RO         3502    i.IMU_Send          task_imu_send.o
    0x08006b40   0x08006b40   0x0000007c   Code   RO         2632    i.INS_cali_gyro     ins_task.o
    0x08006bbc   0x08006bbc   0x00000048   Code   RO         2633    i.INS_set_cali_gyro  ins_task.o
    0x08006c04   0x08006c04   0x00000304   Code   RO         2634    i.INS_task          ins_task.o
    0x08006f08   0x08006f08   0x000000d0   Code   RO         1538    i.KeyMouseFlag_Update  dr16_remote.o
    0x08006fd8   0x08006fd8   0x0000005c   Code   RO         1767    i.Laser_Control     cloud_control.o
    0x08007034   0x08007034   0x00000110   Code   RO         1395    i.M2006_getInfo     m2006_motor.o
    0x08007144   0x08007144   0x00000100   Code   RO         1466    i.M6020_getInfo     m6020_motor.o
    0x08007244   0x08007244   0x00000048   Code   RO          396    i.MX_CAN1_Init      can.o
    0x0800728c   0x0800728c   0x00000044   Code   RO          397    i.MX_CAN2_Init      can.o
    0x080072d0   0x080072d0   0x000000a8   Code   RO          443    i.MX_DMA_Init       dma.o
    0x08007378   0x08007378   0x00000160   Code   RO          275    i.MX_FREERTOS_Init  freertos.o
    0x080074d8   0x080074d8   0x00000234   Code   RO          250    i.MX_GPIO_Init      gpio.o
    0x0800770c   0x0800770c   0x0000003c   Code   RO          469    i.MX_I2C3_Init      i2c.o
    0x08007748   0x08007748   0x00000048   Code   RO          511    i.MX_SPI1_Init      spi.o
    0x08007790   0x08007790   0x0000006c   Code   RO          554    i.MX_TIM10_Init     tim.o
    0x080077fc   0x080077fc   0x000000ec   Code   RO          555    i.MX_TIM1_Init      tim.o
    0x080078e8   0x080078e8   0x000000a4   Code   RO          556    i.MX_TIM4_Init      tim.o
    0x0800798c   0x0800798c   0x000000c4   Code   RO          557    i.MX_TIM5_Init      tim.o
    0x08007a50   0x08007a50   0x000000d4   Code   RO          558    i.MX_TIM8_Init      tim.o
    0x08007b24   0x08007b24   0x00000038   Code   RO          625    i.MX_USART1_UART_Init  usart.o
    0x08007b5c   0x08007b5c   0x00000038   Code   RO          626    i.MX_USART3_UART_Init  usart.o
    0x08007b94   0x08007b94   0x00000038   Code   RO          627    i.MX_USART6_UART_Init  usart.o
    0x08007bcc   0x08007bcc   0x000005ac   Code   RO         2902    i.MahonyAHRSupdate  mahonyahrs.o
    0x08008178   0x08008178   0x000002fc   Code   RO         2903    i.MahonyAHRSupdateIMU  mahonyahrs.o
    0x08008474   0x08008474   0x00000004   Code   RO          696    i.MemManage_Handler  stm32f4xx_it.o
    0x08008478   0x08008478   0x00000068   Code   RO         2156    i.Motor_0x1FF_SendData  monitor_rm_can.o
    0x080084e0   0x080084e0   0x00000068   Code   RO         2157    i.Motor_0x200_Can2_SendData  monitor_rm_can.o
    0x08008548   0x08008548   0x00000002   Code   RO          697    i.NMI_Handler       stm32f4xx_it.o
    0x0800854a   0x0800854a   0x00000002   PAD
    0x0800854c   0x0800854c   0x000001f0   Code   RO         2941    i.PID_calc          pid.o
    0x0800873c   0x0800873c   0x00000060   Code   RO         2943    i.PID_init          pid.o
    0x0800879c   0x0800879c   0x00000048   Code   RO         1769    i.Pit_limt_hpz      cloud_control.o
    0x080087e4   0x080087e4   0x00000044   Code   RO         3542    i.PowerMeter_Update  task_canmsg.o
    0x08008828   0x08008828   0x00000150   Code   RO         1651    i.RGB_Control       ws2812.o
    0x08008978   0x08008978   0x00000090   Code   RO         1615    i.RM_Mess_getInfo   rm_message.o
    0x08008a08   0x08008a08   0x00000170   Code   RO         2308    i.Reload_Reset      shot.o
    0x08008b78   0x08008b78   0x000000e0   Code   RO         1539    i.RemoteControl_Output  dr16_remote.o
    0x08008c58   0x08008c58   0x00000574   Code   RO         2410    i.RemoteControl_PC_Update  status_update.o
    0x080091cc   0x080091cc   0x0000000c   Code   RO         2411    i.RemoteControl_Update  status_update.o
    0x080091d8   0x080091d8   0x000001ac   Code   RO         2412    i.RemoteMode_Update  status_update.o
    0x08009384   0x08009384   0x0000001e   Code   RO         3628    i.RobotControl      task_robotcontrol.o
    0x080093a2   0x080093a2   0x00000002   PAD
    0x080093a4   0x080093a4   0x0000001c   Code   RO         2221    i.Robot_ChangeControlSource  robot_control.o
    0x080093c0   0x080093c0   0x00000010   Code   RO         2222    i.Robot_Disable     robot_control.o
    0x080093d0   0x080093d0   0x00000010   Code   RO         1877    i.Robot_Init        chassis_control.o
    0x080093e0   0x080093e0   0x00000010   Code   RO         2223    i.Robot_Reset       robot_control.o
    0x080093f0   0x080093f0   0x00000010   Code   RO         2224    i.Robot_Soft_Reset  robot_control.o
    0x08009400   0x08009400   0x0000001a   Code   RO         2225    i.Robot_control     robot_control.o
    0x0800941a   0x0800941a   0x00000002   PAD
    0x0800941c   0x0800941c   0x00000084   Code   RO         2309    i.Roll_Init         shot.o
    0x080094a0   0x080094a0   0x0000018c   Code   RO         2310    i.Roll_Mode         shot.o
    0x0800962c   0x0800962c   0x00000040   Code   RO         2311    i.Roll_Preload      shot.o
    0x0800966c   0x0800966c   0x0000273c   Code   RO         3345    i.SPI1_DMA_enable   bsp_spi.o
    0x0800bda8   0x0800bda8   0x00000180   Code   RO         3346    i.SPI1_DMA_init     bsp_spi.o
    0x0800bf28   0x0800bf28   0x0000006c   Code   RO         5638    i.SPI_EndRxTxTransaction  stm32f4xx_hal_spi.o
    0x0800bf94   0x0800bf94   0x000000d8   Code   RO         5643    i.SPI_WaitFlagStateUntilTimeout  stm32f4xx_hal_spi.o
    0x0800c06c   0x0800c06c   0x00000002   Code   RO         1878    i.Ship_ChassisWorkMode_Follow  chassis_control.o
    0x0800c06e   0x0800c06e   0x00000002   PAD
    0x0800c070   0x0800c070   0x00000010   Code   RO         2312    i.Shoot_MotorInObstruct  shot.o
    0x0800c080   0x0800c080   0x00000008   Code   RO         2226    i.Shot_control      robot_control.o
    0x0800c088   0x0800c088   0x0000007c   Code   RO         3028    i.SpeedRampCalc     speedramp.o
    0x0800c104   0x0800c104   0x0000004c   Code   RO         2313    i.Speed_Reme        shot.o
    0x0800c150   0x0800c150   0x0000009c   Code   RO         2314    i.State_detection   shot.o
    0x0800c1ec   0x0800c1ec   0x0000006c   Code   RO         1652    i.Supcap_stauts     ws2812.o
    0x0800c258   0x0800c258   0x00000034   Code   RO         8723    i.SysTick_Handler   port.o
    0x0800c28c   0x0800c28c   0x000000b4   Code   RO            6    i.SystemClock_Config  main.o
    0x0800c340   0x0800c340   0x00000064   Code   RO         3466    i.SystemInit        system_stm32f4xx.o
    0x0800c3a4   0x0800c3a4   0x00000010   Code   RO          698    i.TIM6_DAC_IRQHandler  stm32f4xx_it.o
    0x0800c3b4   0x0800c3b4   0x000000d8   Code   RO         6006    i.TIM_Base_SetConfig  stm32f4xx_hal_tim.o
    0x0800c48c   0x0800c48c   0x00000022   Code   RO         6007    i.TIM_CCxChannelCmd  stm32f4xx_hal_tim.o
    0x0800c4ae   0x0800c4ae   0x00000068   Code   RO         6010    i.TIM_DMADelayPulseCplt  stm32f4xx_hal_tim.o
    0x0800c516   0x0800c516   0x00000040   Code   RO         6011    i.TIM_DMADelayPulseHalfCplt  stm32f4xx_hal_tim.o
    0x0800c556   0x0800c556   0x0000005e   Code   RO         6012    i.TIM_DMAError      stm32f4xx_hal_tim.o
    0x0800c5b4   0x0800c5b4   0x00000016   Code   RO         6017    i.TIM_ETR_SetConfig  stm32f4xx_hal_tim.o
    0x0800c5ca   0x0800c5ca   0x00000012   Code   RO         6018    i.TIM_ITRx_SetConfig  stm32f4xx_hal_tim.o
    0x0800c5dc   0x0800c5dc   0x00000070   Code   RO         6019    i.TIM_OC1_SetConfig  stm32f4xx_hal_tim.o
    0x0800c64c   0x0800c64c   0x0000007c   Code   RO         6020    i.TIM_OC2_SetConfig  stm32f4xx_hal_tim.o
    0x0800c6c8   0x0800c6c8   0x00000078   Code   RO         6021    i.TIM_OC3_SetConfig  stm32f4xx_hal_tim.o
    0x0800c740   0x0800c740   0x00000054   Code   RO         6022    i.TIM_OC4_SetConfig  stm32f4xx_hal_tim.o
    0x0800c794   0x0800c794   0x00000026   Code   RO         6024    i.TIM_TI1_ConfigInputStage  stm32f4xx_hal_tim.o
    0x0800c7ba   0x0800c7ba   0x00000028   Code   RO         6026    i.TIM_TI2_ConfigInputStage  stm32f4xx_hal_tim.o
    0x0800c7e2   0x0800c7e2   0x00000014   Code   RO         6937    i.UART_DMAAbortOnError  stm32f4xx_hal_uart.o
    0x0800c7f6   0x0800c7f6   0x0000006c   Code   RO         6947    i.UART_EndRxTransfer  stm32f4xx_hal_uart.o
    0x0800c862   0x0800c862   0x00000020   Code   RO         6948    i.UART_EndTransmit_IT  stm32f4xx_hal_uart.o
    0x0800c882   0x0800c882   0x000000f8   Code   RO         6950    i.UART_Receive_IT   stm32f4xx_hal_uart.o
    0x0800c97a   0x0800c97a   0x00000002   PAD
    0x0800c97c   0x0800c97c   0x0000022c   Code   RO         6951    i.UART_SetConfig    stm32f4xx_hal_uart.o
    0x0800cba8   0x0800cba8   0x00000060   Code   RO         6954    i.UART_Transmit_IT  stm32f4xx_hal_uart.o
    0x0800cc08   0x0800cc08   0x00000092   Code   RO         6955    i.UART_WaitOnFlagUntilTimeout  stm32f4xx_hal_uart.o
    0x0800cc9a   0x0800cc9a   0x00000002   PAD
    0x0800cc9c   0x0800cc9c   0x00000050   Code   RO          699    i.USART1_IRQHandler  stm32f4xx_it.o
    0x0800ccec   0x0800ccec   0x00000088   Code   RO          700    i.USART3_IRQHandler  stm32f4xx_it.o
    0x0800cd74   0x0800cd74   0x00000010   Code   RO          701    i.USART6_IRQHandler  stm32f4xx_it.o
    0x0800cd84   0x0800cd84   0x00000044   Code   RO         1540    i.USART_Receive_DMA_NO_IT  dr16_remote.o
    0x0800cdc8   0x0800cdc8   0x00000044   Code   RO         2004    i.USART_Receive_DMA_NO_IT  control_vision.o
    0x0800ce0c   0x0800ce0c   0x00000004   Code   RO          702    i.UsageFault_Handler  stm32f4xx_it.o
    0x0800ce10   0x0800ce10   0x000001fc   Code   RO         2005    i.Vision_DataReceive  control_vision.o
    0x0800d00c   0x0800d00c   0x00000050   Code   RO         2006    i.Vision_Handler    control_vision.o
    0x0800d05c   0x0800d05c   0x00000064   Code   RO         2009    i.Vision_Init       control_vision.o
    0x0800d0c0   0x0800d0c0   0x00000044   Code   RO         2010    i.Vision_USART_Receive_DMA  control_vision.o
    0x0800d104   0x0800d104   0x0000004c   Code   RO         2011    i.Vision_classdef_SendToPC  control_vision.o
    0x0800d150   0x0800d150   0x0000007c   Code   RO         2013    i.Vision_processing  control_vision.o
    0x0800d1cc   0x0800d1cc   0x000004dc   Code   RO         1770    i.YawWorkMode_Follow  cloud_control.o
    0x0800d6a8   0x0800d6a8   0x00000026   Code   RO         8947    i.__ARM_fpclassifyf  m_wm.l(fpclassifyf.o)
    0x0800d6ce   0x0800d6ce   0x0000000e   Code   RO         2014    i.__ARM_isnanf      control_vision.o
    0x0800d6dc   0x0800d6dc   0x00000010   Code   RO         4719    i.__NVIC_GetPriorityGrouping  stm32f4xx_hal_cortex.o
    0x0800d6ec   0x0800d6ec   0x00000028   Code   RO         4720    i.__NVIC_SetPriority  stm32f4xx_hal_cortex.o
    0x0800d714   0x0800d714   0x0000012c   Code   RO         8799    i.__hardfp_asinf    m_wm.l(asinf.o)
    0x0800d840   0x0800d840   0x000002ac   Code   RO         8823    i.__hardfp_atan2f   m_wm.l(atan2f.o)
    0x0800daec   0x0800daec   0x0000007a   Code   RO         8879    i.__hardfp_sqrt     m_wm.l(sqrt.o)
    0x0800db66   0x0800db66   0x00000006   Code   RO         8950    i.__mathlib_flt_infnan  m_wm.l(funder.o)
    0x0800db6c   0x0800db6c   0x00000006   Code   RO         8951    i.__mathlib_flt_infnan2  m_wm.l(funder.o)
    0x0800db72   0x0800db72   0x00000002   PAD
    0x0800db74   0x0800db74   0x00000010   Code   RO         8952    i.__mathlib_flt_invalid  m_wm.l(funder.o)
    0x0800db84   0x0800db84   0x00000010   Code   RO         8955    i.__mathlib_flt_underflow  m_wm.l(funder.o)
    0x0800db94   0x0800db94   0x0000000e   Code   RO         9045    i.__scatterload_copy  mc_w.l(handlers.o)
    0x0800dba2   0x0800dba2   0x00000002   Code   RO         9046    i.__scatterload_null  mc_w.l(handlers.o)
    0x0800dba4   0x0800dba4   0x0000000e   Code   RO         9047    i.__scatterload_zeroinit  mc_w.l(handlers.o)
    0x0800dbb2   0x0800dbb2   0x00000002   PAD
    0x0800dbb4   0x0800dbb4   0x0000000c   Code   RO         9013    i.__set_errno       mc_w.l(errno.o)
    0x0800dbc0   0x0800dbc0   0x00000068   Code   RO         3316    i.aRGB_led_show     bsp_led.o
    0x0800dc28   0x0800dc28   0x0000002e   Code   RO         2947    i.abs_limit         pid.o
    0x0800dc56   0x0800dc56   0x00000002   PAD
    0x0800dc58   0x0800dc58   0x00000134   Code   RO          919    i.bmi088_accel_init  bmi088driver.o
    0x0800dd8c   0x0800dd8c   0x000002fc   Code   RO          920    i.bmi088_accel_self_test  bmi088driver.o
    0x0800e088   0x0800e088   0x000000f4   Code   RO          921    i.bmi088_gyro_init  bmi088driver.o
    0x0800e17c   0x0800e17c   0x000000d0   Code   RO          922    i.bmi088_gyro_self_test  bmi088driver.o
    0x0800e24c   0x0800e24c   0x000000ec   Code   RO         2452    i.cali_data_read    calibrate_task.o
    0x0800e338   0x0800e338   0x0000008c   Code   RO         2453    i.cali_data_write   calibrate_task.o
    0x0800e3c4   0x0800e3c4   0x0000004c   Code   RO         2454    i.cali_gyro_hook    calibrate_task.o
    0x0800e410   0x0800e410   0x000000c4   Code   RO         2455    i.cali_param_init   calibrate_task.o
    0x0800e4d4   0x0800e4d4   0x000001a4   Code   RO         2456    i.calibrate_task    calibrate_task.o
    0x0800e678   0x0800e678   0x00000030   Code   RO         3190    i.delay_init        bsp_delay.o
    0x0800e6a8   0x0800e6a8   0x00000050   Code   RO         3192    i.delay_us          bsp_delay.o
    0x0800e6f8   0x0800e6f8   0x0000002e   Code   RO         3231    i.flash_erase_address  bsp_flash.o
    0x0800e726   0x0800e726   0x00000014   Code   RO         3232    i.flash_read        bsp_flash.o
    0x0800e73a   0x0800e73a   0x00000002   PAD
    0x0800e73c   0x0800e73c   0x00000098   Code   RO         3234    i.flash_write_single_address  bsp_flash.o
    0x0800e7d4   0x0800e7d4   0x000000f4   Code   RO         3235    i.ger_sector        bsp_flash.o
    0x0800e8c8   0x0800e8c8   0x000000dc   Code   RO         2635    i.get_angle         ins_task.o
    0x0800e9a4   0x0800e9a4   0x000000e8   Code   RO         3236    i.get_next_flash_address  bsp_flash.o
    0x0800ea8c   0x0800ea8c   0x00000054   Code   RO         2636    i.gyro_offset_calc  ins_task.o
    0x0800eae0   0x0800eae0   0x00000040   Code   RO         2315    i.if_or_no          shot.o
    0x0800eb20   0x0800eb20   0x0000012c   Code   RO         2637    i.imu_cali_slove    ins_task.o
    0x0800ec4c   0x0800ec4c   0x00000168   Code   RO         2638    i.imu_cmd_spi_dma   ins_task.o
    0x0800edb4   0x0800edb4   0x0000000c   Code   RO         3288    i.imu_pwm_set       bsp_imu_pwm.o
    0x0800edc0   0x0800edc0   0x000000a4   Code   RO         2639    i.imu_temp_control  ins_task.o
    0x0800ee64   0x0800ee64   0x0000003c   Code   RO         2904    i.invSqrt           mahonyahrs.o
    0x0800eea0   0x0800eea0   0x00000002   Code   RO         1312    i.ist8310_GPIO_init  ist8310driver_middleware.o
    0x0800eea2   0x0800eea2   0x00000002   PAD
    0x0800eea4   0x0800eea4   0x00000028   Code   RO         1314    i.ist8310_IIC_read_single_reg  ist8310driver_middleware.o
    0x0800eecc   0x0800eecc   0x00000028   Code   RO         1316    i.ist8310_IIC_write_single_reg  ist8310driver_middleware.o
    0x0800eef4   0x0800eef4   0x00000014   Code   RO         1317    i.ist8310_RST_H     ist8310driver_middleware.o
    0x0800ef08   0x0800ef08   0x00000014   Code   RO         1318    i.ist8310_RST_L     ist8310driver_middleware.o
    0x0800ef1c   0x0800ef1c   0x00000002   Code   RO         1319    i.ist8310_com_init  ist8310driver_middleware.o
    0x0800ef1e   0x0800ef1e   0x0000000c   Code   RO         1320    i.ist8310_delay_ms  ist8310driver_middleware.o
    0x0800ef2a   0x0800ef2a   0x00000002   PAD
    0x0800ef2c   0x0800ef2c   0x00000094   Code   RO         1499    i.ist8310_init      ist8310driver.o
    0x0800efc0   0x0800efc0   0x000001b0   Code   RO         2747    i.led_RGB_flow_task  led_flow_task.o
    0x0800f170   0x0800f170   0x0000004c   Code   RO            7    i.main              main.o
    0x0800f1bc   0x0800f1bc   0x0000000e   Code   RO         8288    i.makeFreeRtosPriority  cmsis_os.o
    0x0800f1ca   0x0800f1ca   0x00000018   Code   RO         8290    i.osDelay           cmsis_os.o
    0x0800f1e2   0x0800f1e2   0x0000000a   Code   RO         8293    i.osKernelStart     cmsis_os.o
    0x0800f1ec   0x0800f1ec   0x00000028   Code   RO         8302    i.osMessageCreate   cmsis_os.o
    0x0800f214   0x0800f214   0x0000005e   Code   RO         8327    i.osThreadCreate    cmsis_os.o
    0x0800f272   0x0800f272   0x00000002   PAD
    0x0800f274   0x0800f274   0x00000030   Code   RO         7755    i.pcTaskGetName     tasks.o
    0x0800f2a4   0x0800f2a4   0x000000a4   Code   RO         7756    i.prvAddCurrentTaskToDelayedList  tasks.o
    0x0800f348   0x0800f348   0x000000b4   Code   RO         7757    i.prvAddNewTaskToReadyList  tasks.o
    0x0800f3fc   0x0800f3fc   0x00000074   Code   RO         8120    i.prvCheckForValidListAndQueue  timers.o
    0x0800f470   0x0800f470   0x00000048   Code   RO         7758    i.prvCheckTasksWaitingTermination  tasks.o
    0x0800f4b8   0x0800f4b8   0x0000002a   Code   RO         7403    i.prvCopyDataFromQueue  queue.o
    0x0800f4e2   0x0800f4e2   0x0000007e   Code   RO         7404    i.prvCopyDataToQueue  queue.o
    0x0800f560   0x0800f560   0x00000050   Code   RO         7759    i.prvDeleteTCB      tasks.o
    0x0800f5b0   0x0800f5b0   0x00000028   Code   RO         8121    i.prvGetNextExpireTime  timers.o
    0x0800f5d8   0x0800f5d8   0x0000007c   Code   RO         8667    i.prvHeapInit       heap_4.o
    0x0800f654   0x0800f654   0x00000028   Code   RO         7760    i.prvIdleTask       tasks.o
    0x0800f67c   0x0800f67c   0x00000026   Code   RO         7407    i.prvInitialiseNewQueue  queue.o
    0x0800f6a2   0x0800f6a2   0x000000c2   Code   RO         7761    i.prvInitialiseNewTask  tasks.o
    0x0800f764   0x0800f764   0x00000068   Code   RO         7762    i.prvInitialiseTaskLists  tasks.o
    0x0800f7cc   0x0800f7cc   0x00000068   Code   RO         8668    i.prvInsertBlockIntoFreeList  heap_4.o
    0x0800f834   0x0800f834   0x00000058   Code   RO         8123    i.prvInsertTimerInActiveList  timers.o
    0x0800f88c   0x0800f88c   0x0000001a   Code   RO         7408    i.prvIsQueueEmpty   queue.o
    0x0800f8a6   0x0800f8a6   0x0000001e   Code   RO         7409    i.prvIsQueueFull    queue.o
    0x0800f8c4   0x0800f8c4   0x00000074   Code   RO         8124    i.prvProcessExpiredTimer  timers.o
    0x0800f938   0x0800f938   0x00000164   Code   RO         8125    i.prvProcessReceivedCommands  timers.o
    0x0800fa9c   0x0800fa9c   0x00000074   Code   RO         8126    i.prvProcessTimerOrBlockTask  timers.o
    0x0800fb10   0x0800fb10   0x00000034   Code   RO         7763    i.prvResetNextTaskUnblockTime  tasks.o
    0x0800fb44   0x0800fb44   0x0000002c   Code   RO         8127    i.prvSampleTimeNow  timers.o
    0x0800fb70   0x0800fb70   0x000000b0   Code   RO         7764    i.prvSearchForNameWithinSingleList  tasks.o
    0x0800fc20   0x0800fc20   0x000000a4   Code   RO         8128    i.prvSwitchTimerLists  timers.o
    0x0800fcc4   0x0800fcc4   0x00000016   Code   RO         7765    i.prvTaskCheckFreeStackSpace  tasks.o
    0x0800fcda   0x0800fcda   0x00000002   PAD
    0x0800fcdc   0x0800fcdc   0x00000040   Code   RO         8724    i.prvTaskExitError  port.o
    0x0800fd1c   0x0800fd1c   0x0000001a   Code   RO         8129    i.prvTimerTask      timers.o
    0x0800fd36   0x0800fd36   0x0000007e   Code   RO         7410    i.prvUnlockQueue    queue.o
    0x0800fdb4   0x0800fdb4   0x0000014c   Code   RO         8669    i.pvPortMalloc      heap_4.o
    0x0800ff00   0x0800ff00   0x0000002c   Code   RO         8725    i.pxPortInitialiseStack  port.o
    0x0800ff2c   0x0800ff2c   0x00000084   Code   RO         1882    i.read_start_imu    chassis_control.o
    0x0800ffb0   0x0800ffb0   0x00000078   Code   RO         2316    i.roll_shot_go      shot.o
    0x08010028   0x08010028   0x00000158   Code   RO         2317    i.shot_IRQHandler   shot.o
    0x08010180   0x08010180   0x0000003e   Code   RO         8979    i.sqrtf             m_wm.l(sqrtf.o)
    0x080101be   0x080101be   0x00000002   PAD
    0x080101c0   0x080101c0   0x00000074   Code   RO         7768    i.ulTaskNotifyTake  tasks.o
    0x08010234   0x08010234   0x00000028   Code   RO         7363    i.uxListRemove      list.o
    0x0801025c   0x0801025c   0x00000028   Code   RO         7771    i.uxTaskGetStackHighWaterMark  tasks.o
    0x08010284   0x08010284   0x00000018   Code   RO          276    i.vApplicationGetIdleTaskMemory  freertos.o
    0x0801029c   0x0801029c   0x00000018   Code   RO          277    i.vApplicationGetTimerTaskMemory  freertos.o
    0x080102b4   0x080102b4   0x0000001a   Code   RO         7364    i.vListInitialise   list.o
    0x080102ce   0x080102ce   0x00000006   Code   RO         7365    i.vListInitialiseItem  list.o
    0x080102d4   0x080102d4   0x00000034   Code   RO         7366    i.vListInsert       list.o
    0x08010308   0x08010308   0x00000018   Code   RO         7367    i.vListInsertEnd    list.o
    0x08010320   0x08010320   0x00000054   Code   RO         8727    i.vPortEnterCritical  port.o
    0x08010374   0x08010374   0x0000003c   Code   RO         8728    i.vPortExitCritical  port.o
    0x080103b0   0x080103b0   0x000000a4   Code   RO         8670    i.vPortFree         heap_4.o
    0x08010454   0x08010454   0x00000028   Code   RO         8729    i.vPortSetupTimerInterrupt  port.o
    0x0801047c   0x0801047c   0x00000078   Code   RO         8730    i.vPortValidateInterruptPriority  port.o
    0x080104f4   0x080104f4   0x0000002c   Code   RO         7414    i.vQueueAddToRegistry  queue.o
    0x08010520   0x08010520   0x0000004a   Code   RO         7417    i.vQueueWaitForMessageRestricted  queue.o
    0x0801056a   0x0801056a   0x00000002   PAD
    0x0801056c   0x0801056c   0x0000005c   Code   RO         7775    i.vTaskDelay        tasks.o
    0x080105c8   0x080105c8   0x000000d4   Code   RO         7776    i.vTaskDelayUntil   tasks.o
    0x0801069c   0x0801069c   0x000000f4   Code   RO         7777    i.vTaskDelete       tasks.o
    0x08010790   0x08010790   0x00000018   Code   RO         7779    i.vTaskInternalSetTimeOutState  tasks.o
    0x080107a8   0x080107a8   0x0000000c   Code   RO         7780    i.vTaskMissedYield  tasks.o
    0x080107b4   0x080107b4   0x000000f0   Code   RO         7781    i.vTaskNotifyGiveFromISR  tasks.o
    0x080108a4   0x080108a4   0x00000038   Code   RO         7782    i.vTaskPlaceOnEventList  tasks.o
    0x080108dc   0x080108dc   0x00000040   Code   RO         7783    i.vTaskPlaceOnEventListRestricted  tasks.o
    0x0801091c   0x0801091c   0x000000b8   Code   RO         7790    i.vTaskStartScheduler  tasks.o
    0x080109d4   0x080109d4   0x00000010   Code   RO         7792    i.vTaskSuspendAll   tasks.o
    0x080109e4   0x080109e4   0x0000008c   Code   RO         7793    i.vTaskSwitchContext  tasks.o
    0x08010a70   0x08010a70   0x0000003c   Code   RO         1657    i.ws2812_init       ws2812.o
    0x08010aac   0x08010aac   0x00000068   Code   RO         1660    i.ws2812_set_RGB    ws2812.o
    0x08010b14   0x08010b14   0x00000048   Code   RO         1661    i.ws2812_stauts     ws2812.o
    0x08010b5c   0x08010b5c   0x00000168   Code   RO         8731    i.xPortStartScheduler  port.o
    0x08010cc4   0x08010cc4   0x0000005a   Code   RO         7420    i.xQueueGenericCreate  queue.o
    0x08010d1e   0x08010d1e   0x000000e0   Code   RO         7421    i.xQueueGenericCreateStatic  queue.o
    0x08010dfe   0x08010dfe   0x00000002   PAD
    0x08010e00   0x08010e00   0x00000098   Code   RO         7422    i.xQueueGenericReset  queue.o
    0x08010e98   0x08010e98   0x000001a8   Code   RO         7423    i.xQueueGenericSend  queue.o
    0x08011040   0x08011040   0x000000fc   Code   RO         7424    i.xQueueGenericSendFromISR  queue.o
    0x0801113c   0x0801113c   0x00000168   Code   RO         7432    i.xQueueReceive     queue.o
    0x080112a4   0x080112a4   0x000000a8   Code   RO         7796    i.xTaskCheckForTimeOut  tasks.o
    0x0801134c   0x0801134c   0x00000064   Code   RO         7797    i.xTaskCreate       tasks.o
    0x080113b0   0x080113b0   0x000000ba   Code   RO         7798    i.xTaskCreateStatic  tasks.o
    0x0801146a   0x0801146a   0x00000002   PAD
    0x0801146c   0x0801146c   0x000000a4   Code   RO         7802    i.xTaskGetHandle    tasks.o
    0x08011510   0x08011510   0x00000020   Code   RO         7803    i.xTaskGetSchedulerState  tasks.o
    0x08011530   0x08011530   0x0000000c   Code   RO         7804    i.xTaskGetTickCount  tasks.o
    0x0801153c   0x0801153c   0x00000148   Code   RO         7806    i.xTaskIncrementTick  tasks.o
    0x08011684   0x08011684   0x000000c8   Code   RO         7809    i.xTaskPriorityDisinherit  tasks.o
    0x0801174c   0x0801174c   0x00000098   Code   RO         7811    i.xTaskRemoveFromEventList  tasks.o
    0x080117e4   0x080117e4   0x00000104   Code   RO         7812    i.xTaskResumeAll    tasks.o
    0x080118e8   0x080118e8   0x00000078   Code   RO         8136    i.xTimerCreateTimerTask  timers.o
    0x08011960   0x08011960   0x00000084   Code   RO         8137    i.xTimerGenericCommand  timers.o
    0x080119e4   0x080119e4   0x00000138   Data   RO          279    .constdata          freertos.o
    0x08011b1c   0x08011b1c   0x00000012   Data   RO          927    .constdata          bmi088driver.o
    0x08011b2e   0x08011b2e   0x0000000c   Data   RO         1502    .constdata          ist8310driver.o
    0x08011b3a   0x08011b3a   0x00000003   Data   RO         2458    .constdata          calibrate_task.o
    0x08011b3d   0x08011b3d   0x00000003   PAD
    0x08011b40   0x08011b40   0x00000018   Data   RO         2641    .constdata          ins_task.o
    0x08011b58   0x08011b58   0x00000100   Data   RO         3086    .constdata          crc.o
    0x08011c58   0x08011c58   0x00000018   Data   RO         3467    .constdata          system_stm32f4xx.o
    0x08011c70   0x08011c70   0x00000008   Data   RO         4436    .constdata          stm32f4xx_hal_dma.o
    0x08011c78   0x08011c78   0x0000006d   Data   RO          280    .conststring        freertos.o
    0x08011ce5   0x08011ce5   0x00000003   PAD
    0x08011ce8   0x08011ce8   0x00000020   Data   RO         9043    Region$$Table       anon$$obj.o


    Execution Region RW_IRAM1 (Exec base: 0x20000000, Load base: 0x08011d08, Size: 0x0000a908, Max: 0x00020000, ABSOLUTE, COMPRESSED[0x000002b0])

    Exec Addr    Load Addr    Size         Type   Attr      Idx    E Section Name        Object

    0x20000000   COMPRESSED   0x00000034   Data   RW          281    .data               freertos.o
    0x20000034   COMPRESSED   0x00000004   Data   RW          399    .data               can.o
    0x20000038   COMPRESSED   0x00000004   Data   RW          703    .data               stm32f4xx_it.o
    0x2000003c   COMPRESSED   0x0000002c   Data   RW          928    .data               bmi088driver.o
    0x20000068   COMPRESSED   0x00000012   Data   RW         1266    .data               dji_imu.o
    0x2000007a   COMPRESSED   0x00000002   PAD
    0x2000007c   COMPRESSED   0x00000014   Data   RW         1397    .data               m2006_motor.o
    0x20000090   COMPRESSED   0x00000018   Data   RW         1468    .data               m6020_motor.o
    0x200000a8   COMPRESSED   0x00000064   Data   RW         1542    .data               dr16_remote.o
    0x2000010c   COMPRESSED   0x00000006   Data   RW         1663    .data               ws2812.o
    0x20000112   COMPRESSED   0x00000002   PAD
    0x20000114   COMPRESSED   0x0000027c   Data   RW         1772    .data               cloud_control.o
    0x20000390   COMPRESSED   0x00000440   Data   RW         1883    .data               chassis_control.o
    0x200007d0   COMPRESSED   0x000000e0   Data   RW         2016    .data               control_vision.o
    0x200008b0   COMPRESSED   0x00000004   Data   RW         2227    .data               robot_control.o
    0x200008b4   COMPRESSED   0x00000124   Data   RW         2319    .data               shot.o
    0x200009d8   COMPRESSED   0x00000060   Data   RW         2413    .data               status_update.o
    0x20000a38   COMPRESSED   0x00000014   Data   RW         2459    .data               calibrate_task.o
    0x20000a4c   COMPRESSED   0x000000a0   Data   RW         2642    .data               ins_task.o
    0x20000aec   COMPRESSED   0x0000001c   Data   RW         2748    .data               led_flow_task.o
    0x20000b08   COMPRESSED   0x00000014   Data   RW         2905    .data               mahonyahrs.o
    0x20000b1c   COMPRESSED   0x00000008   Data   RW         3193    .data               bsp_delay.o
    0x20000b24   COMPRESSED   0x00000010   Data   RW         3237    .data               bsp_flash.o
    0x20000b34   COMPRESSED   0x00000008   Data   RW         3317    .data               bsp_led.o
    0x20000b3c   COMPRESSED   0x00000004   Data   RW         3468    .data               system_stm32f4xx.o
    0x20000b40   COMPRESSED   0x00000014   Data   RW         3543    .data               task_canmsg.o
    0x20000b54   COMPRESSED   0x00000009   Data   RW         4868    .data               stm32f4xx_hal.o
    0x20000b5d   COMPRESSED   0x00000003   PAD
    0x20000b60   COMPRESSED   0x0000003c   Data   RW         7815    .data               tasks.o
    0x20000b9c   COMPRESSED   0x00000014   Data   RW         8145    .data               timers.o
    0x20000bb0   COMPRESSED   0x00000020   Data   RW         8676    .data               heap_4.o
    0x20000bd0   COMPRESSED   0x0000000c   Data   RW         8732    .data               port.o
    0x20000bdc   COMPRESSED   0x00000004   Data   RW         9014    .data               mc_w.l(errno.o)
    0x20000be0        -       0x000006a8   Zero   RW          278    .bss                freertos.o
    0x20001288        -       0x00000050   Zero   RW          398    .bss                can.o
    0x200012d8        -       0x00000054   Zero   RW          470    .bss                i2c.o
    0x2000132c        -       0x00000118   Zero   RW          512    .bss                spi.o
    0x20001444        -       0x000001c8   Zero   RW          559    .bss                tim.o
    0x2000160c        -       0x000001ec   Zero   RW          629    .bss                usart.o
    0x200017f8        -       0x00000048   Zero   RW          873    .bss                stm32f4xx_hal_timebase_tim.o
    0x20001840        -       0x0000002c   Zero   RW         1265    .bss                dji_imu.o
    0x2000186c        -       0x00000174   Zero   RW         1396    .bss                m2006_motor.o
    0x200019e0        -       0x00000428   Zero   RW         1467    .bss                m6020_motor.o
    0x20001e08        -       0x00000030   Zero   RW         1541    .bss                dr16_remote.o
    0x20001e38        -       0x00000030   Zero   RW         1616    .bss                rm_message.o
    0x20001e68        -       0x000002b0   Zero   RW         1662    .bss                ws2812.o
    0x20002118        -       0x00000087   Zero   RW         2015    .bss                control_vision.o
    0x2000219f   COMPRESSED   0x00000001   PAD
    0x200021a0        -       0x00000018   Zero   RW         2160    .bss                monitor_rm_can.o
    0x200021b8        -       0x0000028c   Zero   RW         2318    .bss                shot.o
    0x20002444        -       0x00000041   Zero   RW         2457    .bss                calibrate_task.o
    0x20002485   COMPRESSED   0x00000003   PAD
    0x20002488        -       0x00000134   Zero   RW         2640    .bss                ins_task.o
    0x200025bc        -       0x0000000a   Zero   RW         3156    .bss                bsp_buzzer.o
    0x200025c6   COMPRESSED   0x00000002   PAD
    0x200025c8        -       0x000000dc   Zero   RW         3425    .bss                bsp_can.o
    0x200026a4        -       0x00000020   Zero   RW         4090    .bss                stm32f4xx_hal_flash.o
    0x200026c4        -       0x00000040   Zero   RW         7435    .bss                queue.o
    0x20002704        -       0x000000f0   Zero   RW         7814    .bss                tasks.o
    0x200027f4        -       0x00000110   Zero   RW         8144    .bss                timers.o
    0x20002904        -       0x00006000   Zero   RW         8675    .bss                heap_4.o
    0x20008904   COMPRESSED   0x00000004   PAD
    0x20008908        -       0x00002000   Zero   RW         3144    STACK               startup_stm32f407xx.o


==============================================================================

Image component sizes


      Code (inc. data)   RO Data    RW Data    ZI Data      Debug   Object Name

      2338         40         18         44          0      15643   bmi088driver.o
       140         28          0          0          0       4700   bmi088middleware.o
       332         18          0          0         10       1935   bsp_buzzer.o
       276         14          0          0        220       3491   bsp_can.o
       128         20          0          8          0       1312   bsp_delay.o
       694        108          0         16          0       4005   bsp_flash.o
        12          4          0          0          0        490   bsp_imu_pwm.o
       104         22          0          8          0        580   bsp_led.o
     10428        170          0          0          0       5646   bsp_spi.o
      1068         86          3         20         65     591852   calibrate_task.o
       492         42          0          4         80       2450   can.o
       498         56          0       1088          0       9013   chassis_control.o
      1408        186          0        636          0       6640   cloud_control.o
       182          0          0          0          0      23677   cmsis_os.o
      1118        114          0        224        135      14056   control_vision.o
        36          6        256          0          0       1196   crc.o
       328         30          0         18         44       1834   dji_imu.o
       168          6          0          0          0        838   dma.o
      1452         72          0        100         48       8910   dr16_remote.o
         0          0          0          0          0      19712   event_groups.o
       612        110        421         52       1704      11805   freertos.o
       564         22          0          0          0       1311   gpio.o
       724         74          0         32      24576       4915   heap_4.o
       260         30          0          0         84       1721   i2c.o
      4610        332         24        160        308      15887   ins_task.o
       148          6         12          0          0       1891   ist8310driver.o
       136         22          0          0          0       3907   ist8310driver_middleware.o
       432         10          0         28          0       1677   led_flow_task.o
       148          0          0          0          0       3610   list.o
       344         16          0         20        372       3727   m2006_motor.o
       328         16          0         24       1064       2829   m6020_motor.o
      2276         72          0         20          0       4877   mahonyahrs.o
       282         16          0          0          0     758932   main.o
       416         34          0          0         24       3321   monitor_rm_can.o
      1082         12          0          0          0       5663   pid.o
      1014         92          0         12          0      12125   port.o
      2008         20          0          0         64      18498   queue.o
       144          4          0          0         48       1862   rm_message.o
       206         28          0          4          0      10533   robot_control.o
      2296        324          0        292        652      11967   shot.o
       232         10          0          0          0       1881   speedramp.o
       416         38          0          0        280       1931   spi.o
        36          8        392          0       8192        808   startup_stm32f407xx.o
      1836        194          0         96          0       3450   status_update.o
        96         20          0          9          0       8126   stm32f4xx_hal.o
      2136          6          0          0          0      15087   stm32f4xx_hal_can.o
       320         30          0          0          0      34377   stm32f4xx_hal_cortex.o
      1538         16          8          0          0       8002   stm32f4xx_hal_dma.o
       652         64          0          0         32       6058   stm32f4xx_hal_flash.o
       432         26          0          0          0       3302   stm32f4xx_hal_flash_ex.o
       556         50          0          0          0       3458   stm32f4xx_hal_gpio.o
      2856         46          0          0          0      11774   stm32f4xx_hal_i2c.o
        84          6          0          0          0        850   stm32f4xx_hal_msp.o
      1888         94          0          0          0       6345   stm32f4xx_hal_rcc.o
      1078         14          0          0          0       4709   stm32f4xx_hal_spi.o
      3398        212          0          0          0      21872   stm32f4xx_hal_tim.o
       300         30          0          0          0       3361   stm32f4xx_hal_tim_ex.o
       180         20          0          0         72       1467   stm32f4xx_hal_timebase_tim.o
      2274         14          0          0          0      11756   stm32f4xx_hal_uart.o
       460         82          0          4          0      15612   stm32f4xx_it.o
         0          0          0          0          0        384   stream_buffer.o
       100         18         24          4          0       1179   system_stm32f4xx.o
       264         26          0         20          0       2411   task_canmsg.o
        56         12          0          0          0       1080   task_debug.o
        32          4          0          0          0       1147   task_host.o
       232         38          0          0          0       1291   task_imu_send.o
        30          0          0          0          0       1071   task_robotcontrol.o
      4174        474          0         60        240      36081   tasks.o
      1688        128          0          0        456       5992   tim.o
      1318        124          0         20        272      30723   timers.o
       860         86          0          0        492       3433   usart.o
        26          0          0          0          0        592   user_filter.o
       680         60          0          6        688       9691   ws2812.o

    ----------------------------------------------------------------------
     69526       4212       1196       3036      40232    1858339   Object Totals
         0          0         32          0          0          0   (incl. Generated)
        66          0          6          7         10          0   (incl. Padding)

    ----------------------------------------------------------------------

      Code (inc. data)   RO Data    RW Data    ZI Data      Debug   Library Member Name

       300         42          0          0          0        176   asinf.o
       684         90          0          0          0        208   atan2f.o
        38          0          0          0          0        116   fpclassifyf.o
        44         12          0          0          0        464   funder.o
       122          0          0          0          0        148   sqrt.o
        62          0          0          0          0        136   sqrtf.o
        86          0          0          0          0          0   __dczerorl2.o
         0          0          0          0          0          0   entry.o
         0          0          0          0          0          0   entry10a.o
         0          0          0          0          0          0   entry11a.o
         4          0          0          0          0          0   entry12b.o
         8          4          0          0          0          0   entry2.o
         4          0          0          0          0          0   entry5.o
         0          0          0          0          0          0   entry7b.o
         0          0          0          0          0          0   entry8b.o
         8          4          0          0          0          0   entry9a.o
        12          6          0          4          0         68   errno.o
        30          0          0          0          0          0   handlers.o
        36          8          0          0          0         68   init.o
         0          0          0          0          0          0   iusefp.o
        30          0          0          0          0         68   llshl.o
        32          0          0          0          0         68   llushr.o
        36          0          0          0          0         68   memcpya.o
        36          0          0          0          0        108   memseta.o
        14          0          0          0          0         68   strlen.o
        98          0          0          0          0         92   uldiv.o
        56          0          0          0          0         88   d2f.o
       186          0          0          0          0        176   depilogue.o
       162          0          0          0          0        100   dsqrt.o
        38          0          0          0          0         68   f2d.o
       110          0          0          0          0        168   fepilogue.o

    ----------------------------------------------------------------------
      2246        166          0          4          0       2456   Library Totals
        10          0          0          0          0          0   (incl. Padding)

    ----------------------------------------------------------------------

      Code (inc. data)   RO Data    RW Data    ZI Data      Debug   Library Name

      1250        144          0          0          0       1248   m_wm.l
       434         22          0          4          0        608   mc_w.l
       552          0          0          0          0        600   mf_w.l

    ----------------------------------------------------------------------
      2246        166          0          4          0       2456   Library Totals

    ----------------------------------------------------------------------

==============================================================================


      Code (inc. data)   RO Data    RW Data    ZI Data      Debug   

     71772       4378       1196       3040      40232    1820759   Grand Totals
     71772       4378       1196        688      40232    1820759   ELF Image Totals (compressed)
     71772       4378       1196        688          0          0   ROM Totals

==============================================================================

    Total RO  Size (Code + RO Data)                72968 (  71.26kB)
    Total RW  Size (RW Data + ZI Data)             43272 (  42.26kB)
    Total ROM Size (Code + RO Data + RW Data)      73656 (  71.93kB)

==============================================================================

