Component: ARM Compiler 5.06 update 7 (build 960) Tool: armlink [4d3601]

==============================================================================

Section Cross References

    startup_stm32f427xx.o(RESET) refers to startup_stm32f427xx.o(STACK) for __initial_sp
    startup_stm32f427xx.o(RESET) refers to startup_stm32f427xx.o(.text) for Reset_Handler
    startup_stm32f427xx.o(RESET) refers to stm32f4xx_it.o(i.NMI_Handler) for NMI_Handler
    startup_stm32f427xx.o(RESET) refers to stm32f4xx_it.o(i.HardFault_Handler) for HardFault_Handler
    startup_stm32f427xx.o(RESET) refers to stm32f4xx_it.o(i.MemManage_Handler) for MemManage_Handler
    startup_stm32f427xx.o(RESET) refers to stm32f4xx_it.o(i.BusFault_Handler) for BusFault_Handler
    startup_stm32f427xx.o(RESET) refers to stm32f4xx_it.o(i.UsageFault_Handler) for UsageFault_Handler
    startup_stm32f427xx.o(RESET) refers to port.o(.emb_text) for SVC_Handler
    startup_stm32f427xx.o(RESET) refers to stm32f4xx_it.o(i.DebugMon_Handler) for DebugMon_Handler
    startup_stm32f427xx.o(RESET) refers to port.o(i.SysTick_Handler) for SysTick_Handler
    startup_stm32f427xx.o(RESET) refers to stm32f4xx_it.o(i.DMA1_Stream1_IRQHandler) for DMA1_Stream1_IRQHandler
    startup_stm32f427xx.o(RESET) refers to stm32f4xx_it.o(i.DMA1_Stream3_IRQHandler) for DMA1_Stream3_IRQHandler
    startup_stm32f427xx.o(RESET) refers to stm32f4xx_it.o(i.DMA1_Stream4_IRQHandler) for DMA1_Stream4_IRQHandler
    startup_stm32f427xx.o(RESET) refers to stm32f4xx_it.o(i.CAN1_RX0_IRQHandler) for CAN1_RX0_IRQHandler
    startup_stm32f427xx.o(RESET) refers to stm32f4xx_it.o(i.TIM2_IRQHandler) for TIM2_IRQHandler
    startup_stm32f427xx.o(RESET) refers to stm32f4xx_it.o(i.TIM4_IRQHandler) for TIM4_IRQHandler
    startup_stm32f427xx.o(RESET) refers to stm32f4xx_it.o(i.USART1_IRQHandler) for USART1_IRQHandler
    startup_stm32f427xx.o(RESET) refers to stm32f4xx_it.o(i.USART3_IRQHandler) for USART3_IRQHandler
    startup_stm32f427xx.o(RESET) refers to stm32f4xx_it.o(i.TIM6_DAC_IRQHandler) for TIM6_DAC_IRQHandler
    startup_stm32f427xx.o(RESET) refers to stm32f4xx_it.o(i.DMA2_Stream2_IRQHandler) for DMA2_Stream2_IRQHandler
    startup_stm32f427xx.o(RESET) refers to stm32f4xx_it.o(i.CAN2_RX0_IRQHandler) for CAN2_RX0_IRQHandler
    startup_stm32f427xx.o(RESET) refers to stm32f4xx_it.o(i.UART7_IRQHandler) for UART7_IRQHandler
    startup_stm32f427xx.o(.text) refers to system_stm32f4xx.o(i.SystemInit) for SystemInit
    startup_stm32f427xx.o(.text) refers to entry.o(.ARM.Collect$$$$00000000) for __main
    main.o(i.HAL_TIM_PeriodElapsedCallback) refers to stm32f4xx_hal.o(i.HAL_IncTick) for HAL_IncTick
    main.o(i.SystemClock_Config) refers to memseta.o(.text) for __aeabi_memclr4
    main.o(i.SystemClock_Config) refers to stm32f4xx_hal_rcc.o(i.HAL_RCC_OscConfig) for HAL_RCC_OscConfig
    main.o(i.SystemClock_Config) refers to stm32f4xx_hal_rcc.o(i.HAL_RCC_ClockConfig) for HAL_RCC_ClockConfig
    main.o(i.main) refers to stm32f4xx_hal.o(i.HAL_Init) for HAL_Init
    main.o(i.main) refers to main.o(i.SystemClock_Config) for SystemClock_Config
    main.o(i.main) refers to gpio.o(i.MX_GPIO_Init) for MX_GPIO_Init
    main.o(i.main) refers to dma.o(i.MX_DMA_Init) for MX_DMA_Init
    main.o(i.main) refers to adc.o(i.MX_ADC1_Init) for MX_ADC1_Init
    main.o(i.main) refers to can.o(i.MX_CAN1_Init) for MX_CAN1_Init
    main.o(i.main) refers to can.o(i.MX_CAN2_Init) for MX_CAN2_Init
    main.o(i.main) refers to spi.o(i.MX_SPI5_Init) for MX_SPI5_Init
    main.o(i.main) refers to tim.o(i.MX_TIM2_Init) for MX_TIM2_Init
    main.o(i.main) refers to tim.o(i.MX_TIM3_Init) for MX_TIM3_Init
    main.o(i.main) refers to usart.o(i.MX_USART1_UART_Init) for MX_USART1_UART_Init
    main.o(i.main) refers to usart.o(i.MX_USART6_UART_Init) for MX_USART6_UART_Init
    main.o(i.main) refers to tim.o(i.MX_TIM5_Init) for MX_TIM5_Init
    main.o(i.main) refers to usart.o(i.MX_UART7_Init) for MX_UART7_Init
    main.o(i.main) refers to tim.o(i.MX_TIM12_Init) for MX_TIM12_Init
    main.o(i.main) refers to tim.o(i.MX_TIM4_Init) for MX_TIM4_Init
    main.o(i.main) refers to usart.o(i.MX_USART3_UART_Init) for MX_USART3_UART_Init
    main.o(i.main) refers to freertos.o(i.MX_FREERTOS_Init) for MX_FREERTOS_Init
    main.o(i.main) refers to cmsis_os.o(i.osKernelStart) for osKernelStart
    gpio.o(i.MX_GPIO_Init) refers to memseta.o(.text) for __aeabi_memclr4
    gpio.o(i.MX_GPIO_Init) refers to stm32f4xx_hal_gpio.o(i.HAL_GPIO_WritePin) for HAL_GPIO_WritePin
    gpio.o(i.MX_GPIO_Init) refers to stm32f4xx_hal_gpio.o(i.HAL_GPIO_Init) for HAL_GPIO_Init
    freertos.o(i.All_Init_Run) refers to port.o(i.vPortEnterCritical) for vPortEnterCritical
    freertos.o(i.All_Init_Run) refers to stm32f4xx_hal_tim.o(i.HAL_TIM_Base_Start_IT) for HAL_TIM_Base_Start_IT
    freertos.o(i.All_Init_Run) refers to stm32f4xx_hal_tim.o(i.HAL_TIM_PWM_Start) for HAL_TIM_PWM_Start
[...]
    __hardfp_atan2f                          0x08009381   Thumb Code   594  atan2f.o(i.__hardfp_atan2f)
    __hardfp_pow                             0x08009631   Thumb Code  3072  pow.o(i.__hardfp_pow)
    __hardfp_sqrt                            0x0800a281   Thumb Code   122  sqrt.o(i.__hardfp_sqrt)
    __kernel_poly                            0x0800a2fb   Thumb Code   248  poly.o(i.__kernel_poly)
    __mathlib_dbl_divzero                    0x0800a3f9   Thumb Code    28  dunder.o(i.__mathlib_dbl_divzero)
    __mathlib_dbl_infnan                     0x0800a429   Thumb Code    20  dunder.o(i.__mathlib_dbl_infnan)
    __mathlib_dbl_infnan2                    0x0800a43d   Thumb Code    20  dunder.o(i.__mathlib_dbl_infnan2)
    __mathlib_dbl_invalid                    0x0800a451   Thumb Code    24  dunder.o(i.__mathlib_dbl_invalid)
    __mathlib_dbl_overflow                   0x0800a471   Thumb Code    24  dunder.o(i.__mathlib_dbl_overflow)
    __mathlib_dbl_underflow                  0x0800a491   Thumb Code    24  dunder.o(i.__mathlib_dbl_underflow)
    __mathlib_flt_infnan                     0x0800a4b1   Thumb Code     6  funder.o(i.__mathlib_flt_infnan)
    __mathlib_flt_infnan2                    0x0800a4b7   Thumb Code     6  funder.o(i.__mathlib_flt_infnan2)
    __mathlib_flt_invalid                    0x0800a4bd   Thumb Code    10  funder.o(i.__mathlib_flt_invalid)
    __mathlib_flt_underflow                  0x0800a4cd   Thumb Code    10  funder.o(i.__mathlib_flt_underflow)
    __scatterload_copy                       0x0800a4dd   Thumb Code    14  handlers.o(i.__scatterload_copy)
    __scatterload_null                       0x0800a4eb   Thumb Code     2  handlers.o(i.__scatterload_null)
    __scatterload_zeroinit                   0x0800a4ed   Thumb Code    14  handlers.o(i.__scatterload_zeroinit)
    __set_errno                              0x0800a4fd   Thumb Code     6  errno.o(i.__set_errno)
    abs_limit                                0x0800a667   Thumb Code    42  pid.o(i.abs_limit)
    atan                                     0x0800ab59   Thumb Code    16  atan.o(i.atan)
    dbus_uart_init                           0x0800ab69   Thumb Code    64  dr16_remote.o(i.dbus_uart_init)
    determine_ID                             0x0800abb1   Thumb Code    22  rm_judgesystem.o(i.determine_ID)
    fabs                                     0x0800abd1   Thumb Code    24  fabs.o(i.fabs)
    get_angle                                0x0800abe9   Thumb Code   232  ahrs.o(i.get_angle)
    int_into_char                            0x0800acd1   Thumb Code    24  rm_judgesystem.o(i.int_into_char)
    is_red_or_blue                           0x0800aced   Thumb Code    20  rm_judgesystem.o(i.is_red_or_blue)
    main                                     0x0800ae83   Thumb Code    78  main.o(i.main)
    mpu_get_data                             0x0800af49   Thumb Code   106  dji_imu.o(i.mpu_get_data)
    osKernelStart                            0x0800b1f5   Thumb Code    10  cmsis_os.o(i.osKernelStart)
    osMessageCreate                          0x0800b1ff   Thumb Code    38  cmsis_os.o(i.osMessageCreate)
    osThreadCreate                           0x0800b225   Thumb Code    84  cmsis_os.o(i.osThreadCreate)
    pvPortMalloc                             0x0800b6f9   Thumb Code   216  heap_4.o(i.pvPortMalloc)
    pxPortInitialiseStack                    0x0800b7d5   Thumb Code    40  port.o(i.pxPortInitialiseStack)
    rc_callback_handler                      0x0800b885   Thumb Code   168  dr16_remote.o(i.rc_callback_handler)
    sqrt                                     0x0800b92d   Thumb Code   110  sqrt.o(i.sqrt)
    sqrtf                                    0x0800b99b   Thumb Code    62  sqrtf.o(i.sqrtf)
    uart_receive_handler                     0x0800b9d9   Thumb Code    86  dr16_remote.o(i.uart_receive_handler)
    uxListRemove                             0x0800bab3   Thumb Code    38  list.o(i.uxListRemove)
    vApplicationGetIdleTaskMemory            0x0800bad9   Thumb Code    16  freertos.o(i.vApplicationGetIdleTaskMemory)
    vListInitialise                          0x0800baed   Thumb Code    22  list.o(i.vListInitialise)
    vListInitialiseItem                      0x0800bb03   Thumb Code     6  list.o(i.vListInitialiseItem)
    vListInsert                              0x0800bb09   Thumb Code    48  list.o(i.vListInsert)
    vListInsertEnd                           0x0800bb39   Thumb Code    24  list.o(i.vListInsertEnd)
    vPortEnterCritical                       0x0800bb51   Thumb Code    54  port.o(i.vPortEnterCritical)
    vPortExitCritical                        0x0800bb91   Thumb Code    34  port.o(i.vPortExitCritical)
    vPortFree                                0x0800bbb9   Thumb Code    94  heap_4.o(i.vPortFree)
    vPortSetupTimerInterrupt                 0x0800bc1d   Thumb Code    32  port.o(i.vPortSetupTimerInterrupt)
    vPortValidateInterruptPriority           0x0800bc41   Thumb Code    74  port.o(i.vPortValidateInterruptPriority)
    vTaskDelayUntil                          0x0800bc95   Thumb Code   132  tasks.o(i.vTaskDelayUntil)
    vTaskDelete                              0x0800bd21   Thumb Code   158  tasks.o(i.vTaskDelete)
    vTaskInternalSetTimeOutState             0x0800bdcd   Thumb Code    12  tasks.o(i.vTaskInternalSetTimeOutState)
    vTaskMissedYield                         0x0800bddd   Thumb Code     8  tasks.o(i.vTaskMissedYield)
    vTaskPlaceOnEventList                    0x0800bde9   Thumb Code    44  tasks.o(i.vTaskPlaceOnEventList)
    vTaskStartScheduler                      0x0800be19   Thumb Code    90  tasks.o(i.vTaskStartScheduler)
    vTaskSuspendAll                          0x0800be85   Thumb Code    10  tasks.o(i.vTaskSuspendAll)
    vTaskSwitchContext                       0x0800be95   Thumb Code    82  tasks.o(i.vTaskSwitchContext)
    xPortStartScheduler                      0x0800bef1   Thumb Code   222  port.o(i.xPortStartScheduler)
    xQueueGenericCreate                      0x0800bfe5   Thumb Code    66  queue.o(i.xQueueGenericCreate)
    xQueueGenericCreateStatic                0x0800c027   Thumb Code   102  queue.o(i.xQueueGenericCreateStatic)
    xQueueGenericReset                       0x0800c08d   Thumb Code   132  queue.o(i.xQueueGenericReset)
    xQueueGenericSendFromISR                 0x0800c115   Thumb Code   190  queue.o(i.xQueueGenericSendFromISR)
    xQueueReceive                            0x0800c1d5   Thumb Code   308  queue.o(i.xQueueReceive)
    xTaskCheckForTimeOut                     0x0800c30d   Thumb Code   112  tasks.o(i.xTaskCheckForTimeOut)
    xTaskCreate                              0x0800c381   Thumb Code    90  tasks.o(i.xTaskCreate)
    xTaskCreateStatic                        0x0800c3db   Thumb Code    86  tasks.o(i.xTaskCreateStatic)
    xTaskGetSchedulerState                   0x0800c431   Thumb Code    22  tasks.o(i.xTaskGetSchedulerState)
    xTaskGetTickCount                        0x0800c44d   Thumb Code     6  tasks.o(i.xTaskGetTickCount)
    xTaskIncrementTick                       0x0800c459   Thumb Code   194  tasks.o(i.xTaskIncrementTick)
    xTaskPriorityDisinherit                  0x0800c525   Thumb Code   144  tasks.o(i.xTaskPriorityDisinherit)
    xTaskRemoveFromEventList                 0x0800c5bd   Thumb Code   108  tasks.o(i.xTaskRemoveFromEventList)
    xTaskResumeAll                           0x0800c631   Thumb Code   182  tasks.o(i.xTaskResumeAll)
    MyCRC8Tab                                0x0800c7d8   Data         256  crc.o(.constdata)
    CRC8_TAB                                 0x0800c8f4   Data         256  rm_judgesystem.o(.constdata)
    wCRC_Table                               0x0800c9f4   Data         512  rm_judgesystem.o(.constdata)
    AHBPrescTable                            0x0800cbfc   Data          16  system_stm32f4xx.o(.constdata)
    APBPrescTable                            0x0800cc0c   Data           8  system_stm32f4xx.o(.constdata)
    __mathlib_zero                           0x0800cd40   Data           8  qnan.o(.constdata)
    sinTable_f32                             0x0800cda4   Data        2052  arm_common_tables.o(.rodata.sinTable_f32)
    Region$$Table$$Base                      0x0800d5a8   Number         0  anon$$obj.o(Region$$Table)
    Region$$Table$$Limit                     0x0800d5c8   Number         0  anon$$obj.o(Region$$Table)
    CAN1_ReceiveHandle                       0x20000000   Data           4  freertos.o(.data)
    CAN2_ReceiveHandle                       0x20000004   Data           4  freertos.o(.data)
    CAN1_TaskHandle                          0x20000008   Data           4  freertos.o(.data)
    CAN2_TaskHandle                          0x2000000c   Data           4  freertos.o(.data)
    IMU_ReceiveHandle                        0x20000010   Data           4  freertos.o(.data)
    Task_ControlHandle                       0x20000014   Data           4  freertos.o(.data)
    Check_Handle                             0x20000018   Data           4  freertos.o(.data)
    All_InitHandle                           0x2000001c   Data           4  freertos.o(.data)
    RMClientUI_Handle                        0x20000020   Data           4  freertos.o(.data)
    No_move_flag                             0x20000028   Data           1  chassis_control.o(.data)
    Yaw_Spin_Error                           0x20000029   Data           1  chassis_control.o(.data)
    spin_flag                                0x2000002b   Data           1  chassis_control.o(.data)
    Move_flag                                0x2000002c   Data           1  chassis_control.o(.data)
    Brake_cnt                                0x20000030   Data           2  chassis_control.o(.data)
    ainimemeda                               0x20000032   Data           2  chassis_control.o(.data)
    ROLL_GO                                  0x20000034   Data           4  chassis_control.o(.data)
    turns_cnt                                0x20000038   Data           4  chassis_control.o(.data)
    gogogogogo                               0x2000003c   Data           4  chassis_control.o(.data)
    a_start                                  0x20000040   Data           4  chassis_control.o(.data)
    SpinDirection_Flag                       0x20000044   Data           4  chassis_control.o(.data)
    ReF_Flag                                 0x20000048   Data           4  chassis_control.o(.data)
    ReF_Cnt                                  0x2000004c   Data           4  chassis_control.o(.data)
    start_go                                 0x20000064   Data           4  chassis_control.o(.data)
    Follow_P_Out                             0x20000068   Data           4  chassis_control.o(.data)
    Follow_I_Out                             0x2000006c   Data           4  chassis_control.o(.data)
    start_imu                                0x20000070   Data           4  chassis_control.o(.data)
    i_VOmega                                 0x20000074   Data           4  chassis_control.o(.data)
    Ramp_Vy                                  0x20000078   Data           4  chassis_control.o(.data)
    Ramp_Vx                                  0x2000007c   Data           4  chassis_control.o(.data)
    Ramp_Vw                                  0x20000080   Data           4  chassis_control.o(.data)
    meika                                    0x20000084   Data           4  chassis_control.o(.data)
    last_roll                                0x20000088   Data           4  chassis_control.o(.data)
    fl_error                                 0x2000008c   Data           4  chassis_control.o(.data)
    speed                                    0x20000090   Data           8  chassis_control.o(.data)
    drv_tempcurrent                          0x20000098   Data           8  chassis_control.o(.data)
    Wheel_PID                                0x200000a0   Data          16  chassis_control.o(.data)
    Ship_P_PID                               0x200000b0   Data          16  chassis_control.o(.data)
    Ship_I_PID                               0x200000c0   Data          16  chassis_control.o(.data)
    Follow_P_PID                             0x200000d0   Data          64  chassis_control.o(.data)
    Follow_I_PID                             0x20000110   Data          64  chassis_control.o(.data)
    angel_init                               0x20000150   Data          16  chassis_control.o(.data)
    LFWheel_PID                              0x20000160   Data          60  chassis_control.o(.data)
    RFWheel_PID                              0x2000019c   Data          60  chassis_control.o(.data)
    LBWheel_PID                              0x200001d8   Data          60  chassis_control.o(.data)
    RBWheel_PID                              0x20000214   Data          60  chassis_control.o(.data)
    RF_Ship_P_PID                            0x20000250   Data          64  chassis_control.o(.data)
    LF_Ship_P_PID                            0x20000290   Data          64  chassis_control.o(.data)
    LB_Ship_P_PID                            0x200002d0   Data          64  chassis_control.o(.data)
    RB_Ship_P_PID                            0x20000310   Data          64  chassis_control.o(.data)
    RF_Ship_I_PID                            0x20000350   Data          64  chassis_control.o(.data)
    LF_Ship_I_PID                            0x20000390   Data          64  chassis_control.o(.data)
    LB_Ship_I_PID                            0x200003d0   Data          64  chassis_control.o(.data)
    RB_Ship_I_PID                            0x20000410   Data          64  chassis_control.o(.data)
    Power_Buffer                             0x20000450   Data           2  power_control.o(.data)
    powerBuffErr                             0x20000452   Data           2  power_control.o(.data)
    debug_powercoe                           0x20000454   Data           4  power_control.o(.data)
    SumCurrent_In                            0x20000458   Data           4  power_control.o(.data)
    SumCurrent_Out                           0x2000045c   Data           4  power_control.o(.data)
    DRV_CalcRatio                            0x20000460   Data           4  power_control.o(.data)
    robot_id                                 0x20000464   Data           4  control_vision.o(.data)
    VisionExportData                         0x20000468   Data          36  control_vision.o(.data)
    Vision_SendBuf                           0x2000048c   Data         144  control_vision.o(.data)
    Control_Vision_FUN                       0x2000051c   Data          24  control_vision.o(.data)
    Robot                                    0x20000534   Data           3  robot_control.o(.data)
    Residual_Heat                            0x20000538   Data           4  robot_control.o(.data)
    SupCap_Mix                               0x2000053c   Data           4  robot_control.o(.data)
    Calibrate_Temperate                      0x20000540   Data           1  imu_compensate.o(.data)
    first_temperate                          0x20000541   Data           1  imu_compensate.o(.data)
    imuTempPid                               0x20000548   Data          64  imu_compensate.o(.data)
    IMU_CompensateFUN                        0x20000588   Data           8  imu_compensate.o(.data)
    Dev_Check                                0x20000590   Data           4  devicescheck.o(.data)
    InitShow_Flag                            0x20000594   Data           1  rmclient_ui.o(.data)
    Dispaly_Init                             0x20000598   Data          36  rmclient_ui.o(.data)
    Display_Updata                           0x200005bc   Data          20  rmclient_ui.o(.data)
    DR16_Export_Data                         0x200005d0   Data          32  dr16_remote.o(.data)
    ControlSwitch                            0x200005f0   Data           2  dr16_remote.o(.data)
    M6020_Array                              0x200005f4   Data          20  m6020_motor.o(.data)
    DJI_IMUFUN                               0x20000608   Data          16  dji_imu.o(.data)
    IMU_Init_Condition                       0x20000618   Data           1  dji_imu.o(.data)
    id                                       0x2000061c   Data           1  dji_imu.o(.data)
    ist_buff                                 0x2000061d   Data           6  dji_imu.o(.data)
    DJI_C_IMUFUN                             0x200006a0   Data          20  dev_cimu.o(.data)
    DJI_C_Euler_Receive                      0x200006b4   Data           8  dev_cimu.o(.data)
    DJI_C_Gyro_Receive                       0x200006bc   Data           8  dev_cimu.o(.data)
    JudgeSystem_FUN                          0x200006c4   Data          12  rm_judgesystem.o(.data)
    SenrtyMode_Flag                          0x200006d0   Data           1  rm_judgesystem.o(.data)
    DartMode_Flag                            0x200006d1   Data           1  rm_judgesystem.o(.data)
    Send_Color                               0x200006d2   Data           1  rm_judgesystem.o(.data)
    Status_Datalength                        0x200006d3   Data           1  rm_judgesystem.o(.data)
    star                                     0x200006d4   Data           1  rm_judgesystem.o(.data)
    ShootLV_Datalength                       0x200006d5   Data           1  rm_judgesystem.o(.data)
    Judge_Self_ID                            0x200006ec   Data           1  rm_judgesystem.o(.data)
    Color                                    0x200006ed   Data           1  rm_judgesystem.o(.data)
    CRC_INIT                                 0x200006ee   Data           2  rm_judgesystem.o(.data)
    DMA_Counter                              0x200006f0   Data           2  rm_judgesystem.o(.data)
    ext_game_result                          0x200006f2   Data           2  rm_judgesystem.o(.data)
    ext_dart_remaining_time                  0x200006f4   Data           2  rm_judgesystem.o(.data)
    Buff                                     0x200006f6   Data           2  rm_judgesystem.o(.data)
    ext_robot_hurt                           0x200006f8   Data           2  rm_judgesystem.o(.data)
    Judge_SelfClient_ID                      0x200006fa   Data           2  rm_judgesystem.o(.data)
    ext_referee_warning                      0x200006fc   Data           3  rm_judgesystem.o(.data)
    aerial_robot_energy                      0x200006ff   Data           3  rm_judgesystem.o(.data)
    ext_dart_status                          0x20000702   Data           4  rm_judgesystem.o(.data)
    ext_even_data                            0x20000706   Data           5  rm_judgesystem.o(.data)
    ext_supply_projectile_action             0x2000070b   Data           5  rm_judgesystem.o(.data)
    ext_rfid_status                          0x20000710   Data           5  rm_judgesystem.o(.data)
    RM_Judge                                 0x20000716   Data           6  rm_judgesystem.o(.data)
    JudgeSystem                              0x2000071c   Data           6  rm_judgesystem.o(.data)
    ext_bullet_remaining                     0x20000722   Data           7  rm_judgesystem.o(.data)
    ext_shoot_data                           0x20000729   Data           8  rm_judgesystem.o(.data)
    SupCap_C_Flag                            0x20000734   Data           1  dev_supcap.o(.data)
    charge_flag                              0x20000735   Data           1  dev_supcap.o(.data)
    SupCap_Check                             0x20000738   Data           8  dev_supcap.o(.data)
    PowerMeter_Rec                           0x20000740   Data           8  dev_power_meter.o(.data)
    uwTickFreq                               0x20000748   Data           1  stm32f4xx_hal.o(.data)
    uwTickPrio                               0x2000074c   Data           4  stm32f4xx_hal.o(.data)
    uwTick                                   0x20000750   Data           4  stm32f4xx_hal.o(.data)
    SystemCoreClock                          0x20000754   Data           4  system_stm32f4xx.o(.data)
    pxCurrentTCB                             0x20000758   Data           4  tasks.o(.data)
    hadc1                                    0x20000a28   Data          72  adc.o(.bss)
    hcan1                                    0x20000a70   Data          40  can.o(.bss)
    hcan2                                    0x20000a98   Data          40  can.o(.bss)
    hspi5                                    0x20000ac0   Data          88  spi.o(.bss)
    htim2                                    0x20000b18   Data          72  tim.o(.bss)
    htim3                                    0x20000b60   Data          72  tim.o(.bss)
    htim4                                    0x20000ba8   Data          72  tim.o(.bss)
    htim5                                    0x20000bf0   Data          72  tim.o(.bss)
    htim12                                   0x20000c38   Data          72  tim.o(.bss)
    huart7                                   0x20000c80   Data          68  usart.o(.bss)
    huart1                                   0x20000cc4   Data          68  usart.o(.bss)
    huart3                                   0x20000d08   Data          68  usart.o(.bss)
    huart6                                   0x20000d4c   Data          68  usart.o(.bss)
    hdma_uart7_rx                            0x20000d90   Data          96  usart.o(.bss)
    hdma_usart1_rx                           0x20000df0   Data          96  usart.o(.bss)
    hdma_usart3_rx                           0x20000e50   Data          96  usart.o(.bss)
    hdma_usart3_tx                           0x20000eb0   Data          96  usart.o(.bss)
    htim6                                    0x20000f10   Data          72  stm32f4xx_hal_timebase_tim.o(.bss)
    Kalman_CHASFollow_Speed                  0x20000f68   Data          48  chassis_control.o(.bss)
    angle                                    0x20000f98   Data          16  chassis_control.o(.bss)
    Vision_DataBuff                          0x20000fa8   Data          15  control_vision.o(.bss)
    VisionData                               0x20000fb8   Data          88  control_vision.o(.bss)
    VisionSend_IMU                           0x20001010   Data          16  control_vision.o(.bss)
    mpu6500_Exportdata                       0x200010d8   Data          60  imu_compensate.o(.bss)
    Can_Data                                 0x2000112c   Data         152  bsp_can.o(.bss)
    rc                                       0x200011c4   Data          14  dr16_remote.o(.bss)
    dbus_buf                                 0x200011d2   Data          18  dr16_remote.o(.bss)
    M3508s                                   0x200011e4   Data         480  m3508_motor.o(.bss)
    M6020s_Yaw                               0x200013c4   Data         160  m6020_motor.o(.bss)
    M6020s                                   0x20001464   Data         640  m6020_motor.o(.bss)
    mpu_buff                                 0x200016fc   Data          15  dji_imu.o(.bss)
    mpu_data                                 0x2000170c   Data          32  dji_imu.o(.bss)
    DJI_C_IMU                                0x2000172c   Data          44  dev_cimu.o(.bss)
    ext_game_status                          0x20001758   Data          12  rm_judgesystem.o(.bss)
    ext_game_robot_HP                        0x20001764   Data          33  rm_judgesystem.o(.bss)
    ext_ICRA_buff_debuff_zone_status         0x20001785   Data          12  rm_judgesystem.o(.bss)
    ext_game_robot_state                     0x20001791   Data          28  rm_judgesystem.o(.bss)
    ext_power_heat_data                      0x200017ad   Data          17  rm_judgesystem.o(.bss)
    ext_game_robot_pos                       0x200017be   Data          17  rm_judgesystem.o(.bss)
    ext_dart_client_cmd                      0x200017cf   Data          13  rm_judgesystem.o(.bss)
    CommuData                                0x200017dc   Data          35  rm_judgesystem.o(.bss)
    ShowData                                 0x200017ff   Data         120  rm_judgesystem.o(.bss)
    Ex_ShowData                              0x20001877   Data          90  rm_judgesystem.o(.bss)
    DeleteClient                             0x200018d1   Data          17  rm_judgesystem.o(.bss)
    ShowshootLv                              0x200018e2   Data          60  rm_judgesystem.o(.bss)
    ShootLvInit                              0x2000191e   Data          60  rm_judgesystem.o(.bss)
    Cap_Energyvalue                          0x2000195a   Data          60  rm_judgesystem.o(.bss)
    Cap_Energyshow                           0x20001996   Data          60  rm_judgesystem.o(.bss)
    Uplift_Height                            0x200019d2   Data          60  rm_judgesystem.o(.bss)
    Uplift_HeightValue                       0x20001a0e   Data          60  rm_judgesystem.o(.bss)
    Clip_Angle                               0x20001a4a   Data          60  rm_judgesystem.o(.bss)
    Clip_AngleValue                          0x20001a86   Data          60  rm_judgesystem.o(.bss)
    SentryStatus_Data                        0x20001ac2   Data          60  rm_judgesystem.o(.bss)
    Sentry_Status                            0x20001afe   Data          60  rm_judgesystem.o(.bss)
    Sentry_CommuData                         0x20001b3a   Data          35  rm_judgesystem.o(.bss)
    DartStatus_Data                          0x20001b5d   Data          60  rm_judgesystem.o(.bss)
    Dart_Status                              0x20001b99   Data          60  rm_judgesystem.o(.bss)
    Dart_CommuData                           0x20001bd5   Data          35  rm_judgesystem.o(.bss)
    Car_Distance                             0x20001bf8   Data          90  rm_judgesystem.o(.bss)
    Led_Meaning                              0x20001c52   Data          60  rm_judgesystem.o(.bss)
    Led_Yellow                               0x20001c8e   Data          60  rm_judgesystem.o(.bss)
    Led_Green                                0x20001cca   Data          60  rm_judgesystem.o(.bss)
    Led_Orange                               0x20001d06   Data          60  rm_judgesystem.o(.bss)
    Led_Purple                               0x20001d42   Data          60  rm_judgesystem.o(.bss)
    Led_Pink                                 0x20001d7e   Data          60  rm_judgesystem.o(.bss)
    MapCommunate                             0x20001dba   Data          23  rm_judgesystem.o(.bss)
    JudgeSystem_rxBuff                       0x20001dd1   Data         389  rm_judgesystem.o(.bss)
    Robot_Commute                            0x20001f56   Data          26  rm_judgesystem.o(.bss)
    TeammateTxBuffer                         0x20001f70   Data          40  rm_judgesystem.o(.bss)
    DeleteBuffer                             0x20001f98   Data          20  rm_judgesystem.o(.bss)
    CliendTxBuffer                           0x20001fac   Data         120  rm_judgesystem.o(.bss)
    CrossHairBuffer                          0x20002024   Data          90  rm_judgesystem.o(.bss)
    ColorMeanBuffer                          0x2000207e   Data         100  rm_judgesystem.o(.bss)
    YellowMeanBuffer                         0x200020e2   Data         100  rm_judgesystem.o(.bss)
    GreenMeanBuffer                          0x20002146   Data         100  rm_judgesystem.o(.bss)
    OrangeMeanBuffer                         0x200021aa   Data         100  rm_judgesystem.o(.bss)
    PurpleMeanBuffer                         0x2000220e   Data         100  rm_judgesystem.o(.bss)
    PinkMeanBuffer                           0x20002272   Data         100  rm_judgesystem.o(.bss)
    CliendShowBuffer                         0x200022d6   Data         100  rm_judgesystem.o(.bss)
    Cap_EnergyBuff                           0x2000233a   Data         100  rm_judgesystem.o(.bss)
    Uplift_HeightBuff                        0x2000239e   Data         100  rm_judgesystem.o(.bss)
    Clip_AngleBuff                           0x20002402   Data         100  rm_judgesystem.o(.bss)
    Car_DistanBuff                           0x20002466   Data         150  rm_judgesystem.o(.bss)
    SentryBuff                               0x200024fc   Data         100  rm_judgesystem.o(.bss)
    DartBuff                                 0x20002560   Data         100  rm_judgesystem.o(.bss)
    Radar_ReceiveBuffer                      0x200025c4   Data          40  rm_judgesystem.o(.bss)
    SenrtyCommuBuff                          0x200025ec   Data          40  rm_judgesystem.o(.bss)
    DartCommuBuff                            0x20002614   Data          40  rm_judgesystem.o(.bss)
    Supcap_Rec                               0x2000263c   Data          32  dev_supcap.o(.bss)
    Power_Meter                              0x2000265c   Data          12  dev_power_meter.o(.bss)
    __initial_sp                             0x20006758   Data           0  startup_stm32f427xx.o(STACK)



==============================================================================

Memory Map of the image

  Image Entry point : 0x080001ad

  Load Region LR_IROM1 (Base: 0x08000000, Size: 0x0000dd9c, Max: 0x00200000, ABSOLUTE, COMPRESSED[0x0000d778])

    Execution Region ER_IROM1 (Exec base: 0x08000000, Load base: 0x08000000, Size: 0x0000d5c8, Max: 0x00200000, ABSOLUTE)

    Exec Addr    Load Addr    Size         Type   Attr      Idx    E Section Name        Object

    0x08000000   0x08000000   0x000001ac   Data   RO            3    RESET               startup_stm32f427xx.o
    0x080001ac   0x080001ac   0x00000000   Code   RO         8944  * .ARM.Collect$$$$00000000  mc_w.l(entry.o)
    0x080001ac   0x080001ac   0x00000004   Code   RO         9286    .ARM.Collect$$$$00000001  mc_w.l(entry2.o)
    0x080001b0   0x080001b0   0x00000004   Code   RO         9289    .ARM.Collect$$$$00000004  mc_w.l(entry5.o)
    0x080001b4   0x080001b4   0x00000000   Code   RO         9291    .ARM.Collect$$$$00000008  mc_w.l(entry7b.o)
    0x080001b4   0x080001b4   0x00000000   Code   RO         9293    .ARM.Collect$$$$0000000A  mc_w.l(entry8b.o)
    0x080001b4   0x080001b4   0x00000008   Code   RO         9294    .ARM.Collect$$$$0000000B  mc_w.l(entry9a.o)
    0x080001bc   0x080001bc   0x00000004   Code   RO         9301    .ARM.Collect$$$$0000000E  mc_w.l(entry12b.o)
    0x080001c0   0x080001c0   0x00000000   Code   RO         9296    .ARM.Collect$$$$0000000F  mc_w.l(entry10a.o)
    0x080001c0   0x080001c0   0x00000000   Code   RO         9298    .ARM.Collect$$$$00000011  mc_w.l(entry11a.o)
    0x080001c0   0x080001c0   0x00000004   Code   RO         9287    .ARM.Collect$$$$00002712  mc_w.l(entry2.o)
    0x080001c4   0x080001c4   0x000000be   Code   RO         8489    .emb_text           port.o
    0x08000282   0x08000282   0x00000002   PAD
    0x08000284   0x08000284   0x00000024   Code   RO            4    .text               startup_stm32f427xx.o
    0x080002a8   0x080002a8   0x00000062   Code   RO         8947    .text               mc_w.l(uldiv.o)
    0x0800030a   0x0800030a   0x00000024   Code   RO         8949    .text               mc_w.l(memcpya.o)
    0x0800032e   0x0800032e   0x00000024   Code   RO         8953    .text               mc_w.l(memseta.o)
    0x08000352   0x08000352   0x00000018   Code   RO         8955    .text               mc_w.l(strcat.o)
    0x0800036a   0x0800036a   0x00000012   Code   RO         8957    .text               mc_w.l(strcpy.o)
    0x0800037c   0x0800037c   0x0000014e   Code   RO         9222    .text               mf_w.l(dadd.o)
    0x080004ca   0x080004ca   0x000000e4   Code   RO         9224    .text               mf_w.l(dmul.o)
    0x080005ae   0x080005ae   0x00000026   Code   RO         9226    .text               mf_w.l(f2d.o)
    0x080005d4   0x080005d4   0x00000038   Code   RO         9228    .text               mf_w.l(d2f.o)
    0x0800060c   0x0800060c   0x0000002c   Code   RO         9303    .text               mc_w.l(uidiv.o)
    0x08000638   0x08000638   0x0000001e   Code   RO         9305    .text               mc_w.l(llshl.o)
    0x08000656   0x08000656   0x00000020   Code   RO         9307    .text               mc_w.l(llushr.o)
    0x08000676   0x08000676   0x00000024   Code   RO         9309    .text               mc_w.l(llsshr.o)
    0x0800069a   0x0800069a   0x00000000   Code   RO         9318    .text               mc_w.l(iusefp.o)
    0x0800069a   0x0800069a   0x0000006e   Code   RO         9319    .text               mf_w.l(fepilogue.o)
    0x08000708   0x08000708   0x000000ba   Code   RO         9321    .text               mf_w.l(depilogue.o)
    0x080007c2   0x080007c2   0x000000de   Code   RO         9323    .text               mf_w.l(ddiv.o)
    0x080008a0   0x080008a0   0x0000002e   Code   RO         9327    .text               mf_w.l(dscalb.o)
    0x080008ce   0x080008ce   0x000000a2   Code   RO         9329    .text               mf_w.l(dsqrt.o)
    0x08000970   0x08000970   0x00000022   Code   RO         9331    .text               mf_w.l(dflti.o)
    0x08000992   0x08000992   0x00000002   PAD
    0x08000994   0x08000994   0x00000030   Code   RO         9335    .text               mf_w.l(cdcmple.o)
    0x080009c4   0x080009c4   0x00000030   Code   RO         9337    .text               mf_w.l(cdrcmple.o)
    0x080009f4   0x080009f4   0x00000024   Code   RO         9339    .text               mc_w.l(init.o)
    0x08000a18   0x08000a18   0x00000056   Code   RO         9349    .text               mc_w.l(__dczerorl2.o)
    0x08000a6e   0x08000a6e   0x00000002   PAD
    0x08000a70   0x08000a70   0x00000098   Code   RO         8654    .text.arm_cos_f32   arm_cortexM4lf_math.lib(arm_cos_f32.o)
    0x08000b08   0x08000b08   0x00000090   Code   RO         8663    .text.arm_sin_f32   arm_cortexM4lf_math.lib(arm_sin_f32.o)
    0x08000b98   0x08000b98   0x00000128   Code   RO         3857    i.ADC_Init          stm32f4xx_hal_adc.o
    0x08000cc0   0x08000cc0   0x00000004   Code   RO         1840    i.AHRS_asinf        ahrs_middleware.o
    0x08000cc4   0x08000cc4   0x00000004   Code   RO         1841    i.AHRS_atan2f       ahrs_middleware.o
    0x08000cc8   0x08000cc8   0x00000004   Code   RO         1842    i.AHRS_cosf         ahrs_middleware.o
    0x08000ccc   0x08000ccc   0x0000001a   Code   RO         8566    i.AHRS_fabs         AHRS.lib(ahrs.o)
    0x08000ce6   0x08000ce6   0x00000002   PAD
    0x08000ce8   0x08000ce8   0x00000014   Code   RO         1843    i.AHRS_get_height   ahrs_middleware.o
    0x08000cfc   0x08000cfc   0x00000014   Code   RO         1844    i.AHRS_get_latitude  ahrs_middleware.o
    0x08000d10   0x08000d10   0x0000029c   Code   RO         8567    i.AHRS_init         AHRS.lib(ahrs.o)
    0x08000fac   0x08000fac   0x0000002c   Code   RO         1845    i.AHRS_invSqrt      ahrs_middleware.o
    0x08000fd8   0x08000fd8   0x00000004   Code   RO         1846    i.AHRS_sinf         ahrs_middleware.o
    0x08000fdc   0x08000fdc   0x0000013a   Code   RO         8568    i.AHRS_update       AHRS.lib(ahrs.o)
    0x08001116   0x08001116   0x00000002   PAD
    0x08001118   0x08001118   0x000000c8   Code   RO          259    i.All_Init_Run      freertos.o
    0x080011e0   0x080011e0   0x00000058   Code   RO          913    i.AngleLimit        chassis_control.o
    0x08001238   0x08001238   0x00000028   Code   RO         2780    i.Append_CRC16_Check_Sum  rm_judgesystem.o
    0x08001260   0x08001260   0x0000001c   Code   RO         2781    i.Append_CRC8_Check_Sum  rm_judgesystem.o
    0x0800127c   0x0800127c   0x00000002   Code   RO          694    i.BusFault_Handler  stm32f4xx_it.o
    0x0800127e   0x0800127e   0x00000002   PAD
    0x08001280   0x08001280   0x000000c4   Code   RO         3603    i.CAN1_REC          task_canmsg.o
    0x08001344   0x08001344   0x0000002c   Code   RO          695    i.CAN1_RX0_IRQHandler  stm32f4xx_it.o
    0x08001370   0x08001370   0x00000060   Code   RO         3604    i.CAN2_REC          task_canmsg.o
    0x080013d0   0x080013d0   0x0000002c   Code   RO          696    i.CAN2_RX0_IRQHandler  stm32f4xx_it.o
    0x080013fc   0x080013fc   0x0000003c   Code   RO         2155    i.CAN_1_Filter_Config  bsp_can.o
    0x08001438   0x08001438   0x0000003c   Code   RO         2156    i.CAN_2_Filter_Config  bsp_can.o
    0x08001474   0x08001474   0x0000005c   Code   RO         2157    i.CAN_RxMessage_Export_Date  bsp_can.o
    0x080014d0   0x080014d0   0x00000012   Code   RO         2683    i.CIMU_Reset        dev_cimu.o
    0x080014e2   0x080014e2   0x00000088   Code   RO         1761    i.CLOUD_Incremental_PID  pid.o
    0x0800156a   0x0800156a   0x00000082   Code   RO         1762    i.CLOUD_Position_PID  pid.o
    0x080015ec   0x080015ec   0x0000000e   Code   RO         2784    i.CapEnergy_Show    rm_judgesystem.o
    0x080015fa   0x080015fa   0x00000002   PAD
    0x080015fc   0x080015fc   0x0000010c   Code   RO         2785    i.Cap_Energy        rm_judgesystem.o
    0x08001708   0x08001708   0x0000010c   Code   RO         2786    i.Cap_EnergyUpdata  rm_judgesystem.o
    0x08001814   0x08001814   0x00000110   Code   RO         2787    i.Capacitance_Value  rm_judgesystem.o
    0x08001924   0x08001924   0x0000027c   Code   RO         2788    i.Car_DistanceFrame  rm_judgesystem.o
    0x08001ba0   0x08001ba0   0x00000018   Code   RO         1414    i.Chassis_Follow_control  robot_control.o
    0x08001bb8   0x08001bb8   0x00000044   Code   RO          914    i.Chassis_Init      chassis_control.o
    0x08001bfc   0x08001bfc   0x00000004   Code   RO          915    i.Chassis_processing  chassis_control.o
    0x08001c00   0x08001c00   0x00000024   Code   RO         2684    i.Check_DJI_C_IMU   dev_cimu.o
    0x08001c24   0x08001c24   0x00000018   Code   RO         2323    i.Check_DR16        dr16_remote.o
    0x08001c3c   0x08001c3c   0x00000018   Code   RO         2789    i.Check_Judge       rm_judgesystem.o
    0x08001c54   0x08001c54   0x0000002c   Code   RO         3558    i.Check_Power_Meter  dev_power_meter.o
    0x08001c80   0x08001c80   0x0000002c   Code   RO         3452    i.Check_SupCap      dev_supcap.o
    0x08001cac   0x08001cac   0x00000024   Code   RO         1206    i.Check_Vision      control_vision.o
    0x08001cd0   0x08001cd0   0x00000020   Code   RO         1920    i.Checksum_CRC8     crc.o
    0x08001cf0   0x08001cf0   0x0000002c   Code   RO          918    i.ComputeMinOffset  chassis_control.o
    0x08001d1c   0x08001d1c   0x00000058   Code   RO         3771    i.DEV_Check         task_check.o
    0x08001d74   0x08001d74   0x0000002c   Code   RO         2685    i.DJI_C_Euler_getInfo  dev_cimu.o
    0x08001da0   0x08001da0   0x00000028   Code   RO         2686    i.DJI_C_Gyro_getInfo  dev_cimu.o
    0x08001dc8   0x08001dc8   0x00000004   Code   RO         2560    i.DJI_IMU_Init      dji_imu.o
    0x08001dcc   0x08001dcc   0x0000000c   Code   RO          697    i.DMA1_Stream1_IRQHandler  stm32f4xx_it.o
    0x08001dd8   0x08001dd8   0x0000000c   Code   RO          698    i.DMA1_Stream3_IRQHandler  stm32f4xx_it.o
    0x08001de4   0x08001de4   0x0000000c   Code   RO          699    i.DMA1_Stream4_IRQHandler  stm32f4xx_it.o
    0x08001df0   0x08001df0   0x0000000c   Code   RO          700    i.DMA2_Stream2_IRQHandler  stm32f4xx_it.o
    0x08001dfc   0x08001dfc   0x00000028   Code   RO         4645    i.DMA_CalcBaseAndBitshift  stm32f4xx_hal_dma.o
    0x08001e24   0x08001e24   0x00000054   Code   RO         4646    i.DMA_CheckFifoParam  stm32f4xx_hal_dma.o
    0x08001e78   0x08001e78   0x00000028   Code   RO         4647    i.DMA_SetConfig     stm32f4xx_hal_dma.o
    0x08001ea0   0x08001ea0   0x00000030   Code   RO         2324    i.DR16_CAN2_REC     dr16_remote.o
    0x08001ed0   0x08001ed0   0x0000002c   Code   RO         2325    i.DR16_ROLL_REC     dr16_remote.o
    0x08001efc   0x08001efc   0x00000002   Code   RO          701    i.DebugMon_Handler  stm32f4xx_it.o
    0x08001efe   0x08001efe   0x00000002   Code   RO           13    i.Error_Handler     main.o
    0x08001f00   0x08001f00   0x00000278   Code   RO         2801    i.Ex_CrossHair      rm_judgesystem.o
    0x08002178   0x08002178   0x00000016   Code   RO         2064    i.Filter_IIRLPF     user_filter.o
    0x0800218e   0x0800218e   0x00000002   PAD
    0x08002190   0x08002190   0x0000000c   Code   RO         1207    i.GetVisionDiscMode  control_vision.o
    0x0800219c   0x0800219c   0x0000002c   Code   RO         2802    i.Get_CRC16_Check_Sum  rm_judgesystem.o
    0x080021c8   0x080021c8   0x0000001c   Code   RO         2803    i.Get_CRC8_Check_Sum  rm_judgesystem.o
    0x080021e4   0x080021e4   0x00000004   Code   RO         2805    i.Green_ShowOn      rm_judgesystem.o
    0x080021e8   0x080021e8   0x00000164   Code   RO         3859    i.HAL_ADC_ConfigChannel  stm32f4xx_hal_adc.o
    0x0800234c   0x0800234c   0x00000054   Code   RO         3868    i.HAL_ADC_Init      stm32f4xx_hal_adc.o
    0x080023a0   0x080023a0   0x00000028   Code   RO          396    i.HAL_ADC_MspInit   adc.o
    0x080023c8   0x080023c8   0x00000024   Code   RO         5349    i.HAL_CAN_ActivateNotification  stm32f4xx_hal_can.o
    0x080023ec   0x080023ec   0x000000dc   Code   RO         5350    i.HAL_CAN_AddTxMessage  stm32f4xx_hal_can.o
    0x080024c8   0x080024c8   0x0000010c   Code   RO         5351    i.HAL_CAN_ConfigFilter  stm32f4xx_hal_can.o
    0x080025d4   0x080025d4   0x00000002   Code   RO         5354    i.HAL_CAN_ErrorCallback  stm32f4xx_hal_can.o
    0x080025d6   0x080025d6   0x000000e8   Code   RO         5357    i.HAL_CAN_GetRxMessage  stm32f4xx_hal_can.o
    0x080026be   0x080026be   0x000001fc   Code   RO         5361    i.HAL_CAN_IRQHandler  stm32f4xx_hal_can.o
    0x080028ba   0x080028ba   0x0000011a   Code   RO         5362    i.HAL_CAN_Init      stm32f4xx_hal_can.o
    0x080029d4   0x080029d4   0x000000fc   Code   RO          438    i.HAL_CAN_MspInit   can.o
    0x08002ad0   0x08002ad0   0x00000002   Code   RO         5369    i.HAL_CAN_RxFifo0FullCallback  stm32f4xx_hal_can.o
    0x08002ad2   0x08002ad2   0x00000002   Code   RO         5370    i.HAL_CAN_RxFifo0MsgPendingCallback  stm32f4xx_hal_can.o
    0x08002ad4   0x08002ad4   0x00000002   Code   RO         5371    i.HAL_CAN_RxFifo1FullCallback  stm32f4xx_hal_can.o
    0x08002ad6   0x08002ad6   0x00000002   Code   RO         5372    i.HAL_CAN_RxFifo1MsgPendingCallback  stm32f4xx_hal_can.o
    0x08002ad8   0x08002ad8   0x00000002   Code   RO         5373    i.HAL_CAN_SleepCallback  stm32f4xx_hal_can.o
    0x08002ada   0x08002ada   0x00000002   PAD
    0x08002adc   0x08002adc   0x00000058   Code   RO         5374    i.HAL_CAN_Start     stm32f4xx_hal_can.o
    0x08002b34   0x08002b34   0x00000002   Code   RO         5376    i.HAL_CAN_TxMailbox0AbortCallback  stm32f4xx_hal_can.o
    0x08002b36   0x08002b36   0x00000002   Code   RO         5377    i.HAL_CAN_TxMailbox0CompleteCallback  stm32f4xx_hal_can.o
    0x08002b38   0x08002b38   0x00000002   Code   RO         5378    i.HAL_CAN_TxMailbox1AbortCallback  stm32f4xx_hal_can.o
    0x08002b3a   0x08002b3a   0x00000002   Code   RO         5379    i.HAL_CAN_TxMailbox1CompleteCallback  stm32f4xx_hal_can.o
    0x08002b3c   0x08002b3c   0x00000002   Code   RO         5380    i.HAL_CAN_TxMailbox2AbortCallback  stm32f4xx_hal_can.o
    0x08002b3e   0x08002b3e   0x00000002   Code   RO         5381    i.HAL_CAN_TxMailbox2CompleteCallback  stm32f4xx_hal_can.o
    0x08002b40   0x08002b40   0x00000002   Code   RO         5383    i.HAL_CAN_WakeUpFromRxMsgCallback  stm32f4xx_hal_can.o
    0x08002b42   0x08002b42   0x00000092   Code   RO         4648    i.HAL_DMA_Abort     stm32f4xx_hal_dma.o
    0x08002bd4   0x08002bd4   0x00000024   Code   RO         4649    i.HAL_DMA_Abort_IT  stm32f4xx_hal_dma.o
    0x08002bf8   0x08002bf8   0x000001a0   Code   RO         4653    i.HAL_DMA_IRQHandler  stm32f4xx_hal_dma.o
    0x08002d98   0x08002d98   0x000000d4   Code   RO         4654    i.HAL_DMA_Init      stm32f4xx_hal_dma.o
    0x08002e6c   0x08002e6c   0x00000046   Code   RO         4657    i.HAL_DMA_Start     stm32f4xx_hal_dma.o
    0x08002eb2   0x08002eb2   0x00000002   PAD
    0x08002eb4   0x08002eb4   0x00000024   Code   RO         5085    i.HAL_Delay         stm32f4xx_hal.o
    0x08002ed8   0x08002ed8   0x00000234   Code   RO         4541    i.HAL_GPIO_Init     stm32f4xx_hal_gpio.o
    0x0800310c   0x0800310c   0x0000000a   Code   RO         4545    i.HAL_GPIO_WritePin  stm32f4xx_hal_gpio.o
    0x08003116   0x08003116   0x00000002   PAD
    0x08003118   0x08003118   0x0000000c   Code   RO         5093    i.HAL_GetTick       stm32f4xx_hal.o
    0x08003124   0x08003124   0x00000010   Code   RO         5099    i.HAL_IncTick       stm32f4xx_hal.o
    0x08003134   0x08003134   0x00000034   Code   RO         5100    i.HAL_Init          stm32f4xx_hal.o
    0x08003168   0x08003168   0x00000098   Code   RO          874    i.HAL_InitTick      stm32f4xx_hal_timebase_tim.o
    0x08003200   0x08003200   0x00000038   Code   RO          850    i.HAL_MspInit       stm32f4xx_hal_msp.o
    0x08003238   0x08003238   0x0000001a   Code   RO         4948    i.HAL_NVIC_EnableIRQ  stm32f4xx_hal_cortex.o
    0x08003252   0x08003252   0x00000002   PAD
    0x08003254   0x08003254   0x00000040   Code   RO         4954    i.HAL_NVIC_SetPriority  stm32f4xx_hal_cortex.o
    0x08003294   0x08003294   0x00000024   Code   RO         4955    i.HAL_NVIC_SetPriorityGrouping  stm32f4xx_hal_cortex.o
    0x080032b8   0x080032b8   0x00000134   Code   RO         4135    i.HAL_RCC_ClockConfig  stm32f4xx_hal_rcc.o
    0x080033ec   0x080033ec   0x00000040   Code   RO         4139    i.HAL_RCC_GetClockConfig  stm32f4xx_hal_rcc.o
    0x0800342c   0x0800342c   0x00000020   Code   RO         4142    i.HAL_RCC_GetPCLK1Freq  stm32f4xx_hal_rcc.o
    0x0800344c   0x0800344c   0x00000020   Code   RO         4143    i.HAL_RCC_GetPCLK2Freq  stm32f4xx_hal_rcc.o
    0x0800346c   0x0800346c   0x00000064   Code   RO         4144    i.HAL_RCC_GetSysClockFreq  stm32f4xx_hal_rcc.o
    0x080034d0   0x080034d0   0x0000036c   Code   RO         4147    i.HAL_RCC_OscConfig  stm32f4xx_hal_rcc.o
    0x0800383c   0x0800383c   0x000000bc   Code   RO         5593    i.HAL_SPI_Init      stm32f4xx_hal_spi.o
    0x080038f8   0x080038f8   0x0000006c   Code   RO          511    i.HAL_SPI_MspInit   spi.o
    0x08003964   0x08003964   0x000001e2   Code   RO         5602    i.HAL_SPI_TransmitReceive  stm32f4xx_hal_spi.o
    0x08003b46   0x08003b46   0x00000002   Code   RO         6610    i.HAL_TIMEx_BreakCallback  stm32f4xx_hal_tim_ex.o
    0x08003b48   0x08003b48   0x00000002   Code   RO         6611    i.HAL_TIMEx_CommutCallback  stm32f4xx_hal_tim_ex.o
    0x08003b4a   0x08003b4a   0x00000002   PAD
    0x08003b4c   0x08003b4c   0x00000090   Code   RO         6629    i.HAL_TIMEx_MasterConfigSynchronization  stm32f4xx_hal_tim_ex.o
    0x08003bdc   0x08003bdc   0x0000005a   Code   RO         5906    i.HAL_TIM_Base_Init  stm32f4xx_hal_tim.o
    0x08003c36   0x08003c36   0x00000002   PAD
    0x08003c38   0x08003c38   0x000000ac   Code   RO          553    i.HAL_TIM_Base_MspInit  tim.o
    0x08003ce4   0x08003ce4   0x00000080   Code   RO         5911    i.HAL_TIM_Base_Start_IT  stm32f4xx_hal_tim.o
    0x08003d64   0x08003d64   0x000000dc   Code   RO         5915    i.HAL_TIM_ConfigClockSource  stm32f4xx_hal_tim.o
    0x08003e40   0x08003e40   0x00000002   Code   RO         5940    i.HAL_TIM_IC_CaptureCallback  stm32f4xx_hal_tim.o
    0x08003e42   0x08003e42   0x00000166   Code   RO         5954    i.HAL_TIM_IRQHandler  stm32f4xx_hal_tim.o
    0x08003fa8   0x08003fa8   0x000000ac   Code   RO          554    i.HAL_TIM_MspPostInit  tim.o
    0x08004054   0x08004054   0x00000002   Code   RO         5957    i.HAL_TIM_OC_DelayElapsedCallback  stm32f4xx_hal_tim.o
    0x08004056   0x08004056   0x000000cc   Code   RO         5978    i.HAL_TIM_PWM_ConfigChannel  stm32f4xx_hal_tim.o
    0x08004122   0x08004122   0x0000005a   Code   RO         5981    i.HAL_TIM_PWM_Init  stm32f4xx_hal_tim.o
    0x0800417c   0x0800417c   0x00000002   Code   RO         5983    i.HAL_TIM_PWM_MspInit  stm32f4xx_hal_tim.o
    0x0800417e   0x0800417e   0x00000002   Code   RO         5984    i.HAL_TIM_PWM_PulseFinishedCallback  stm32f4xx_hal_tim.o
    0x08004180   0x08004180   0x000000c8   Code   RO         5986    i.HAL_TIM_PWM_Start  stm32f4xx_hal_tim.o
    0x08004248   0x08004248   0x00000014   Code   RO           14    i.HAL_TIM_PeriodElapsedCallback  main.o
    0x0800425c   0x0800425c   0x00000002   Code   RO         5997    i.HAL_TIM_TriggerCallback  stm32f4xx_hal_tim.o
    0x0800425e   0x0800425e   0x00000002   Code   RO         6888    i.HAL_UARTEx_RxEventCallback  stm32f4xx_hal_uart.o
    0x08004260   0x08004260   0x00000002   Code   RO         6902    i.HAL_UART_ErrorCallback  stm32f4xx_hal_uart.o
    0x08004262   0x08004262   0x00000002   PAD
    0x08004264   0x08004264   0x00000268   Code   RO         6905    i.HAL_UART_IRQHandler  stm32f4xx_hal_uart.o
    0x080044cc   0x080044cc   0x00000062   Code   RO         6906    i.HAL_UART_Init     stm32f4xx_hal_uart.o
    0x0800452e   0x0800452e   0x00000002   PAD
    0x08004530   0x08004530   0x00000288   Code   RO          625    i.HAL_UART_MspInit  usart.o
    0x080047b8   0x080047b8   0x00000002   Code   RO         6912    i.HAL_UART_RxCpltCallback  stm32f4xx_hal_uart.o
    0x080047ba   0x080047ba   0x00000002   PAD
    0x080047bc   0x080047bc   0x000000b2   Code   RO         6914    i.HAL_UART_Transmit  stm32f4xx_hal_uart.o
    0x0800486e   0x0800486e   0x00000002   Code   RO         6917    i.HAL_UART_TxCpltCallback  stm32f4xx_hal_uart.o
    0x08004870   0x08004870   0x00000002   Code   RO          702    i.HardFault_Handler  stm32f4xx_it.o
    0x08004872   0x08004872   0x00000002   PAD
    0x08004874   0x08004874   0x000000dc   Code   RO         2561    i.IMU_Cali_Slove    dji_imu.o
    0x08004950   0x08004950   0x00000020   Code   RO         1476    i.IMU_GetData_Compensate  imu_compensate.o
    0x08004970   0x08004970   0x00000034   Code   RO         3656    i.IMU_Receive_Run   task_imumsg.o
    0x080049a4   0x080049a4   0x00000170   Code   RO         2562    i.IMU_data_read_over  dji_imu.o
    0x08004b14   0x08004b14   0x00000080   Code   RO         1477    i.IMU_temp_Control  imu_compensate.o
    0x08004b94   0x08004b94   0x00000054   Code   RO         2806    i.JudgeSystem_Handler  rm_judgesystem.o
    0x08004be8   0x08004be8   0x00000050   Code   RO         2807    i.JudgeSystem_USART_Receive_DMA  rm_judgesystem.o
    0x08004c38   0x08004c38   0x00000350   Code   RO         2808    i.Judge_GetMessage  rm_judgesystem.o
    0x08004f88   0x08004f88   0x00000030   Code   RO         2012    i.KalmanCreate      kalman_filter.o
    0x08004fb8   0x08004fb8   0x00000120   Code   RO         2816    i.LEDGreen_Mean     rm_judgesystem.o
    0x080050d8   0x080050d8   0x00000124   Code   RO         2819    i.LEDOrange_Mean    rm_judgesystem.o
    0x080051fc   0x080051fc   0x00000108   Code   RO         2821    i.LEDOrange_MeanUpdate  rm_judgesystem.o
    0x08005304   0x08005304   0x00000120   Code   RO         2822    i.LEDPink_Mean      rm_judgesystem.o
    0x08005424   0x08005424   0x000000f8   Code   RO         2824    i.LEDPink_MeanUpdate  rm_judgesystem.o
    0x0800551c   0x0800551c   0x00000124   Code   RO         2825    i.LEDPurple_Mean    rm_judgesystem.o
    0x08005640   0x08005640   0x0000011c   Code   RO         2830    i.LEDYellow_Mean    rm_judgesystem.o
    0x0800575c   0x0800575c   0x00000108   Code   RO         2832    i.LEDYellow_MeanUpdate  rm_judgesystem.o
    0x08005864   0x08005864   0x000000ac   Code   RO         1153    i.Limit             power_control.o
    0x08005910   0x08005910   0x0000004c   Code   RO         1154    i.Limit_Calc        power_control.o
    0x0800595c   0x0800595c   0x0000003c   Code   RO         2482    i.M3508_getInfo     m3508_motor.o
    0x08005998   0x08005998   0x000000d4   Code   RO         2516    i.M6020_getInfo     m6020_motor.o
    0x08005a6c   0x08005a6c   0x00000068   Code   RO          397    i.MX_ADC1_Init      adc.o
    0x08005ad4   0x08005ad4   0x00000044   Code   RO          439    i.MX_CAN1_Init      can.o
    0x08005b18   0x08005b18   0x00000044   Code   RO          440    i.MX_CAN2_Init      can.o
    0x08005b5c   0x08005b5c   0x0000006c   Code   RO          486    i.MX_DMA_Init       dma.o
    0x08005bc8   0x08005bc8   0x000000c4   Code   RO          260    i.MX_FREERTOS_Init  freertos.o
    0x08005c8c   0x08005c8c   0x000000ac   Code   RO          235    i.MX_GPIO_Init      gpio.o
    0x08005d38   0x08005d38   0x00000048   Code   RO          512    i.MX_SPI5_Init      spi.o
    0x08005d80   0x08005d80   0x00000088   Code   RO          555    i.MX_TIM12_Init     tim.o
    0x08005e08   0x08005e08   0x00000068   Code   RO          556    i.MX_TIM2_Init      tim.o
    0x08005e70   0x08005e70   0x00000098   Code   RO          557    i.MX_TIM3_Init      tim.o
    0x08005f08   0x08005f08   0x00000068   Code   RO          558    i.MX_TIM4_Init      tim.o
    0x08005f70   0x08005f70   0x000000c4   Code   RO          559    i.MX_TIM5_Init      tim.o
    0x08006034   0x08006034   0x00000038   Code   RO          626    i.MX_UART7_Init     usart.o
    0x0800606c   0x0800606c   0x0000003c   Code   RO          627    i.MX_USART1_UART_Init  usart.o
    0x080060a8   0x080060a8   0x00000038   Code   RO          628    i.MX_USART3_UART_Init  usart.o
    0x080060e0   0x080060e0   0x00000038   Code   RO          629    i.MX_USART6_UART_Init  usart.o
    0x08006118   0x08006118   0x00000002   Code   RO          703    i.MemManage_Handler  stm32f4xx_it.o
    0x0800611a   0x0800611a   0x0000001e   Code   RO          922    i.MinOffset         chassis_control.o
    0x08006138   0x08006138   0x00000058   Code   RO         2092    i.Motor_0x1FF_SendData  monitor_rm_can.o
    0x08006190   0x08006190   0x00000054   Code   RO         2094    i.Motor_0x200_SendData  monitor_rm_can.o
    0x080061e4   0x080061e4   0x00000002   Code   RO          704    i.NMI_Handler       stm32f4xx_it.o
    0x080061e6   0x080061e6   0x00000002   PAD
    0x080061e8   0x080061e8   0x00000010   Code   RO         1565    i.Offline_Check     devicescheck.o
    0x080061f8   0x080061f8   0x000000cc   Code   RO          923    i.Omnidirectional_Formula  chassis_control.o
    0x080062c4   0x080062c4   0x00000004   Code   RO         2834    i.Orange_ShowOn     rm_judgesystem.o
    0x080062c8   0x080062c8   0x00000004   Code   RO         2836    i.Pink_ShowOn       rm_judgesystem.o
    0x080062cc   0x080062cc   0x00000048   Code   RO         3559    i.PowerMeter_Update  dev_power_meter.o
    0x08006314   0x08006314   0x0000001c   Code   RO         1478    i.Preserve_temp     imu_compensate.o
    0x08006330   0x08006330   0x00000004   Code   RO         2838    i.Purple_ShowOn     rm_judgesystem.o
    0x08006334   0x08006334   0x00000016   Code   RO         3814    i.RMClientUI_Send   task_rmclientui.o
    0x0800634a   0x0800634a   0x00000002   PAD
    0x0800634c   0x0800634c   0x00000100   Code   RO          924    i.RUDTargetAngle_Calc  chassis_control.o
    0x0800644c   0x0800644c   0x00000088   Code   RO          925    i.RUDTotalAngle_Calc  chassis_control.o
    0x080064d4   0x080064d4   0x0000006c   Code   RO         2326    i.RemoteControl_Output  dr16_remote.o
    0x08006540   0x08006540   0x0000000e   Code   RO         1360    i.RemoteControl_Update  status_update.o
    0x0800654e   0x0800654e   0x00000002   PAD
    0x08006550   0x08006550   0x00000014   Code   RO         1361    i.RemoteMode_Update  status_update.o
    0x08006564   0x08006564   0x00000054   Code   RO         2095    i.Robomaster_0x088_Can1_SendData  monitor_rm_can.o
    0x080065b8   0x080065b8   0x00000024   Code   RO         2096    i.Robomaster_SupCap_Can1_SendData  monitor_rm_can.o
    0x080065dc   0x080065dc   0x0000001a   Code   RO         3694    i.RobotControl      task_robotcontrol.o
    0x080065f6   0x080065f6   0x00000002   PAD
    0x080065f8   0x080065f8   0x00000010   Code   RO         1416    i.Robot_Disable     robot_control.o
    0x08006608   0x08006608   0x00000024   Code   RO          926    i.Robot_Init        chassis_control.o
    0x0800662c   0x0800662c   0x00000070   Code   RO         1417    i.Robot_control     robot_control.o
    0x0800669c   0x0800669c   0x00000058   Code   RO         5631    i.SPI_EndRxTxTransaction  stm32f4xx_hal_spi.o
    0x080066f4   0x080066f4   0x000000b8   Code   RO         5636    i.SPI_WaitFlagStateUntilTimeout  stm32f4xx_hal_spi.o
    0x080067ac   0x080067ac   0x0000003c   Code   RO          927    i.Set_MaxSpeed      chassis_control.o
    0x080067e8   0x080067e8   0x00000024   Code   RO          928    i.Set_RudMaxOut     chassis_control.o
    0x0800680c   0x0800680c   0x0000041c   Code   RO          929    i.Ship_ChassisWorkMode_Follow  chassis_control.o
    0x08006c28   0x08006c28   0x000006d4   Code   RO          930    i.Ship_calc         chassis_control.o
    0x080072fc   0x080072fc   0x000000f8   Code   RO         2865    i.ShootLv_Init      rm_judgesystem.o
    0x080073f4   0x080073f4   0x000000f8   Code   RO         2866    i.ShootLv_Updata    rm_judgesystem.o
    0x080074ec   0x080074ec   0x0000000e   Code   RO         2867    i.ShootLv_show      rm_judgesystem.o
    0x080074fa   0x080074fa   0x0000000e   Code   RO         2868    i.Show_CrossHair    rm_judgesystem.o
    0x08007508   0x08007508   0x00000108   Code   RO         2869    i.Show_ShootLevel   rm_judgesystem.o
    0x08007610   0x08007610   0x0000028c   Code   RO         2870    i.Standard_CrossHair  rm_judgesystem.o
    0x0800789c   0x0800789c   0x0000000c   Code   RO         3453    i.SupCap_ChargeControl  dev_supcap.o
    0x080078a8   0x080078a8   0x00000014   Code   RO         3455    i.SupCap_Control    dev_supcap.o
    0x080078bc   0x080078bc   0x00000010   Code   RO         3458    i.SupCap_Is_Output  dev_supcap.o
    0x080078cc   0x080078cc   0x00000010   Code   RO         3459    i.SupCap_Main_Switch  dev_supcap.o
    0x080078dc   0x080078dc   0x0000013c   Code   RO         3460    i.SupCap_Process    dev_supcap.o
    0x08007a18   0x08007a18   0x00000018   Code   RO         3461    i.SupCap_Send_Msg   dev_supcap.o
    0x08007a30   0x08007a30   0x00000030   Code   RO         3463    i.SupCap_Update     dev_supcap.o
    0x08007a60   0x08007a60   0x0000002c   Code   RO         8490    i.SysTick_Handler   port.o
    0x08007a8c   0x08007a8c   0x00000084   Code   RO           15    i.SystemClock_Config  main.o
    0x08007b10   0x08007b10   0x0000001c   Code   RO         7235    i.SystemInit        system_stm32f4xx.o
    0x08007b2c   0x08007b2c   0x0000000c   Code   RO          705    i.TIM2_IRQHandler   stm32f4xx_it.o
    0x08007b38   0x08007b38   0x0000000c   Code   RO          706    i.TIM4_IRQHandler   stm32f4xx_it.o
    0x08007b44   0x08007b44   0x0000000c   Code   RO          707    i.TIM6_DAC_IRQHandler  stm32f4xx_it.o
    0x08007b50   0x08007b50   0x000000c8   Code   RO         5999    i.TIM_Base_SetConfig  stm32f4xx_hal_tim.o
    0x08007c18   0x08007c18   0x0000001a   Code   RO         6000    i.TIM_CCxChannelCmd  stm32f4xx_hal_tim.o
    0x08007c32   0x08007c32   0x00000014   Code   RO         6010    i.TIM_ETR_SetConfig  stm32f4xx_hal_tim.o
    0x08007c46   0x08007c46   0x00000010   Code   RO         6011    i.TIM_ITRx_SetConfig  stm32f4xx_hal_tim.o
    0x08007c56   0x08007c56   0x00000002   PAD
    0x08007c58   0x08007c58   0x00000060   Code   RO         6012    i.TIM_OC1_SetConfig  stm32f4xx_hal_tim.o
    0x08007cb8   0x08007cb8   0x0000006c   Code   RO         6013    i.TIM_OC2_SetConfig  stm32f4xx_hal_tim.o
    0x08007d24   0x08007d24   0x00000068   Code   RO         6014    i.TIM_OC3_SetConfig  stm32f4xx_hal_tim.o
    0x08007d8c   0x08007d8c   0x00000050   Code   RO         6015    i.TIM_OC4_SetConfig  stm32f4xx_hal_tim.o
    0x08007ddc   0x08007ddc   0x00000022   Code   RO         6017    i.TIM_TI1_ConfigInputStage  stm32f4xx_hal_tim.o
    0x08007dfe   0x08007dfe   0x00000024   Code   RO         6019    i.TIM_TI2_ConfigInputStage  stm32f4xx_hal_tim.o
    0x08007e22   0x08007e22   0x00000002   PAD
    0x08007e24   0x08007e24   0x00000034   Code   RO          708    i.UART7_IRQHandler  stm32f4xx_it.o
    0x08007e58   0x08007e58   0x00000010   Code   RO         6919    i.UART_DMAAbortOnError  stm32f4xx_hal_uart.o
    0x08007e68   0x08007e68   0x0000004e   Code   RO         6929    i.UART_EndRxTransfer  stm32f4xx_hal_uart.o
    0x08007eb6   0x08007eb6   0x000000c0   Code   RO         6931    i.UART_Receive_IT   stm32f4xx_hal_uart.o
    0x08007f76   0x08007f76   0x00000002   PAD
    0x08007f78   0x08007f78   0x0000010c   Code   RO         6932    i.UART_SetConfig    stm32f4xx_hal_uart.o
    0x08008084   0x08008084   0x00000078   Code   RO         6935    i.UART_WaitOnFlagUntilTimeout  stm32f4xx_hal_uart.o
    0x080080fc   0x080080fc   0x00000018   Code   RO          709    i.USART1_IRQHandler  stm32f4xx_it.o
    0x08008114   0x08008114   0x00000034   Code   RO          710    i.USART3_IRQHandler  stm32f4xx_it.o
    0x08008148   0x08008148   0x000000e4   Code   RO         2687    i.Updata_Hand_Euler_Gyro_Data  dev_cimu.o
    0x0800822c   0x0800822c   0x000002b0   Code   RO         1479    i.Update_IMU_Data   imu_compensate.o
    0x080084dc   0x080084dc   0x00000002   Code   RO          711    i.UsageFault_Handler  stm32f4xx_it.o
    0x080084de   0x080084de   0x00000002   PAD
    0x080084e0   0x080084e0   0x00000044   Code   RO         1711    i.UserDefined_UI    rmclient_ui.o
    0x08008524   0x08008524   0x0000003c   Code   RO         2876    i.Verify_CRC16_Check_Sum  rm_judgesystem.o
    0x08008560   0x08008560   0x000000e4   Code   RO         1208    i.Vision_DataReceive  control_vision.o
    0x08008644   0x08008644   0x00000038   Code   RO         1209    i.Vision_Handler    control_vision.o
    0x0800867c   0x0800867c   0x0000004c   Code   RO         1212    i.Vision_Init       control_vision.o
    0x080086c8   0x080086c8   0x0000004c   Code   RO         1213    i.Vision_USART_Receive_DMA  control_vision.o
    0x08008714   0x08008714   0x00000060   Code   RO         1216    i.Vision_processing  control_vision.o
    0x08008774   0x08008774   0x000004c8   Code   RO          932    i.Wheel_calc        chassis_control.o
    0x08008c3c   0x08008c3c   0x0000009c   Code   RO         2517    i.Yaw_GetInfo       m6020_motor.o
    0x08008cd8   0x08008cd8   0x00000004   Code   RO         2881    i.Yellow_ShowOn     rm_judgesystem.o
    0x08008cdc   0x08008cdc   0x00000028   Code   RO         9008    i.__0sprintf$1      mc_w.l(printf1.o)
    0x08008d04   0x08008d04   0x00000030   Code   RO         9250    i.__ARM_fpclassify  m_wm.l(fpclassify.o)
    0x08008d34   0x08008d34   0x00000026   Code   RO         9252    i.__ARM_fpclassifyf  m_wm.l(fpclassifyf.o)
    0x08008d5a   0x08008d5a   0x00000020   Code   RO         4961    i.__NVIC_SetPriority  stm32f4xx_hal_cortex.o
    0x08008d7a   0x08008d7a   0x00000002   PAD
    0x08008d7c   0x08008d7c   0x0000012c   Code   RO         8856    i.__hardfp_asinf    m_wm.l(asinf.o)
    0x08008ea8   0x08008ea8   0x000002d8   Code   RO         8868    i.__hardfp_atan     m_wm.l(atan.o)
    0x08009180   0x08009180   0x00000200   Code   RO         8882    i.__hardfp_atan2    m_wm.l(atan2.o)
    0x08009380   0x08009380   0x000002ac   Code   RO         8894    i.__hardfp_atan2f   m_wm.l(atan2f.o)
    0x0800962c   0x0800962c   0x00000004   PAD
    0x08009630   0x08009630   0x00000c50   Code   RO         8906    i.__hardfp_pow      m_wm.l(pow.o)
    0x0800a280   0x0800a280   0x0000007a   Code   RO         8920    i.__hardfp_sqrt     m_wm.l(sqrt.o)
    0x0800a2fa   0x0800a2fa   0x000000f8   Code   RO         9268    i.__kernel_poly     m_wm.l(poly.o)
    0x0800a3f2   0x0800a3f2   0x00000006   PAD
    0x0800a3f8   0x0800a3f8   0x00000030   Code   RO         9230    i.__mathlib_dbl_divzero  m_wm.l(dunder.o)
    0x0800a428   0x0800a428   0x00000014   Code   RO         9231    i.__mathlib_dbl_infnan  m_wm.l(dunder.o)
    0x0800a43c   0x0800a43c   0x00000014   Code   RO         9232    i.__mathlib_dbl_infnan2  m_wm.l(dunder.o)
    0x0800a450   0x0800a450   0x00000020   Code   RO         9233    i.__mathlib_dbl_invalid  m_wm.l(dunder.o)
    0x0800a470   0x0800a470   0x00000020   Code   RO         9234    i.__mathlib_dbl_overflow  m_wm.l(dunder.o)
    0x0800a490   0x0800a490   0x00000020   Code   RO         9236    i.__mathlib_dbl_underflow  m_wm.l(dunder.o)
    0x0800a4b0   0x0800a4b0   0x00000006   Code   RO         9255    i.__mathlib_flt_infnan  m_wm.l(funder.o)
    0x0800a4b6   0x0800a4b6   0x00000006   Code   RO         9256    i.__mathlib_flt_infnan2  m_wm.l(funder.o)
    0x0800a4bc   0x0800a4bc   0x00000010   Code   RO         9257    i.__mathlib_flt_invalid  m_wm.l(funder.o)
    0x0800a4cc   0x0800a4cc   0x00000010   Code   RO         9260    i.__mathlib_flt_underflow  m_wm.l(funder.o)
    0x0800a4dc   0x0800a4dc   0x0000000e   Code   RO         9343    i.__scatterload_copy  mc_w.l(handlers.o)
    0x0800a4ea   0x0800a4ea   0x00000002   Code   RO         9344    i.__scatterload_null  mc_w.l(handlers.o)
    0x0800a4ec   0x0800a4ec   0x0000000e   Code   RO         9345    i.__scatterload_zeroinit  mc_w.l(handlers.o)
    0x0800a4fa   0x0800a4fa   0x00000002   PAD
    0x0800a4fc   0x0800a4fc   0x0000000c   Code   RO         9313    i.__set_errno       mc_w.l(errno.o)
    0x0800a508   0x0800a508   0x00000154   Code   RO         9013    i._printf_core      mc_w.l(printf1.o)
    0x0800a65c   0x0800a65c   0x0000000a   Code   RO         9015    i._sputc            mc_w.l(printf1.o)
    0x0800a666   0x0800a666   0x0000002a   Code   RO         1769    i.abs_limit         pid.o
    0x0800a690   0x0800a690   0x000001d0   Code   RO         8569    i.accel_comple_filter  AHRS.lib(ahrs.o)
    0x0800a860   0x0800a860   0x0000018c   Code   RO         8570    i.accel_update_kp_ki  AHRS.lib(ahrs.o)
    0x0800a9ec   0x0800a9ec   0x0000016c   Code   RO         8571    i.angle_to_quat     AHRS.lib(ahrs.o)
    0x0800ab58   0x0800ab58   0x00000010   Code   RO         8870    i.atan              m_wm.l(atan.o)
    0x0800ab68   0x0800ab68   0x00000048   Code   RO         2327    i.dbus_uart_init    dr16_remote.o
    0x0800abb0   0x0800abb0   0x00000020   Code   RO         2882    i.determine_ID      rm_judgesystem.o
    0x0800abd0   0x0800abd0   0x00000018   Code   RO         9246    i.fabs              m_wm.l(fabs.o)
    0x0800abe8   0x0800abe8   0x000000e8   Code   RO         8572    i.get_angle         AHRS.lib(ahrs.o)
    0x0800acd0   0x0800acd0   0x0000001c   Code   RO         2883    i.int_into_char     rm_judgesystem.o
    0x0800acec   0x0800acec   0x0000001c   Code   RO         2884    i.is_red_or_blue    rm_judgesystem.o
    0x0800ad08   0x0800ad08   0x00000100   Code   RO         2563    i.ist8310_init      dji_imu.o
    0x0800ae08   0x0800ae08   0x00000038   Code   RO         2564    i.ist_reg_read_by_mpu  dji_imu.o
    0x0800ae40   0x0800ae40   0x00000042   Code   RO         2565    i.ist_reg_write_by_mpu  dji_imu.o
    0x0800ae82   0x0800ae82   0x0000004e   Code   RO           16    i.main              main.o
    0x0800aed0   0x0800aed0   0x0000000c   Code   RO         8055    i.makeFreeRtosPriority  cmsis_os.o
    0x0800aedc   0x0800aedc   0x0000006c   Code   RO         2566    i.mpu_device_init   dji_imu.o
    0x0800af48   0x0800af48   0x00000074   Code   RO         2567    i.mpu_get_data      dji_imu.o
    0x0800afbc   0x0800afbc   0x0000008e   Code   RO         2568    i.mpu_master_i2c_auto_read_config  dji_imu.o
    0x0800b04a   0x0800b04a   0x00000002   PAD
    0x0800b04c   0x0800b04c   0x000000a8   Code   RO         2569    i.mpu_offset_call   dji_imu.o
    0x0800b0f4   0x0800b0f4   0x00000050   Code   RO         2570    i.mpu_read_byte     dji_imu.o
    0x0800b144   0x0800b144   0x0000005c   Code   RO         2571    i.mpu_read_bytes    dji_imu.o
    0x0800b1a0   0x0800b1a0   0x00000054   Code   RO         2572    i.mpu_write_byte    dji_imu.o
    0x0800b1f4   0x0800b1f4   0x0000000a   Code   RO         8060    i.osKernelStart     cmsis_os.o
    0x0800b1fe   0x0800b1fe   0x00000026   Code   RO         8069    i.osMessageCreate   cmsis_os.o
    0x0800b224   0x0800b224   0x00000054   Code   RO         8094    i.osThreadCreate    cmsis_os.o
    0x0800b278   0x0800b278   0x00000070   Code   RO         7731    i.prvAddCurrentTaskToDelayedList  tasks.o
    0x0800b2e8   0x0800b2e8   0x000000d0   Code   RO         7732    i.prvAddNewTaskToReadyList  tasks.o
    0x0800b3b8   0x0800b3b8   0x00000026   Code   RO         7413    i.prvCopyDataFromQueue  queue.o
    0x0800b3de   0x0800b3de   0x0000006c   Code   RO         7414    i.prvCopyDataToQueue  queue.o
    0x0800b44a   0x0800b44a   0x00000034   Code   RO         7733    i.prvDeleteTCB      tasks.o
    0x0800b47e   0x0800b47e   0x00000002   PAD
    0x0800b480   0x0800b480   0x0000004c   Code   RO         8422    i.prvHeapInit       heap_4.o
    0x0800b4cc   0x0800b4cc   0x00000060   Code   RO         7734    i.prvIdleTask       tasks.o
    0x0800b52c   0x0800b52c   0x00000016   Code   RO         7416    i.prvInitialiseNewQueue  queue.o
    0x0800b542   0x0800b542   0x00000098   Code   RO         7735    i.prvInitialiseNewTask  tasks.o
    0x0800b5da   0x0800b5da   0x00000002   PAD
    0x0800b5dc   0x0800b5dc   0x0000004c   Code   RO         8423    i.prvInsertBlockIntoFreeList  heap_4.o
    0x0800b628   0x0800b628   0x0000001c   Code   RO         7417    i.prvIsQueueEmpty   queue.o
    0x0800b644   0x0800b644   0x00000020   Code   RO         7736    i.prvResetNextTaskUnblockTime  tasks.o
    0x0800b664   0x0800b664   0x00000028   Code   RO         8491    i.prvTaskExitError  port.o
    0x0800b68c   0x0800b68c   0x0000006a   Code   RO         7418    i.prvUnlockQueue    queue.o
    0x0800b6f6   0x0800b6f6   0x00000002   PAD
    0x0800b6f8   0x0800b6f8   0x000000dc   Code   RO         8424    i.pvPortMalloc      heap_4.o
    0x0800b7d4   0x0800b7d4   0x0000002c   Code   RO         8492    i.pxPortInitialiseStack  port.o
    0x0800b800   0x0800b800   0x00000084   Code   RO         8577    i.quat_normalization  AHRS.lib(ahrs.o)
    0x0800b884   0x0800b884   0x000000a8   Code   RO         2329    i.rc_callback_handler  dr16_remote.o
    0x0800b92c   0x0800b92c   0x0000006e   Code   RO         8922    i.sqrt              m_wm.l(sqrt.o)
    0x0800b99a   0x0800b99a   0x0000003e   Code   RO         9276    i.sqrtf             m_wm.l(sqrtf.o)
    0x0800b9d8   0x0800b9d8   0x00000060   Code   RO         2330    i.uart_receive_handler  dr16_remote.o
    0x0800ba38   0x0800ba38   0x0000007a   Code   RO         8578    i.update_w          AHRS.lib(ahrs.o)
    0x0800bab2   0x0800bab2   0x00000026   Code   RO         7373    i.uxListRemove      list.o
    0x0800bad8   0x0800bad8   0x00000014   Code   RO          261    i.vApplicationGetIdleTaskMemory  freertos.o
    0x0800baec   0x0800baec   0x00000016   Code   RO         7374    i.vListInitialise   list.o
    0x0800bb02   0x0800bb02   0x00000006   Code   RO         7375    i.vListInitialiseItem  list.o
    0x0800bb08   0x0800bb08   0x00000030   Code   RO         7376    i.vListInsert       list.o
    0x0800bb38   0x0800bb38   0x00000018   Code   RO         7377    i.vListInsertEnd    list.o
    0x0800bb50   0x0800bb50   0x00000040   Code   RO         8494    i.vPortEnterCritical  port.o
    0x0800bb90   0x0800bb90   0x00000028   Code   RO         8495    i.vPortExitCritical  port.o
    0x0800bbb8   0x0800bbb8   0x00000064   Code   RO         8425    i.vPortFree         heap_4.o
    0x0800bc1c   0x0800bc1c   0x00000024   Code   RO         8496    i.vPortSetupTimerInterrupt  port.o
    0x0800bc40   0x0800bc40   0x00000054   Code   RO         8497    i.vPortValidateInterruptPriority  port.o
    0x0800bc94   0x0800bc94   0x0000008c   Code   RO         7746    i.vTaskDelayUntil   tasks.o
    0x0800bd20   0x0800bd20   0x000000ac   Code   RO         7747    i.vTaskDelete       tasks.o
    0x0800bdcc   0x0800bdcc   0x00000010   Code   RO         7749    i.vTaskInternalSetTimeOutState  tasks.o
    0x0800bddc   0x0800bddc   0x0000000c   Code   RO         7750    i.vTaskMissedYield  tasks.o
    0x0800bde8   0x0800bde8   0x00000030   Code   RO         7752    i.vTaskPlaceOnEventList  tasks.o
    0x0800be18   0x0800be18   0x0000006c   Code   RO         7759    i.vTaskStartScheduler  tasks.o
    0x0800be84   0x0800be84   0x00000010   Code   RO         7761    i.vTaskSuspendAll   tasks.o
    0x0800be94   0x0800be94   0x0000005c   Code   RO         7762    i.vTaskSwitchContext  tasks.o
    0x0800bef0   0x0800bef0   0x000000f4   Code   RO         8498    i.xPortStartScheduler  port.o
    0x0800bfe4   0x0800bfe4   0x00000042   Code   RO         7427    i.xQueueGenericCreate  queue.o
    0x0800c026   0x0800c026   0x00000066   Code   RO         7428    i.xQueueGenericCreateStatic  queue.o
    0x0800c08c   0x0800c08c   0x00000088   Code   RO         7429    i.xQueueGenericReset  queue.o
    0x0800c114   0x0800c114   0x000000be   Code   RO         7431    i.xQueueGenericSendFromISR  queue.o
    0x0800c1d2   0x0800c1d2   0x00000002   PAD
    0x0800c1d4   0x0800c1d4   0x00000138   Code   RO         7437    i.xQueueReceive     queue.o
    0x0800c30c   0x0800c30c   0x00000074   Code   RO         7764    i.xTaskCheckForTimeOut  tasks.o
    0x0800c380   0x0800c380   0x0000005a   Code   RO         7765    i.xTaskCreate       tasks.o
    0x0800c3da   0x0800c3da   0x00000056   Code   RO         7766    i.xTaskCreateStatic  tasks.o
    0x0800c430   0x0800c430   0x0000001c   Code   RO         7770    i.xTaskGetSchedulerState  tasks.o
    0x0800c44c   0x0800c44c   0x0000000c   Code   RO         7771    i.xTaskGetTickCount  tasks.o
    0x0800c458   0x0800c458   0x000000cc   Code   RO         7773    i.xTaskIncrementTick  tasks.o
    0x0800c524   0x0800c524   0x00000098   Code   RO         7776    i.xTaskPriorityDisinherit  tasks.o
    0x0800c5bc   0x0800c5bc   0x00000074   Code   RO         7778    i.xTaskRemoveFromEventList  tasks.o
    0x0800c630   0x0800c630   0x000000c4   Code   RO         7779    i.xTaskResumeAll    tasks.o
    0x0800c6f4   0x0800c6f4   0x000000e4   Data   RO          263    .constdata          freertos.o
    0x0800c7d8   0x0800c7d8   0x00000100   Data   RO         1922    .constdata          crc.o
    0x0800c8d8   0x0800c8d8   0x0000001c   Data   RO         2574    .constdata          dji_imu.o
    0x0800c8f4   0x0800c8f4   0x00000300   Data   RO         2890    .constdata          rm_judgesystem.o
    0x0800cbf4   0x0800cbf4   0x00000008   Data   RO         4660    .constdata          stm32f4xx_hal_dma.o
    0x0800cbfc   0x0800cbfc   0x00000010   Data   RO         7236    .constdata          system_stm32f4xx.o
    0x0800cc0c   0x0800cc0c   0x00000008   Data   RO         7237    .constdata          system_stm32f4xx.o
    0x0800cc14   0x0800cc14   0x0000000c   Data   RO         8579    .constdata          AHRS.lib(ahrs.o)
    0x0800cc20   0x0800cc20   0x00000098   Data   RO         8871    .constdata          m_wm.l(atan.o)
    0x0800ccb8   0x0800ccb8   0x00000088   Data   RO         8909    .constdata          m_wm.l(pow.o)
    0x0800cd40   0x0800cd40   0x00000008   Data   RO         9270    .constdata          m_wm.l(qnan.o)
    0x0800cd48   0x0800cd48   0x00000059   Data   RO          264    .conststring        freertos.o
    0x0800cda1   0x0800cda1   0x00000003   PAD
    0x0800cda4   0x0800cda4   0x00000804   Data   RO         8837    .rodata.sinTable_f32  arm_cortexM4lf_math.lib(arm_common_tables.o)
    0x0800d5a8   0x0800d5a8   0x00000020   Data   RO         9341    Region$$Table       anon$$obj.o


    Execution Region RW_IRAM2 (Exec base: 0x10000000, Load base: 0x0800d778, Size: 0x00000000, Max: 0x00010000, ABSOLUTE)

    **** No section assigned to this execution region ****


    Execution Region RW_IRAM1 (Exec base: 0x20000000, Load base: 0x0800d5c8, Size: 0x00006758, Max: 0x00030000, ABSOLUTE, COMPRESSED[0x000001b0])

    Exec Addr    Load Addr    Size         Type   Attr      Idx    E Section Name        Object

    0x20000000   COMPRESSED   0x00000024   Data   RW          265    .data               freertos.o
    0x20000024   COMPRESSED   0x00000004   Data   RW          442    .data               can.o
    0x20000028   COMPRESSED   0x00000138   Data   RW          937    .data               chassis_control.o
    0x20000160   COMPRESSED   0x0000003c   Data   RW          941    .data               chassis_control.o
    0x2000019c   COMPRESSED   0x0000003c   Data   RW          942    .data               chassis_control.o
    0x200001d8   COMPRESSED   0x0000003c   Data   RW          943    .data               chassis_control.o
    0x20000214   COMPRESSED   0x0000003c   Data   RW          944    .data               chassis_control.o
    0x20000250   COMPRESSED   0x00000040   Data   RW          945    .data               chassis_control.o
    0x20000290   COMPRESSED   0x00000040   Data   RW          946    .data               chassis_control.o
    0x200002d0   COMPRESSED   0x00000040   Data   RW          947    .data               chassis_control.o
    0x20000310   COMPRESSED   0x00000040   Data   RW          948    .data               chassis_control.o
    0x20000350   COMPRESSED   0x00000040   Data   RW          949    .data               chassis_control.o
    0x20000390   COMPRESSED   0x00000040   Data   RW          950    .data               chassis_control.o
    0x200003d0   COMPRESSED   0x00000040   Data   RW          951    .data               chassis_control.o
    0x20000410   COMPRESSED   0x00000040   Data   RW          952    .data               chassis_control.o
    0x20000450   COMPRESSED   0x00000014   Data   RW         1155    .data               power_control.o
    0x20000464   COMPRESSED   0x000000b8   Data   RW         1220    .data               control_vision.o
    0x2000051c   COMPRESSED   0x00000018   Data   RW         1221    .data               control_vision.o
    0x20000534   COMPRESSED   0x0000000c   Data   RW         1419    .data               robot_control.o
    0x20000540   COMPRESSED   0x00000048   Data   RW         1482    .data               imu_compensate.o
    0x20000588   COMPRESSED   0x00000008   Data   RW         1483    .data               imu_compensate.o
    0x20000590   COMPRESSED   0x00000004   Data   RW         1566    .data               devicescheck.o
    0x20000594   COMPRESSED   0x0000003c   Data   RW         1712    .data               rmclient_ui.o
    0x200005d0   COMPRESSED   0x00000020   Data   RW         2332    .data               dr16_remote.o
    0x200005f0   COMPRESSED   0x00000002   Data   RW         2333    .data               dr16_remote.o
    0x200005f2   COMPRESSED   0x00000002   PAD
    0x200005f4   COMPRESSED   0x00000014   Data   RW         2522    .data               m6020_motor.o
    0x20000608   COMPRESSED   0x00000010   Data   RW         2575    .data               dji_imu.o
    0x20000618   COMPRESSED   0x00000086   Data   RW         2576    .data               dji_imu.o
    0x2000069e   COMPRESSED   0x00000002   PAD
    0x200006a0   COMPRESSED   0x00000014   Data   RW         2689    .data               dev_cimu.o
    0x200006b4   COMPRESSED   0x00000010   Data   RW         2690    .data               dev_cimu.o
    0x200006c4   COMPRESSED   0x0000000c   Data   RW         2891    .data               rm_judgesystem.o
    0x200006d0   COMPRESSED   0x00000061   Data   RW         2892    .data               rm_judgesystem.o
    0x20000731   COMPRESSED   0x00000003   PAD
    0x20000734   COMPRESSED   0x0000000c   Data   RW         3465    .data               dev_supcap.o
    0x20000740   COMPRESSED   0x00000008   Data   RW         3561    .data               dev_power_meter.o
    0x20000748   COMPRESSED   0x0000000c   Data   RW         5107    .data               stm32f4xx_hal.o
    0x20000754   COMPRESSED   0x00000004   Data   RW         7238    .data               system_stm32f4xx.o
    0x20000758   COMPRESSED   0x0000003c   Data   RW         7782    .data               tasks.o
    0x20000794   COMPRESSED   0x00000020   Data   RW         8431    .data               heap_4.o
    0x200007b4   COMPRESSED   0x0000000c   Data   RW         8499    .data               port.o
    0x200007c0   COMPRESSED   0x00000010   Data   RW         8580    .data               AHRS.lib(ahrs.o)
    0x200007d0   COMPRESSED   0x00000004   Data   RW         9314    .data               mc_w.l(errno.o)
    0x200007d4        -       0x00000254   Zero   RW          262    .bss                freertos.o
    0x20000a28        -       0x00000048   Zero   RW          398    .bss                adc.o
    0x20000a70        -       0x00000050   Zero   RW          441    .bss                can.o
    0x20000ac0        -       0x00000058   Zero   RW          513    .bss                spi.o
    0x20000b18        -       0x00000168   Zero   RW          560    .bss                tim.o
    0x20000c80        -       0x00000290   Zero   RW          631    .bss                usart.o
    0x20000f10        -       0x00000048   Zero   RW          877    .bss                stm32f4xx_hal_timebase_tim.o
    0x20000f58        -       0x00000050   Zero   RW          935    .bss                chassis_control.o
    0x20000fa8        -       0x00000068   Zero   RW         1217    .bss                control_vision.o
    0x20001010        -       0x00000010   Zero   RW         1218    .bss                control_vision.o
    0x20001020        -       0x000000f4   Zero   RW         1480    .bss                imu_compensate.o
    0x20001114        -       0x00000018   Zero   RW         2097    .bss                monitor_rm_can.o
    0x2000112c        -       0x00000098   Zero   RW         2158    .bss                bsp_can.o
    0x200011c4        -       0x00000020   Zero   RW         2331    .bss                dr16_remote.o
    0x200011e4        -       0x000001e0   Zero   RW         2483    .bss                m3508_motor.o
    0x200013c4        -       0x000000a0   Zero   RW         2518    .bss                m6020_motor.o
    0x20001464        -       0x00000280   Zero   RW         2521    .bss                m6020_motor.o
    0x200016e4        -       0x00000048   Zero   RW         2573    .bss                dji_imu.o
    0x2000172c        -       0x0000002c   Zero   RW         2688    .bss                dev_cimu.o
    0x20001758        -       0x00000ee4   Zero   RW         2886    .bss                rm_judgesystem.o
    0x2000263c        -       0x00000020   Zero   RW         3464    .bss                dev_supcap.o
    0x2000265c        -       0x0000000c   Zero   RW         3560    .bss                dev_power_meter.o
    0x20002668        -       0x000000f0   Zero   RW         7781    .bss                tasks.o
    0x20002758        -       0x00003c00   Zero   RW         8430    .bss                heap_4.o
    0x20006358        -       0x00000400   Zero   RW            1    STACK               startup_stm32f427xx.o


==============================================================================

Image component sizes


      Code (inc. data)   RO Data    RW Data    ZI Data      Debug   Object Name

       144         26          0          0         72       1749   adc.o
       100         16          0          0          0       3964   ahrs_middleware.o
       212         16          0          0        152       3615   bsp_can.o
       388         40          0          4         80       2670   can.o
      4986        296          0       1064         80      30973   chassis_control.o
       144          0          0          0          0      23589   cmsis_os.o
       580         78          0        208        120       9301   control_vision.o
        32          4        256          0          0       1340   crc.o
       366         46          0         36         44       4537   dev_cimu.o
       116         24          0          8         12       1865   dev_power_meter.o
       496         74          0         12         32       6742   dev_supcap.o
        16          6          0          4          0       1052   devicescheck.o
      1760         96         28        150         72      11444   dji_imu.o
       108          4          0          0          0        986   dma.o
       560         54          0         34         32      21678   dr16_remote.o
         0          0          0          0          0      20000   event_groups.o
       416         64        317         36        596      10529   freertos.o
       172          8          0          0          0       1211   gpio.o
       472         24          0         32      15360       7623   heap_4.o
       876         74          0         80        244      22587   imu_compensate.o
        48          6          0          0          0       2903   kalman_filter.o
       138          0          0          0          0       3750   list.o
         0          0          0          0          0       1312   m2006_motor.o
        60          6          0          0        480       2157   m3508_motor.o
       368         18          0         20        800       3237   m6020_motor.o
       232         14          0          0          0     803052   main.o
       292         34          0          0         24       3489   monitor_rm_can.o
       308          0          0          0          0       3753   pid.o
       786         82          0         12          0      12125   port.o
       248         18          0         20          0       2715   power_control.o
      1108          8          0          0          0      15126   queue.o
      7094        804        768        109       3812      50086   rm_judgesystem.o
        68         10          0         60          0       2403   rmclient_ui.o
       152         26          0         12          0       2810   robot_control.o
       180         24          0          0         88       1869   spi.o
        36          8        428          0       1024        844   startup_stm32f427xx.o
        34          6          0          0          0       6903   status_update.o
       116         18          0         12          0       9086   stm32f4xx_hal.o
       736         34          0          0          0       3067   stm32f4xx_hal_adc.o
      1660          6          0          0          0      15247   stm32f4xx_hal_can.o
       158         14          0          0          0      33226   stm32f4xx_hal_cortex.o
      1044         16          8          0          0       7431   stm32f4xx_hal_dma.o
       574         54          0          0          0       2372   stm32f4xx_hal_gpio.o
        56          4          0          0          0       1018   stm32f4xx_hal_msp.o
      1412         86          0          0          0       6117   stm32f4xx_hal_rcc.o
       942         12          0          0          0       5105   stm32f4xx_hal_spi.o
      2020        136          0          0          0      17358   stm32f4xx_hal_tim.o
       148         28          0          0          0       2633   stm32f4xx_hal_tim_ex.o
       152         20          0          0         72       1643   stm32f4xx_hal_timebase_tim.o
      1574         16          0          0          0      10788   stm32f4xx_hal_uart.o
       312         84          0          0          0      15317   stm32f4xx_it.o
        28          6         24          4          0       1319   system_stm32f4xx.o
       292         12          0          0          0       1198   task_canmsg.o
        88         16          0          0          0       1220   task_check.o
        52         14          0          0          0       1106   task_imumsg.o
        22          0          0          0          0       1202   task_rmclientui.o
        26          0          0          0          0       1195   task_robotcontrol.o
      2256        168          0         60        240      27381   tasks.o
      1036         88          0          0        360       5746   tim.o
       876         90          0          0        656       4474   usart.o
        22          0          0          0          0        596   user_filter.o

    ----------------------------------------------------------------------
     38754       2936       1864       1984      24452    1281834   Object Totals
         0          0         32          0          0          0   (incl. Generated)
        56          0          3          7          0          0   (incl. Padding)

    ----------------------------------------------------------------------

      Code (inc. data)   RO Data    RW Data    ZI Data      Debug   Library Member Name

      2718         84         12         16          0       9922   ahrs.o
         0          0       2052          0          0       6294   arm_common_tables.o
       152         12          0          0          0       1104   arm_cos_f32.o
       144         12          0          0          0       1092   arm_sin_f32.o
       300         42          0          0          0        176   asinf.o
       744        106        152          0          0        352   atan.o
       512         64          0          0          0        208   atan2.o
       684         90          0          0          0        208   atan2f.o
       184         44          0          0          0        744   dunder.o
        24          0          0          0          0        124   fabs.o
        48          0          0          0          0        124   fpclassify.o
        38          0          0          0          0        116   fpclassifyf.o
        44         12          0          0          0        464   funder.o
       248          0          0          0          0        152   poly.o
      3152        296        136          0          0        352   pow.o
         0          0          8          0          0          0   qnan.o
       232          0          0          0          0        296   sqrt.o
        62          0          0          0          0        136   sqrtf.o
        86          0          0          0          0          0   __dczerorl2.o
         0          0          0          0          0          0   entry.o
         0          0          0          0          0          0   entry10a.o
         0          0          0          0          0          0   entry11a.o
         4          0          0          0          0          0   entry12b.o
         8          4          0          0          0          0   entry2.o
         4          0          0          0          0          0   entry5.o
         0          0          0          0          0          0   entry7b.o
         0          0          0          0          0          0   entry8b.o
         8          4          0          0          0          0   entry9a.o
        12          6          0          4          0         68   errno.o
        30          0          0          0          0          0   handlers.o
        36          8          0          0          0         68   init.o
         0          0          0          0          0          0   iusefp.o
        30          0          0          0          0         68   llshl.o
        36          0          0          0          0         68   llsshr.o
        32          0          0          0          0         68   llushr.o
        36          0          0          0          0         68   memcpya.o
        36          0          0          0          0        108   memseta.o
       390         10          0          0          0        252   printf1.o
        24          0          0          0          0         68   strcat.o
        18          0          0          0          0         68   strcpy.o
        44          0          0          0          0         80   uidiv.o
        98          0          0          0          0         92   uldiv.o
        48          0          0          0          0         68   cdcmple.o
        48          0          0          0          0         68   cdrcmple.o
        56          0          0          0          0         88   d2f.o
       334          0          0          0          0        148   dadd.o
       222          0          0          0          0        100   ddiv.o
       186          0          0          0          0        176   depilogue.o
        34          0          0          0          0         76   dflti.o
       228          0          0          0          0         96   dmul.o
        46          0          0          0          0         80   dscalb.o
       162          0          0          0          0        100   dsqrt.o
        38          0          0          0          0         68   f2d.o
       110          0          0          0          0        168   fepilogue.o

    ----------------------------------------------------------------------
     11750        798       2360         20          0      24176   Library Totals
        20          4          0          0          0          0   (incl. Padding)

    ----------------------------------------------------------------------

      Code (inc. data)   RO Data    RW Data    ZI Data      Debug   Library Name

      2718         84         12         16          0       9922   AHRS.lib
       296         24       2052          0          0       8490   arm_cortexM4lf_math.lib
      6272        654        296          0          0       3452   m_wm.l
       932         32          0          4          0       1076   mc_w.l
      1512          0          0          0          0       1236   mf_w.l

    ----------------------------------------------------------------------
     11750        798       2360         20          0      24176   Library Totals

    ----------------------------------------------------------------------

==============================================================================


      Code (inc. data)   RO Data    RW Data    ZI Data      Debug   

     50504       3734       4224       2004      24452    1271282   Grand Totals
     50504       3734       4224        432      24452    1271282   ELF Image Totals (compressed)
     50504       3734       4224        432          0          0   ROM Totals

==============================================================================

    Total RO  Size (Code + RO Data)                54728 (  53.45kB)
    Total RW  Size (RW Data + ZI Data)             26456 (  25.84kB)
    Total ROM Size (Code + RO Data + RW Data)      55160 (  53.87kB)

==============================================================================

